ARM GAS  C:\Users\Geo\AppData\Local\Temp\ccr28z4c.s 			page 1


   1              		.syntax unified
   2              		.cpu cortex-m3
   3              		.fpu softvfp
   4              		.eabi_attribute 20, 1
   5              		.eabi_attribute 21, 1
   6              		.eabi_attribute 23, 3
   7              		.eabi_attribute 24, 1
   8              		.eabi_attribute 25, 1
   9              		.eabi_attribute 26, 1
  10              		.eabi_attribute 30, 6
  11              		.eabi_attribute 18, 4
  12              		.thumb
  13              		.file	"CapSense_CompCH0_PM.c"
  14              		.section	.debug_abbrev,"",%progbits
  15              	.Ldebug_abbrev0:
  16              		.section	.debug_info,"",%progbits
  17              	.Ldebug_info0:
  18              		.section	.debug_line,"",%progbits
  19              	.Ldebug_line0:
  20 0000 D3000000 		.text
  20      02008200 
  20      00000201 
  20      FB0E0D00 
  20      01010101 
  21              	.Ltext0:
  22              		.cfi_sections	.debug_frame
  23              		.bss
  24              		.align	2
  25              	CapSense_CompCH0_backup:
  26 0000 0000     		.space	2
  27 0002 0000     		.section	.text.CapSense_CompCH0_SaveConfig,"ax",%progbits
  28              		.align	2
  29              		.global	CapSense_CompCH0_SaveConfig
  30              		.thumb
  31              		.thumb_func
  32              		.type	CapSense_CompCH0_SaveConfig, %function
  33              	CapSense_CompCH0_SaveConfig:
  34              	.LFB0:
  35              		.file 1 ".\\Generated_Source\\PSoC5\\CapSense_CompCH0_PM.c"
   1:.\Generated_Source\PSoC5/CapSense_CompCH0_PM.c **** /*******************************************************************************
   2:.\Generated_Source\PSoC5/CapSense_CompCH0_PM.c **** * File Name: CapSense_CompCH0_PM.c  
   3:.\Generated_Source\PSoC5/CapSense_CompCH0_PM.c **** * Version 1.70
   4:.\Generated_Source\PSoC5/CapSense_CompCH0_PM.c **** *
   5:.\Generated_Source\PSoC5/CapSense_CompCH0_PM.c **** *  Description:
   6:.\Generated_Source\PSoC5/CapSense_CompCH0_PM.c **** *     This file provides the power management source code APIs for the
   7:.\Generated_Source\PSoC5/CapSense_CompCH0_PM.c **** *     Comparator.  
   8:.\Generated_Source\PSoC5/CapSense_CompCH0_PM.c **** *
   9:.\Generated_Source\PSoC5/CapSense_CompCH0_PM.c **** *   Note:
  10:.\Generated_Source\PSoC5/CapSense_CompCH0_PM.c **** *     None
  11:.\Generated_Source\PSoC5/CapSense_CompCH0_PM.c **** *
  12:.\Generated_Source\PSoC5/CapSense_CompCH0_PM.c **** *******************************************************************************
  13:.\Generated_Source\PSoC5/CapSense_CompCH0_PM.c **** * Copyright 2008-2011, Cypress Semiconductor Corporation.  All rights reserved.
  14:.\Generated_Source\PSoC5/CapSense_CompCH0_PM.c **** * You may use this file only in accordance with the license, terms, conditions, 
  15:.\Generated_Source\PSoC5/CapSense_CompCH0_PM.c **** * disclaimers, and limitations in the end user license agreement accompanying 
  16:.\Generated_Source\PSoC5/CapSense_CompCH0_PM.c **** * the software package with which this file was provided.
  17:.\Generated_Source\PSoC5/CapSense_CompCH0_PM.c **** ********************************************************************************/
  18:.\Generated_Source\PSoC5/CapSense_CompCH0_PM.c **** 
ARM GAS  C:\Users\Geo\AppData\Local\Temp\ccr28z4c.s 			page 2


  19:.\Generated_Source\PSoC5/CapSense_CompCH0_PM.c **** 
  20:.\Generated_Source\PSoC5/CapSense_CompCH0_PM.c **** #include "CapSense_CompCH0.h"
  21:.\Generated_Source\PSoC5/CapSense_CompCH0_PM.c **** 
  22:.\Generated_Source\PSoC5/CapSense_CompCH0_PM.c **** static CapSense_CompCH0_backupStruct CapSense_CompCH0_backup;
  23:.\Generated_Source\PSoC5/CapSense_CompCH0_PM.c **** 
  24:.\Generated_Source\PSoC5/CapSense_CompCH0_PM.c **** 
  25:.\Generated_Source\PSoC5/CapSense_CompCH0_PM.c **** /*******************************************************************************
  26:.\Generated_Source\PSoC5/CapSense_CompCH0_PM.c **** * Function Name: CapSense_CompCH0_SaveConfig
  27:.\Generated_Source\PSoC5/CapSense_CompCH0_PM.c **** ********************************************************************************
  28:.\Generated_Source\PSoC5/CapSense_CompCH0_PM.c **** *
  29:.\Generated_Source\PSoC5/CapSense_CompCH0_PM.c **** * Summary:
  30:.\Generated_Source\PSoC5/CapSense_CompCH0_PM.c **** *     Save the current user configuration
  31:.\Generated_Source\PSoC5/CapSense_CompCH0_PM.c **** *
  32:.\Generated_Source\PSoC5/CapSense_CompCH0_PM.c **** * Parameters:  
  33:.\Generated_Source\PSoC5/CapSense_CompCH0_PM.c **** *  void:  
  34:.\Generated_Source\PSoC5/CapSense_CompCH0_PM.c **** *
  35:.\Generated_Source\PSoC5/CapSense_CompCH0_PM.c **** * Return: 
  36:.\Generated_Source\PSoC5/CapSense_CompCH0_PM.c **** *  void
  37:.\Generated_Source\PSoC5/CapSense_CompCH0_PM.c **** *
  38:.\Generated_Source\PSoC5/CapSense_CompCH0_PM.c **** * Reentrant:
  39:.\Generated_Source\PSoC5/CapSense_CompCH0_PM.c **** *  No
  40:.\Generated_Source\PSoC5/CapSense_CompCH0_PM.c **** *
  41:.\Generated_Source\PSoC5/CapSense_CompCH0_PM.c **** *******************************************************************************/
  42:.\Generated_Source\PSoC5/CapSense_CompCH0_PM.c **** void CapSense_CompCH0_SaveConfig(void)
  43:.\Generated_Source\PSoC5/CapSense_CompCH0_PM.c **** {
  36              		.loc 1 43 0
  37              		.cfi_startproc
  38              		@ args = 0, pretend = 0, frame = 0
  39              		@ frame_needed = 1, uses_anonymous_args = 0
  40              		@ link register save eliminated.
  41 0000 80B4     		push	{r7}
  42              	.LCFI0:
  43              		.cfi_def_cfa_offset 4
  44 0002 00AF     		add	r7, sp, #0
  45              		.cfi_offset 7, -4
  46              	.LCFI1:
  47              		.cfi_def_cfa_register 7
  44:.\Generated_Source\PSoC5/CapSense_CompCH0_PM.c ****     /* Empty since all are system reset for retention flops */
  45:.\Generated_Source\PSoC5/CapSense_CompCH0_PM.c **** }
  48              		.loc 1 45 0
  49 0004 BD46     		mov	sp, r7
  50 0006 80BC     		pop	{r7}
  51 0008 7047     		bx	lr
  52              		.cfi_endproc
  53              	.LFE0:
  54              		.size	CapSense_CompCH0_SaveConfig, .-CapSense_CompCH0_SaveConfig
  55 000a 00BF     		.section	.text.CapSense_CompCH0_RestoreConfig,"ax",%progbits
  56              		.align	2
  57              		.global	CapSense_CompCH0_RestoreConfig
  58              		.thumb
  59              		.thumb_func
  60              		.type	CapSense_CompCH0_RestoreConfig, %function
  61              	CapSense_CompCH0_RestoreConfig:
  62              	.LFB1:
  46:.\Generated_Source\PSoC5/CapSense_CompCH0_PM.c **** 
  47:.\Generated_Source\PSoC5/CapSense_CompCH0_PM.c **** 
  48:.\Generated_Source\PSoC5/CapSense_CompCH0_PM.c **** /*******************************************************************************
ARM GAS  C:\Users\Geo\AppData\Local\Temp\ccr28z4c.s 			page 3


  49:.\Generated_Source\PSoC5/CapSense_CompCH0_PM.c **** * Function Name: CapSense_CompCH0_RestoreConfig
  50:.\Generated_Source\PSoC5/CapSense_CompCH0_PM.c **** ********************************************************************************
  51:.\Generated_Source\PSoC5/CapSense_CompCH0_PM.c **** *
  52:.\Generated_Source\PSoC5/CapSense_CompCH0_PM.c **** * Summary:
  53:.\Generated_Source\PSoC5/CapSense_CompCH0_PM.c **** *  Restores the current user configuration.
  54:.\Generated_Source\PSoC5/CapSense_CompCH0_PM.c **** *
  55:.\Generated_Source\PSoC5/CapSense_CompCH0_PM.c **** * Parameters:  
  56:.\Generated_Source\PSoC5/CapSense_CompCH0_PM.c **** *  void
  57:.\Generated_Source\PSoC5/CapSense_CompCH0_PM.c **** *
  58:.\Generated_Source\PSoC5/CapSense_CompCH0_PM.c **** * Return: 
  59:.\Generated_Source\PSoC5/CapSense_CompCH0_PM.c **** *  void
  60:.\Generated_Source\PSoC5/CapSense_CompCH0_PM.c **** *
  61:.\Generated_Source\PSoC5/CapSense_CompCH0_PM.c **** * Reentrant:
  62:.\Generated_Source\PSoC5/CapSense_CompCH0_PM.c **** *  No
  63:.\Generated_Source\PSoC5/CapSense_CompCH0_PM.c **** *
  64:.\Generated_Source\PSoC5/CapSense_CompCH0_PM.c **** *******************************************************************************/
  65:.\Generated_Source\PSoC5/CapSense_CompCH0_PM.c **** void CapSense_CompCH0_RestoreConfig(void)
  66:.\Generated_Source\PSoC5/CapSense_CompCH0_PM.c **** {
  63              		.loc 1 66 0
  64              		.cfi_startproc
  65              		@ args = 0, pretend = 0, frame = 0
  66              		@ frame_needed = 1, uses_anonymous_args = 0
  67              		@ link register save eliminated.
  68 0000 80B4     		push	{r7}
  69              	.LCFI2:
  70              		.cfi_def_cfa_offset 4
  71 0002 00AF     		add	r7, sp, #0
  72              		.cfi_offset 7, -4
  73              	.LCFI3:
  74              		.cfi_def_cfa_register 7
  67:.\Generated_Source\PSoC5/CapSense_CompCH0_PM.c ****     /* Empty since all are system reset for retention flops */    
  68:.\Generated_Source\PSoC5/CapSense_CompCH0_PM.c **** }
  75              		.loc 1 68 0
  76 0004 BD46     		mov	sp, r7
  77 0006 80BC     		pop	{r7}
  78 0008 7047     		bx	lr
  79              		.cfi_endproc
  80              	.LFE1:
  81              		.size	CapSense_CompCH0_RestoreConfig, .-CapSense_CompCH0_RestoreConfig
  82 000a 00BF     		.section	.text.CapSense_CompCH0_Sleep,"ax",%progbits
  83              		.align	2
  84              		.global	CapSense_CompCH0_Sleep
  85              		.thumb
  86              		.thumb_func
  87              		.type	CapSense_CompCH0_Sleep, %function
  88              	CapSense_CompCH0_Sleep:
  89              	.LFB2:
  69:.\Generated_Source\PSoC5/CapSense_CompCH0_PM.c **** 
  70:.\Generated_Source\PSoC5/CapSense_CompCH0_PM.c **** 
  71:.\Generated_Source\PSoC5/CapSense_CompCH0_PM.c **** /*******************************************************************************
  72:.\Generated_Source\PSoC5/CapSense_CompCH0_PM.c **** * Function Name: CapSense_CompCH0_Sleep
  73:.\Generated_Source\PSoC5/CapSense_CompCH0_PM.c **** ********************************************************************************
  74:.\Generated_Source\PSoC5/CapSense_CompCH0_PM.c **** *
  75:.\Generated_Source\PSoC5/CapSense_CompCH0_PM.c **** * Summary:
  76:.\Generated_Source\PSoC5/CapSense_CompCH0_PM.c **** *     Stop and Save the user configuration
  77:.\Generated_Source\PSoC5/CapSense_CompCH0_PM.c **** *
  78:.\Generated_Source\PSoC5/CapSense_CompCH0_PM.c **** * Parameters:  
ARM GAS  C:\Users\Geo\AppData\Local\Temp\ccr28z4c.s 			page 4


  79:.\Generated_Source\PSoC5/CapSense_CompCH0_PM.c **** *  void:  
  80:.\Generated_Source\PSoC5/CapSense_CompCH0_PM.c **** *
  81:.\Generated_Source\PSoC5/CapSense_CompCH0_PM.c **** * Return: 
  82:.\Generated_Source\PSoC5/CapSense_CompCH0_PM.c **** *  void
  83:.\Generated_Source\PSoC5/CapSense_CompCH0_PM.c **** *
  84:.\Generated_Source\PSoC5/CapSense_CompCH0_PM.c **** * Global variables:
  85:.\Generated_Source\PSoC5/CapSense_CompCH0_PM.c **** *  CapSense_CompCH0_backup.enableState:  Is modified depending on the enable 
  86:.\Generated_Source\PSoC5/CapSense_CompCH0_PM.c **** *   state of the block before entering sleep mode.
  87:.\Generated_Source\PSoC5/CapSense_CompCH0_PM.c **** *
  88:.\Generated_Source\PSoC5/CapSense_CompCH0_PM.c **** * Reentrant:
  89:.\Generated_Source\PSoC5/CapSense_CompCH0_PM.c **** *  No
  90:.\Generated_Source\PSoC5/CapSense_CompCH0_PM.c **** *
  91:.\Generated_Source\PSoC5/CapSense_CompCH0_PM.c **** *******************************************************************************/
  92:.\Generated_Source\PSoC5/CapSense_CompCH0_PM.c **** void CapSense_CompCH0_Sleep(void)
  93:.\Generated_Source\PSoC5/CapSense_CompCH0_PM.c **** {
  90              		.loc 1 93 0
  91              		.cfi_startproc
  92              		@ args = 0, pretend = 0, frame = 0
  93              		@ frame_needed = 1, uses_anonymous_args = 0
  94 0000 80B5     		push	{r7, lr}
  95              	.LCFI4:
  96              		.cfi_def_cfa_offset 8
  97 0002 00AF     		add	r7, sp, #0
  98              		.cfi_offset 14, -4
  99              		.cfi_offset 7, -8
 100              	.LCFI5:
 101              		.cfi_def_cfa_register 7
  94:.\Generated_Source\PSoC5/CapSense_CompCH0_PM.c ****     /* Save Comp's enable state */    
  95:.\Generated_Source\PSoC5/CapSense_CompCH0_PM.c ****     if(CapSense_CompCH0_ACT_PWR_EN == (CapSense_CompCH0_PWRMGR & CapSense_CompCH0_ACT_PWR_EN))
 102              		.loc 1 95 0
 103 0004 44F2A733 		movw	r3, #:lower16:1073759143
 104 0008 C4F20003 		movt	r3, #:upper16:1073759143
 105 000c 1B78     		ldrb	r3, [r3, #0]
 106 000e DBB2     		uxtb	r3, r3
 107 0010 03F00103 		and	r3, r3, #1
 108 0014 DBB2     		uxtb	r3, r3
 109 0016 002B     		cmp	r3, #0
 110 0018 07D0     		beq	.L6
  96:.\Generated_Source\PSoC5/CapSense_CompCH0_PM.c ****     {
  97:.\Generated_Source\PSoC5/CapSense_CompCH0_PM.c ****         /* Comp is enabled */
  98:.\Generated_Source\PSoC5/CapSense_CompCH0_PM.c ****         CapSense_CompCH0_backup.enableState = 1u;
 111              		.loc 1 98 0
 112 001a 40F20003 		movw	r3, #:lower16:CapSense_CompCH0_backup
 113 001e C0F20003 		movt	r3, #:upper16:CapSense_CompCH0_backup
 114 0022 4FF00102 		mov	r2, #1
 115 0026 1A70     		strb	r2, [r3, #0]
 116 0028 06E0     		b	.L7
 117              	.L6:
  99:.\Generated_Source\PSoC5/CapSense_CompCH0_PM.c ****     }
 100:.\Generated_Source\PSoC5/CapSense_CompCH0_PM.c ****     else
 101:.\Generated_Source\PSoC5/CapSense_CompCH0_PM.c ****     {
 102:.\Generated_Source\PSoC5/CapSense_CompCH0_PM.c ****         /* Comp is disabled */
 103:.\Generated_Source\PSoC5/CapSense_CompCH0_PM.c ****         CapSense_CompCH0_backup.enableState = 0u;
 118              		.loc 1 103 0
 119 002a 40F20003 		movw	r3, #:lower16:CapSense_CompCH0_backup
 120 002e C0F20003 		movt	r3, #:upper16:CapSense_CompCH0_backup
 121 0032 4FF00002 		mov	r2, #0
ARM GAS  C:\Users\Geo\AppData\Local\Temp\ccr28z4c.s 			page 5


 122 0036 1A70     		strb	r2, [r3, #0]
 123              	.L7:
 104:.\Generated_Source\PSoC5/CapSense_CompCH0_PM.c ****     }    
 105:.\Generated_Source\PSoC5/CapSense_CompCH0_PM.c ****     
 106:.\Generated_Source\PSoC5/CapSense_CompCH0_PM.c ****     CapSense_CompCH0_Stop();
 124              		.loc 1 106 0
 125 0038 FFF7FEFF 		bl	CapSense_CompCH0_Stop
 107:.\Generated_Source\PSoC5/CapSense_CompCH0_PM.c ****     CapSense_CompCH0_SaveConfig();
 126              		.loc 1 107 0
 127 003c FFF7FEFF 		bl	CapSense_CompCH0_SaveConfig
 108:.\Generated_Source\PSoC5/CapSense_CompCH0_PM.c **** }
 128              		.loc 1 108 0
 129 0040 80BD     		pop	{r7, pc}
 130              		.cfi_endproc
 131              	.LFE2:
 132              		.size	CapSense_CompCH0_Sleep, .-CapSense_CompCH0_Sleep
 133 0042 00BF     		.section	.text.CapSense_CompCH0_Wakeup,"ax",%progbits
 134              		.align	2
 135              		.global	CapSense_CompCH0_Wakeup
 136              		.thumb
 137              		.thumb_func
 138              		.type	CapSense_CompCH0_Wakeup, %function
 139              	CapSense_CompCH0_Wakeup:
 140              	.LFB3:
 109:.\Generated_Source\PSoC5/CapSense_CompCH0_PM.c **** 
 110:.\Generated_Source\PSoC5/CapSense_CompCH0_PM.c **** 
 111:.\Generated_Source\PSoC5/CapSense_CompCH0_PM.c **** /*******************************************************************************
 112:.\Generated_Source\PSoC5/CapSense_CompCH0_PM.c **** * Function Name: CapSense_CompCH0_Wakeup
 113:.\Generated_Source\PSoC5/CapSense_CompCH0_PM.c **** ********************************************************************************
 114:.\Generated_Source\PSoC5/CapSense_CompCH0_PM.c **** *
 115:.\Generated_Source\PSoC5/CapSense_CompCH0_PM.c **** * Summary:
 116:.\Generated_Source\PSoC5/CapSense_CompCH0_PM.c **** *  Restores and enables the user configuration
 117:.\Generated_Source\PSoC5/CapSense_CompCH0_PM.c **** *  
 118:.\Generated_Source\PSoC5/CapSense_CompCH0_PM.c **** * Parameters:  
 119:.\Generated_Source\PSoC5/CapSense_CompCH0_PM.c **** *  void
 120:.\Generated_Source\PSoC5/CapSense_CompCH0_PM.c **** *
 121:.\Generated_Source\PSoC5/CapSense_CompCH0_PM.c **** * Return: 
 122:.\Generated_Source\PSoC5/CapSense_CompCH0_PM.c **** *  void
 123:.\Generated_Source\PSoC5/CapSense_CompCH0_PM.c **** *
 124:.\Generated_Source\PSoC5/CapSense_CompCH0_PM.c **** * Global variables:
 125:.\Generated_Source\PSoC5/CapSense_CompCH0_PM.c **** *  CapSense_CompCH0_backup.enableState:  Is used to restore the enable state of 
 126:.\Generated_Source\PSoC5/CapSense_CompCH0_PM.c **** *  block on wakeup from sleep mode.
 127:.\Generated_Source\PSoC5/CapSense_CompCH0_PM.c **** *
 128:.\Generated_Source\PSoC5/CapSense_CompCH0_PM.c **** * Reentrant:
 129:.\Generated_Source\PSoC5/CapSense_CompCH0_PM.c **** *  Yes
 130:.\Generated_Source\PSoC5/CapSense_CompCH0_PM.c **** *
 131:.\Generated_Source\PSoC5/CapSense_CompCH0_PM.c **** *******************************************************************************/
 132:.\Generated_Source\PSoC5/CapSense_CompCH0_PM.c **** void CapSense_CompCH0_Wakeup(void) 
 133:.\Generated_Source\PSoC5/CapSense_CompCH0_PM.c **** {
 141              		.loc 1 133 0
 142              		.cfi_startproc
 143              		@ args = 0, pretend = 0, frame = 0
 144              		@ frame_needed = 1, uses_anonymous_args = 0
 145 0000 80B5     		push	{r7, lr}
 146              	.LCFI6:
 147              		.cfi_def_cfa_offset 8
 148 0002 00AF     		add	r7, sp, #0
ARM GAS  C:\Users\Geo\AppData\Local\Temp\ccr28z4c.s 			page 6


 149              		.cfi_offset 14, -4
 150              		.cfi_offset 7, -8
 151              	.LCFI7:
 152              		.cfi_def_cfa_register 7
 134:.\Generated_Source\PSoC5/CapSense_CompCH0_PM.c ****     CapSense_CompCH0_RestoreConfig();
 153              		.loc 1 134 0
 154 0004 FFF7FEFF 		bl	CapSense_CompCH0_RestoreConfig
 135:.\Generated_Source\PSoC5/CapSense_CompCH0_PM.c ****     
 136:.\Generated_Source\PSoC5/CapSense_CompCH0_PM.c ****     if(CapSense_CompCH0_backup.enableState == 1u)
 155              		.loc 1 136 0
 156 0008 40F20003 		movw	r3, #:lower16:CapSense_CompCH0_backup
 157 000c C0F20003 		movt	r3, #:upper16:CapSense_CompCH0_backup
 158 0010 1B78     		ldrb	r3, [r3, #0]	@ zero_extendqisi2
 159 0012 012B     		cmp	r3, #1
 160 0014 01D1     		bne	.L11
 137:.\Generated_Source\PSoC5/CapSense_CompCH0_PM.c ****     {
 138:.\Generated_Source\PSoC5/CapSense_CompCH0_PM.c ****         /* Enable Comp's operation */
 139:.\Generated_Source\PSoC5/CapSense_CompCH0_PM.c ****         CapSense_CompCH0_Enable();
 161              		.loc 1 139 0
 162 0016 FFF7FEFF 		bl	CapSense_CompCH0_Enable
 163              	.L11:
 140:.\Generated_Source\PSoC5/CapSense_CompCH0_PM.c **** 
 141:.\Generated_Source\PSoC5/CapSense_CompCH0_PM.c ****     } /* Do nothing if Comp was disabled before */    
 142:.\Generated_Source\PSoC5/CapSense_CompCH0_PM.c ****     
 143:.\Generated_Source\PSoC5/CapSense_CompCH0_PM.c **** }
 164              		.loc 1 143 0
 165 001a 80BD     		pop	{r7, pc}
 166              		.cfi_endproc
 167              	.LFE3:
 168              		.size	CapSense_CompCH0_Wakeup, .-CapSense_CompCH0_Wakeup
 169              		.text
 170              	.Letext0:
 171              		.section	.debug_loc,"",%progbits
 172              	.Ldebug_loc0:
 173              	.LLST0:
 174 0000 00000000 		.4byte	.LFB0
 175 0004 02000000 		.4byte	.LCFI0
 176 0008 0100     		.2byte	0x1
 177 000a 5D       		.byte	0x5d
 178 000b 02000000 		.4byte	.LCFI0
 179 000f 04000000 		.4byte	.LCFI1
 180 0013 0200     		.2byte	0x2
 181 0015 7D       		.byte	0x7d
 182 0016 04       		.sleb128 4
 183 0017 04000000 		.4byte	.LCFI1
 184 001b 0A000000 		.4byte	.LFE0
 185 001f 0200     		.2byte	0x2
 186 0021 77       		.byte	0x77
 187 0022 04       		.sleb128 4
 188 0023 00000000 		.4byte	0x0
 189 0027 00000000 		.4byte	0x0
 190              	.LLST1:
 191 002b 00000000 		.4byte	.LFB1
 192 002f 02000000 		.4byte	.LCFI2
 193 0033 0100     		.2byte	0x1
 194 0035 5D       		.byte	0x5d
 195 0036 02000000 		.4byte	.LCFI2
ARM GAS  C:\Users\Geo\AppData\Local\Temp\ccr28z4c.s 			page 7


 196 003a 04000000 		.4byte	.LCFI3
 197 003e 0200     		.2byte	0x2
 198 0040 7D       		.byte	0x7d
 199 0041 04       		.sleb128 4
 200 0042 04000000 		.4byte	.LCFI3
 201 0046 0A000000 		.4byte	.LFE1
 202 004a 0200     		.2byte	0x2
 203 004c 77       		.byte	0x77
 204 004d 04       		.sleb128 4
 205 004e 00000000 		.4byte	0x0
 206 0052 00000000 		.4byte	0x0
 207              	.LLST2:
 208 0056 00000000 		.4byte	.LFB2
 209 005a 02000000 		.4byte	.LCFI4
 210 005e 0100     		.2byte	0x1
 211 0060 5D       		.byte	0x5d
 212 0061 02000000 		.4byte	.LCFI4
 213 0065 04000000 		.4byte	.LCFI5
 214 0069 0200     		.2byte	0x2
 215 006b 7D       		.byte	0x7d
 216 006c 08       		.sleb128 8
 217 006d 04000000 		.4byte	.LCFI5
 218 0071 42000000 		.4byte	.LFE2
 219 0075 0200     		.2byte	0x2
 220 0077 77       		.byte	0x77
 221 0078 08       		.sleb128 8
 222 0079 00000000 		.4byte	0x0
 223 007d 00000000 		.4byte	0x0
 224              	.LLST3:
 225 0081 00000000 		.4byte	.LFB3
 226 0085 02000000 		.4byte	.LCFI6
 227 0089 0100     		.2byte	0x1
 228 008b 5D       		.byte	0x5d
 229 008c 02000000 		.4byte	.LCFI6
 230 0090 04000000 		.4byte	.LCFI7
 231 0094 0200     		.2byte	0x2
 232 0096 7D       		.byte	0x7d
 233 0097 08       		.sleb128 8
 234 0098 04000000 		.4byte	.LCFI7
 235 009c 1C000000 		.4byte	.LFE3
 236 00a0 0200     		.2byte	0x2
 237 00a2 77       		.byte	0x77
 238 00a3 08       		.sleb128 8
 239 00a4 00000000 		.4byte	0x0
 240 00a8 00000000 		.4byte	0x0
 241              		.file 2 ".\\Generated_Source\\PSoC5\\/CapSense_CompCH0.h"
 242              		.file 3 ".\\Generated_Source\\PSoC5\\/cytypes.h"
 243              		.section	.debug_info
 244 0000 1A010000 		.4byte	0x11a
 245 0004 0200     		.2byte	0x2
 246 0006 00000000 		.4byte	.Ldebug_abbrev0
 247 000a 04       		.byte	0x4
 248 000b 01       		.uleb128 0x1
 249 000c C4000000 		.4byte	.LASF18
 250 0010 01       		.byte	0x1
 251 0011 00000000 		.4byte	.LASF19
 252 0015 F1000000 		.4byte	.LASF20
ARM GAS  C:\Users\Geo\AppData\Local\Temp\ccr28z4c.s 			page 8


 253 0019 00000000 		.4byte	0x0
 254 001d 00000000 		.4byte	0x0
 255 0021 00000000 		.4byte	.Ldebug_ranges0+0x0
 256 0025 00000000 		.4byte	.Ldebug_line0
 257 0029 02       		.uleb128 0x2
 258 002a 01       		.byte	0x1
 259 002b 06       		.byte	0x6
 260 002c 6C010000 		.4byte	.LASF0
 261 0030 02       		.uleb128 0x2
 262 0031 01       		.byte	0x1
 263 0032 08       		.byte	0x8
 264 0033 D0000000 		.4byte	.LASF1
 265 0037 02       		.uleb128 0x2
 266 0038 02       		.byte	0x2
 267 0039 05       		.byte	0x5
 268 003a 78010000 		.4byte	.LASF2
 269 003e 02       		.uleb128 0x2
 270 003f 02       		.byte	0x2
 271 0040 07       		.byte	0x7
 272 0041 59010000 		.4byte	.LASF3
 273 0045 02       		.uleb128 0x2
 274 0046 04       		.byte	0x4
 275 0047 05       		.byte	0x5
 276 0048 E8000000 		.4byte	.LASF4
 277 004c 02       		.uleb128 0x2
 278 004d 04       		.byte	0x4
 279 004e 07       		.byte	0x7
 280 004f 83000000 		.4byte	.LASF5
 281 0053 02       		.uleb128 0x2
 282 0054 08       		.byte	0x8
 283 0055 05       		.byte	0x5
 284 0056 4B010000 		.4byte	.LASF6
 285 005a 02       		.uleb128 0x2
 286 005b 08       		.byte	0x8
 287 005c 07       		.byte	0x7
 288 005d 95000000 		.4byte	.LASF7
 289 0061 03       		.uleb128 0x3
 290 0062 04       		.byte	0x4
 291 0063 05       		.byte	0x5
 292 0064 696E7400 		.ascii	"int\000"
 293 0068 02       		.uleb128 0x2
 294 0069 04       		.byte	0x4
 295 006a 07       		.byte	0x7
 296 006b 3B000000 		.4byte	.LASF8
 297 006f 02       		.uleb128 0x2
 298 0070 01       		.byte	0x1
 299 0071 08       		.byte	0x8
 300 0072 9A010000 		.4byte	.LASF9
 301 0076 04       		.uleb128 0x4
 302 0077 7D000000 		.4byte	.LASF12
 303 007b 03       		.byte	0x3
 304 007c 51       		.byte	0x51
 305 007d 30000000 		.4byte	0x30
 306 0081 05       		.uleb128 0x5
 307 0082 04       		.byte	0x4
 308 0083 07       		.byte	0x7
 309 0084 06       		.uleb128 0x6
ARM GAS  C:\Users\Geo\AppData\Local\Temp\ccr28z4c.s 			page 9


 310 0085 48000000 		.4byte	.LASF13
 311 0089 02       		.byte	0x2
 312 008a 02       		.byte	0x2
 313 008b 23       		.byte	0x23
 314 008c AD000000 		.4byte	0xad
 315 0090 07       		.uleb128 0x7
 316 0091 2F000000 		.4byte	.LASF10
 317 0095 02       		.byte	0x2
 318 0096 24       		.byte	0x24
 319 0097 76000000 		.4byte	0x76
 320 009b 02       		.byte	0x2
 321 009c 23       		.byte	0x23
 322 009d 00       		.uleb128 0x0
 323 009e 07       		.uleb128 0x7
 324 009f DE000000 		.4byte	.LASF11
 325 00a3 02       		.byte	0x2
 326 00a4 25       		.byte	0x25
 327 00a5 76000000 		.4byte	0x76
 328 00a9 02       		.byte	0x2
 329 00aa 23       		.byte	0x23
 330 00ab 01       		.uleb128 0x1
 331 00ac 00       		.byte	0x0
 332 00ad 04       		.uleb128 0x4
 333 00ae 48000000 		.4byte	.LASF13
 334 00b2 02       		.byte	0x2
 335 00b3 26       		.byte	0x26
 336 00b4 84000000 		.4byte	0x84
 337 00b8 08       		.uleb128 0x8
 338 00b9 01       		.byte	0x1
 339 00ba BE010000 		.4byte	.LASF14
 340 00be 01       		.byte	0x1
 341 00bf 2A       		.byte	0x2a
 342 00c0 01       		.byte	0x1
 343 00c1 00000000 		.4byte	.LFB0
 344 00c5 0A000000 		.4byte	.LFE0
 345 00c9 00000000 		.4byte	.LLST0
 346 00cd 08       		.uleb128 0x8
 347 00ce 01       		.byte	0x1
 348 00cf 9F010000 		.4byte	.LASF15
 349 00d3 01       		.byte	0x1
 350 00d4 41       		.byte	0x41
 351 00d5 01       		.byte	0x1
 352 00d6 00000000 		.4byte	.LFB1
 353 00da 0A000000 		.4byte	.LFE1
 354 00de 2B000000 		.4byte	.LLST1
 355 00e2 08       		.uleb128 0x8
 356 00e3 01       		.byte	0x1
 357 00e4 66000000 		.4byte	.LASF16
 358 00e8 01       		.byte	0x1
 359 00e9 5C       		.byte	0x5c
 360 00ea 01       		.byte	0x1
 361 00eb 00000000 		.4byte	.LFB2
 362 00ef 42000000 		.4byte	.LFE2
 363 00f3 56000000 		.4byte	.LLST2
 364 00f7 08       		.uleb128 0x8
 365 00f8 01       		.byte	0x1
 366 00f9 AC000000 		.4byte	.LASF17
ARM GAS  C:\Users\Geo\AppData\Local\Temp\ccr28z4c.s 			page 10


 367 00fd 01       		.byte	0x1
 368 00fe 84       		.byte	0x84
 369 00ff 01       		.byte	0x1
 370 0100 00000000 		.4byte	.LFB3
 371 0104 1C000000 		.4byte	.LFE3
 372 0108 81000000 		.4byte	.LLST3
 373 010c 09       		.uleb128 0x9
 374 010d 82010000 		.4byte	.LASF21
 375 0111 01       		.byte	0x1
 376 0112 16       		.byte	0x16
 377 0113 AD000000 		.4byte	0xad
 378 0117 05       		.byte	0x5
 379 0118 03       		.byte	0x3
 380 0119 00000000 		.4byte	CapSense_CompCH0_backup
 381 011d 00       		.byte	0x0
 382              		.section	.debug_abbrev
 383 0000 01       		.uleb128 0x1
 384 0001 11       		.uleb128 0x11
 385 0002 01       		.byte	0x1
 386 0003 25       		.uleb128 0x25
 387 0004 0E       		.uleb128 0xe
 388 0005 13       		.uleb128 0x13
 389 0006 0B       		.uleb128 0xb
 390 0007 03       		.uleb128 0x3
 391 0008 0E       		.uleb128 0xe
 392 0009 1B       		.uleb128 0x1b
 393 000a 0E       		.uleb128 0xe
 394 000b 11       		.uleb128 0x11
 395 000c 01       		.uleb128 0x1
 396 000d 52       		.uleb128 0x52
 397 000e 01       		.uleb128 0x1
 398 000f 55       		.uleb128 0x55
 399 0010 06       		.uleb128 0x6
 400 0011 10       		.uleb128 0x10
 401 0012 06       		.uleb128 0x6
 402 0013 00       		.byte	0x0
 403 0014 00       		.byte	0x0
 404 0015 02       		.uleb128 0x2
 405 0016 24       		.uleb128 0x24
 406 0017 00       		.byte	0x0
 407 0018 0B       		.uleb128 0xb
 408 0019 0B       		.uleb128 0xb
 409 001a 3E       		.uleb128 0x3e
 410 001b 0B       		.uleb128 0xb
 411 001c 03       		.uleb128 0x3
 412 001d 0E       		.uleb128 0xe
 413 001e 00       		.byte	0x0
 414 001f 00       		.byte	0x0
 415 0020 03       		.uleb128 0x3
 416 0021 24       		.uleb128 0x24
 417 0022 00       		.byte	0x0
 418 0023 0B       		.uleb128 0xb
 419 0024 0B       		.uleb128 0xb
 420 0025 3E       		.uleb128 0x3e
 421 0026 0B       		.uleb128 0xb
 422 0027 03       		.uleb128 0x3
 423 0028 08       		.uleb128 0x8
ARM GAS  C:\Users\Geo\AppData\Local\Temp\ccr28z4c.s 			page 11


 424 0029 00       		.byte	0x0
 425 002a 00       		.byte	0x0
 426 002b 04       		.uleb128 0x4
 427 002c 16       		.uleb128 0x16
 428 002d 00       		.byte	0x0
 429 002e 03       		.uleb128 0x3
 430 002f 0E       		.uleb128 0xe
 431 0030 3A       		.uleb128 0x3a
 432 0031 0B       		.uleb128 0xb
 433 0032 3B       		.uleb128 0x3b
 434 0033 0B       		.uleb128 0xb
 435 0034 49       		.uleb128 0x49
 436 0035 13       		.uleb128 0x13
 437 0036 00       		.byte	0x0
 438 0037 00       		.byte	0x0
 439 0038 05       		.uleb128 0x5
 440 0039 24       		.uleb128 0x24
 441 003a 00       		.byte	0x0
 442 003b 0B       		.uleb128 0xb
 443 003c 0B       		.uleb128 0xb
 444 003d 3E       		.uleb128 0x3e
 445 003e 0B       		.uleb128 0xb
 446 003f 00       		.byte	0x0
 447 0040 00       		.byte	0x0
 448 0041 06       		.uleb128 0x6
 449 0042 13       		.uleb128 0x13
 450 0043 01       		.byte	0x1
 451 0044 03       		.uleb128 0x3
 452 0045 0E       		.uleb128 0xe
 453 0046 0B       		.uleb128 0xb
 454 0047 0B       		.uleb128 0xb
 455 0048 3A       		.uleb128 0x3a
 456 0049 0B       		.uleb128 0xb
 457 004a 3B       		.uleb128 0x3b
 458 004b 0B       		.uleb128 0xb
 459 004c 01       		.uleb128 0x1
 460 004d 13       		.uleb128 0x13
 461 004e 00       		.byte	0x0
 462 004f 00       		.byte	0x0
 463 0050 07       		.uleb128 0x7
 464 0051 0D       		.uleb128 0xd
 465 0052 00       		.byte	0x0
 466 0053 03       		.uleb128 0x3
 467 0054 0E       		.uleb128 0xe
 468 0055 3A       		.uleb128 0x3a
 469 0056 0B       		.uleb128 0xb
 470 0057 3B       		.uleb128 0x3b
 471 0058 0B       		.uleb128 0xb
 472 0059 49       		.uleb128 0x49
 473 005a 13       		.uleb128 0x13
 474 005b 38       		.uleb128 0x38
 475 005c 0A       		.uleb128 0xa
 476 005d 00       		.byte	0x0
 477 005e 00       		.byte	0x0
 478 005f 08       		.uleb128 0x8
 479 0060 2E       		.uleb128 0x2e
 480 0061 00       		.byte	0x0
ARM GAS  C:\Users\Geo\AppData\Local\Temp\ccr28z4c.s 			page 12


 481 0062 3F       		.uleb128 0x3f
 482 0063 0C       		.uleb128 0xc
 483 0064 03       		.uleb128 0x3
 484 0065 0E       		.uleb128 0xe
 485 0066 3A       		.uleb128 0x3a
 486 0067 0B       		.uleb128 0xb
 487 0068 3B       		.uleb128 0x3b
 488 0069 0B       		.uleb128 0xb
 489 006a 27       		.uleb128 0x27
 490 006b 0C       		.uleb128 0xc
 491 006c 11       		.uleb128 0x11
 492 006d 01       		.uleb128 0x1
 493 006e 12       		.uleb128 0x12
 494 006f 01       		.uleb128 0x1
 495 0070 40       		.uleb128 0x40
 496 0071 06       		.uleb128 0x6
 497 0072 00       		.byte	0x0
 498 0073 00       		.byte	0x0
 499 0074 09       		.uleb128 0x9
 500 0075 34       		.uleb128 0x34
 501 0076 00       		.byte	0x0
 502 0077 03       		.uleb128 0x3
 503 0078 0E       		.uleb128 0xe
 504 0079 3A       		.uleb128 0x3a
 505 007a 0B       		.uleb128 0xb
 506 007b 3B       		.uleb128 0x3b
 507 007c 0B       		.uleb128 0xb
 508 007d 49       		.uleb128 0x49
 509 007e 13       		.uleb128 0x13
 510 007f 02       		.uleb128 0x2
 511 0080 0A       		.uleb128 0xa
 512 0081 00       		.byte	0x0
 513 0082 00       		.byte	0x0
 514 0083 00       		.byte	0x0
 515              		.section	.debug_pubnames,"",%progbits
 516 0000 88000000 		.4byte	0x88
 517 0004 0200     		.2byte	0x2
 518 0006 00000000 		.4byte	.Ldebug_info0
 519 000a 1E010000 		.4byte	0x11e
 520 000e B8000000 		.4byte	0xb8
 521 0012 43617053 		.ascii	"CapSense_CompCH0_SaveConfig\000"
 521      656E7365 
 521      5F436F6D 
 521      70434830 
 521      5F536176 
 522 002e CD000000 		.4byte	0xcd
 523 0032 43617053 		.ascii	"CapSense_CompCH0_RestoreConfig\000"
 523      656E7365 
 523      5F436F6D 
 523      70434830 
 523      5F526573 
 524 0051 E2000000 		.4byte	0xe2
 525 0055 43617053 		.ascii	"CapSense_CompCH0_Sleep\000"
 525      656E7365 
 525      5F436F6D 
 525      70434830 
 525      5F536C65 
ARM GAS  C:\Users\Geo\AppData\Local\Temp\ccr28z4c.s 			page 13


 526 006c F7000000 		.4byte	0xf7
 527 0070 43617053 		.ascii	"CapSense_CompCH0_Wakeup\000"
 527      656E7365 
 527      5F436F6D 
 527      70434830 
 527      5F57616B 
 528 0088 00000000 		.4byte	0x0
 529              		.section	.debug_aranges,"",%progbits
 530 0000 34000000 		.4byte	0x34
 531 0004 0200     		.2byte	0x2
 532 0006 00000000 		.4byte	.Ldebug_info0
 533 000a 04       		.byte	0x4
 534 000b 00       		.byte	0x0
 535 000c 0000     		.2byte	0x0
 536 000e 0000     		.2byte	0x0
 537 0010 00000000 		.4byte	.LFB0
 538 0014 0A000000 		.4byte	.LFE0-.LFB0
 539 0018 00000000 		.4byte	.LFB1
 540 001c 0A000000 		.4byte	.LFE1-.LFB1
 541 0020 00000000 		.4byte	.LFB2
 542 0024 42000000 		.4byte	.LFE2-.LFB2
 543 0028 00000000 		.4byte	.LFB3
 544 002c 1C000000 		.4byte	.LFE3-.LFB3
 545 0030 00000000 		.4byte	0x0
 546 0034 00000000 		.4byte	0x0
 547              		.section	.debug_ranges,"",%progbits
 548              	.Ldebug_ranges0:
 549 0000 00000000 		.4byte	.Ltext0
 550 0004 00000000 		.4byte	.Letext0
 551 0008 00000000 		.4byte	.LFB0
 552 000c 0A000000 		.4byte	.LFE0
 553 0010 00000000 		.4byte	.LFB1
 554 0014 0A000000 		.4byte	.LFE1
 555 0018 00000000 		.4byte	.LFB2
 556 001c 42000000 		.4byte	.LFE2
 557 0020 00000000 		.4byte	.LFB3
 558 0024 1C000000 		.4byte	.LFE3
 559 0028 00000000 		.4byte	0x0
 560 002c 00000000 		.4byte	0x0
 561              		.section	.debug_str,"MS",%progbits,1
 562              	.LASF19:
 563 0000 2E5C4765 		.ascii	".\\Generated_Source\\PSoC5\\CapSense_CompCH0_PM.c\000"
 563      6E657261 
 563      7465645F 
 563      536F7572 
 563      63655C50 
 564              	.LASF10:
 565 002f 656E6162 		.ascii	"enableState\000"
 565      6C655374 
 565      61746500 
 566              	.LASF8:
 567 003b 756E7369 		.ascii	"unsigned int\000"
 567      676E6564 
 567      20696E74 
 567      00
 568              	.LASF13:
 569 0048 43617053 		.ascii	"CapSense_CompCH0_backupStruct\000"
ARM GAS  C:\Users\Geo\AppData\Local\Temp\ccr28z4c.s 			page 14


 569      656E7365 
 569      5F436F6D 
 569      70434830 
 569      5F626163 
 570              	.LASF16:
 571 0066 43617053 		.ascii	"CapSense_CompCH0_Sleep\000"
 571      656E7365 
 571      5F436F6D 
 571      70434830 
 571      5F536C65 
 572              	.LASF12:
 573 007d 75696E74 		.ascii	"uint8\000"
 573      3800
 574              	.LASF5:
 575 0083 6C6F6E67 		.ascii	"long unsigned int\000"
 575      20756E73 
 575      69676E65 
 575      6420696E 
 575      7400
 576              	.LASF7:
 577 0095 6C6F6E67 		.ascii	"long long unsigned int\000"
 577      206C6F6E 
 577      6720756E 
 577      7369676E 
 577      65642069 
 578              	.LASF17:
 579 00ac 43617053 		.ascii	"CapSense_CompCH0_Wakeup\000"
 579      656E7365 
 579      5F436F6D 
 579      70434830 
 579      5F57616B 
 580              	.LASF18:
 581 00c4 474E5520 		.ascii	"GNU C 4.4.1\000"
 581      4320342E 
 581      342E3100 
 582              	.LASF1:
 583 00d0 756E7369 		.ascii	"unsigned char\000"
 583      676E6564 
 583      20636861 
 583      7200
 584              	.LASF11:
 585 00de 636F6D70 		.ascii	"compCRReg\000"
 585      43525265 
 585      6700
 586              	.LASF4:
 587 00e8 6C6F6E67 		.ascii	"long int\000"
 587      20696E74 
 587      00
 588              	.LASF20:
 589 00f1 433A5C55 		.ascii	"C:\\Users\\Geo\\Documents\\Projects\\Electric Skate"
 589      73657273 
 589      5C47656F 
 589      5C446F63 
 589      756D656E 
 590 011f 626F6172 		.ascii	"board\\Firmware\\PSoC\\Skateboard Remote.cydsn\000"
 590      645C4669 
 590      726D7761 
ARM GAS  C:\Users\Geo\AppData\Local\Temp\ccr28z4c.s 			page 15


 590      72655C50 
 590      536F435C 
 591              	.LASF6:
 592 014b 6C6F6E67 		.ascii	"long long int\000"
 592      206C6F6E 
 592      6720696E 
 592      7400
 593              	.LASF3:
 594 0159 73686F72 		.ascii	"short unsigned int\000"
 594      7420756E 
 594      7369676E 
 594      65642069 
 594      6E7400
 595              	.LASF0:
 596 016c 7369676E 		.ascii	"signed char\000"
 596      65642063 
 596      68617200 
 597              	.LASF2:
 598 0178 73686F72 		.ascii	"short int\000"
 598      7420696E 
 598      7400
 599              	.LASF21:
 600 0182 43617053 		.ascii	"CapSense_CompCH0_backup\000"
 600      656E7365 
 600      5F436F6D 
 600      70434830 
 600      5F626163 
 601              	.LASF9:
 602 019a 63686172 		.ascii	"char\000"
 602      00
 603              	.LASF15:
 604 019f 43617053 		.ascii	"CapSense_CompCH0_RestoreConfig\000"
 604      656E7365 
 604      5F436F6D 
 604      70434830 
 604      5F526573 
 605              	.LASF14:
 606 01be 43617053 		.ascii	"CapSense_CompCH0_SaveConfig\000"
 606      656E7365 
 606      5F436F6D 
 606      70434830 
 606      5F536176 
 607              		.ident	"GCC: (Sourcery G++ Lite 2010q1-188) 4.4.1"
