Archive member included because of file (symbol)

.\CortexM3\ARM_GCC_441\Debug\Skateboard Remote.a(PinLedAlarm.o)
                              .\CortexM3\ARM_GCC_441\Debug\Lights.o (PinLedAlarm_Write)
.\CortexM3\ARM_GCC_441\Debug\Skateboard Remote.a(CyDmac.o)
                              .\CortexM3\ARM_GCC_441\Debug\Cm3Start.o (CyDmacConfigure)
.\CortexM3\ARM_GCC_441\Debug\Skateboard Remote.a(CyLib.o)
                              .\CortexM3\ARM_GCC_441\Debug\Cm3Start.o (CyResetStatus)
.\CortexM3\ARM_GCC_441\Debug\Skateboard Remote.a(cyPm.o)
                              .\CortexM3\ARM_GCC_441\Debug\Skateboard Remote.a(CyLib.o) (CyPmReadStatus)
.\CortexM3\ARM_GCC_441\Debug\Skateboard Remote.a(PinLedMotorOn.o)
                              .\CortexM3\ARM_GCC_441\Debug\Lights.o (PinLedMotorOn_Write)
.\CortexM3\ARM_GCC_441\Debug\Skateboard Remote.a(PinLedInRange.o)
                              .\CortexM3\ARM_GCC_441\Debug\Lights.o (PinLedInRange_Write)
.\CortexM3\ARM_GCC_441\Debug\Skateboard Remote.a(PinLedRemoteBattLevelHigh.o)
                              .\CortexM3\ARM_GCC_441\Debug\Lights.o (PinLedRemoteBattLevelHigh_Write)
.\CortexM3\ARM_GCC_441\Debug\Skateboard Remote.a(PinLedRemoteBattLevelMed.o)
                              .\CortexM3\ARM_GCC_441\Debug\Lights.o (PinLedRemoteBattLevelMed_Write)
.\CortexM3\ARM_GCC_441\Debug\Skateboard Remote.a(PinLedRemoteBattLevelLow.o)
                              .\CortexM3\ARM_GCC_441\Debug\Lights.o (PinLedRemoteBattLevelLow_Write)
.\CortexM3\ARM_GCC_441\Debug\Skateboard Remote.a(PinLedBoardBattLevelHigh.o)
                              .\CortexM3\ARM_GCC_441\Debug\Lights.o (PinLedBoardBattLevelHigh_Write)
.\CortexM3\ARM_GCC_441\Debug\Skateboard Remote.a(PinLedBoardBattLevelMed.o)
                              .\CortexM3\ARM_GCC_441\Debug\Lights.o (PinLedBoardBattLevelMed_Write)
.\CortexM3\ARM_GCC_441\Debug\Skateboard Remote.a(PinLedBoardBattLevelLow.o)
                              .\CortexM3\ARM_GCC_441\Debug\Lights.o (PinLedBoardBattLevelLow_Write)
.\CortexM3\ARM_GCC_441\Debug\Skateboard Remote.a(CapSense.o)
                              .\CortexM3\ARM_GCC_441\Debug\Buttons.o (CapSense_Start)
.\CortexM3\ARM_GCC_441\Debug\Skateboard Remote.a(CapSense_CSHL.o)
                              .\CortexM3\ARM_GCC_441\Debug\Buttons.o (CapSense_InitializeAllBaselines)
.\CortexM3\ARM_GCC_441\Debug\Skateboard Remote.a(CapSense_INT.o)
                              .\CortexM3\ARM_GCC_441\Debug\Skateboard Remote.a(CapSense.o) (CapSense_IsrCH0_ISR)
.\CortexM3\ARM_GCC_441\Debug\Skateboard Remote.a(CapSense_CompCH0.o)
                              .\CortexM3\ARM_GCC_441\Debug\Skateboard Remote.a(CapSense.o) (CapSense_CompCH0_Init)
.\CortexM3\ARM_GCC_441\Debug\Skateboard Remote.a(CapSense_AMuxCH0.o)
                              .\CortexM3\ARM_GCC_441\Debug\Skateboard Remote.a(CapSense.o) (CapSense_AMuxCH0_Init)
.\CortexM3\ARM_GCC_441\Debug\Skateboard Remote.a(CapSense_IntClock.o)
                              .\CortexM3\ARM_GCC_441\Debug\Skateboard Remote.a(CapSense.o) (CapSense_IntClock_Start)
.\CortexM3\ARM_GCC_441\Debug\Skateboard Remote.a(UartXbee.o)
                              .\CortexM3\ARM_GCC_441\Debug\Comms.o (UartXbee_Start)
.\CortexM3\ARM_GCC_441\Debug\Skateboard Remote.a(UartXbee_INT.o)
                              .\CortexM3\ARM_GCC_441\Debug\Skateboard Remote.a(UartXbee.o) (UartXbee_RXISR)
.\CortexM3\ARM_GCC_441\Debug\Skateboard Remote.a(AdcSar.o)
                              .\CortexM3\ARM_GCC_441\Debug\Adc.o (AdcSar_Start)
.\CortexM3\ARM_GCC_441\Debug\Skateboard Remote.a(AdcSar_INT.o)
                              .\CortexM3\ARM_GCC_441\Debug\Skateboard Remote.a(AdcSar.o) (AdcSar_ISR)
.\CortexM3\ARM_GCC_441\Debug\Skateboard Remote.a(AMuxAdc.o)
                              .\CortexM3\ARM_GCC_441\Debug\Adc.o (AMuxAdc_Init)
.\CortexM3\ARM_GCC_441\Debug\Skateboard Remote.a(AdcSar_theACLK.o)
                              .\CortexM3\ARM_GCC_441\Debug\Skateboard Remote.a(AdcSar.o) (AdcSar_theACLK_SetModeRegister)
.\CortexM3\ARM_GCC_441\Debug\Skateboard Remote.a(UartDebug.o)
                              .\CortexM3\ARM_GCC_441\Debug\main.o (UartDebug_Start)
.\CortexM3\ARM_GCC_441\Debug\Skateboard Remote.a(UartDebug_INT.o)
                              .\CortexM3\ARM_GCC_441\Debug\Skateboard Remote.a(UartDebug.o) (UartDebug_TXISR)
.\CortexM3\ARM_GCC_441\Debug\Skateboard Remote.a(IsrMainTick.o)
                              .\CortexM3\ARM_GCC_441\Debug\main.o (IsrMainTick_StartEx)
.\CortexM3\ARM_GCC_441\Debug\Skateboard Remote.a(TimerMainTick.o)
                              .\CortexM3\ARM_GCC_441\Debug\main.o (TimerMainTick_Start)
.\CortexM3\ARM_GCC_441\Debug\Skateboard Remote.a(PinXbeeSleep.o)
                              .\CortexM3\ARM_GCC_441\Debug\main.o (PinXbeeSleep_Write)
.\CortexM3\ARM_GCC_441\Debug\Skateboard Remote.a(PinDebug.o)
[...]
Memory Configuration

Name             Origin             Length             Attributes
rom              0x00000000         0x00010000         xr
ram              0x1fffe000         0x00002c00         xrw
*default*        0x00000000         0xffffffff

Linker script and memory map

LOAD c:/program files (x86)/cypress/psoc creator/2.0/psoc creator/import/gnu_cs/arm/4.4.1/bin/../lib/gcc/arm-none-eabi/4.4.1/thumb2/crti.o
LOAD c:/program files (x86)/cypress/psoc creator/2.0/psoc creator/import/gnu_cs/arm/4.4.1/bin/../lib/gcc/arm-none-eabi/4.4.1/thumb2/crtbegin.o
START GROUP
LOAD .\CortexM3\ARM_GCC_441\Debug\main.o
LOAD .\CortexM3\ARM_GCC_441\Debug\Lights.o
LOAD .\CortexM3\ARM_GCC_441\Debug\Buttons.o
LOAD .\CortexM3\ARM_GCC_441\Debug\Adc.o
LOAD .\CortexM3\ARM_GCC_441\Debug\BattMonitor.o
LOAD .\CortexM3\ARM_GCC_441\Debug\Comms.o
LOAD .\CortexM3\ARM_GCC_441\Debug\Cm3Start.o
LOAD .\CortexM3\ARM_GCC_441\Debug\Skateboard Remote.a
LOAD C:\Program Files (x86)\Cypress\PSoC Creator\2.0\PSoC Creator\psoc\content\cycomponentlibrary\CyComponentLibrary.cylib\CortexM3\ARM_GCC_441\Debug\CyComponentLibrary.a
END GROUP
START GROUP
LOAD c:/program files (x86)/cypress/psoc creator/2.0/psoc creator/import/gnu_cs/arm/4.4.1/bin/../lib/gcc/arm-none-eabi/4.4.1/thumb2\libgcc.a
LOAD c:/program files (x86)/cypress/psoc creator/2.0/psoc creator/import/gnu_cs/arm/4.4.1/bin/../lib/gcc/arm-none-eabi/4.4.1/../../../../arm-none-eabi/lib/thumb2\libc.a
END GROUP
LOAD c:/program files (x86)/cypress/psoc creator/2.0/psoc creator/import/gnu_cs/arm/4.4.1/bin/../lib/gcc/arm-none-eabi/4.4.1/thumb2/crtend.o
LOAD c:/program files (x86)/cypress/psoc creator/2.0/psoc creator/import/gnu_cs/arm/4.4.1/bin/../lib/gcc/arm-none-eabi/4.4.1/thumb2/crtn.o
START GROUP
LOAD c:/program files (x86)/cypress/psoc creator/2.0/psoc creator/import/gnu_cs/arm/4.4.1/bin/../lib/gcc/arm-none-eabi/4.4.1/thumb2\libgcc.a
LOAD c:/program files (x86)/cypress/psoc creator/2.0/psoc creator/import/gnu_cs/arm/4.4.1/bin/../lib/gcc/arm-none-eabi/4.4.1/../../../../arm-none-eabi/lib/thumb2\libc.a
LOAD c:/program files (x86)/cypress/psoc creator/2.0/psoc creator/import/gnu_cs/arm/4.4.1/bin/../lib/gcc/arm-none-eabi/4.4.1/../../../../arm-none-eabi/lib/thumb2\libcs3.a
LOAD c:/program files (x86)/cypress/psoc creator/2.0/psoc creator/import/gnu_cs/arm/4.4.1/bin/../lib/gcc/arm-none-eabi/4.4.1/../../../../arm-none-eabi/lib/thumb2\libcs3unhosted.a
LOAD c:/program files (x86)/cypress/psoc creator/2.0/psoc creator/import/gnu_cs/arm/4.4.1/bin/../lib/gcc/arm-none-eabi/4.4.1/../../../../arm-none-eabi/lib/thumb2\libcs3micro.a
END GROUP
                0x1fffe958                PROVIDE (__cs3_heap_start, _end)
                0x00000001                PROVIDE (__cs3_region_num, ((__cs3_regions_end - __cs3_regions) / 0x14))
                0x20002000                PROVIDE (__cs3_stack, 0x20002000)
                0x20001000                PROVIDE (__cs3_heap_end, (__cs3_stack - 0x1000))

.text           0x00000000     0xacc0
 CREATE_OBJECT_SYMBOLS
                0x00000000                __cs3_interrupt_vector = __cs3_interrupt_vector_micro
 *(.cs3.interrupt_vector)
 .cs3.interrupt_vector
                0x00000000       0xc0 c:/program files (x86)/cypress/psoc creator/2.0/psoc creator/import/gnu_cs/arm/4.4.1/bin/../lib/gcc/arm-none-eabi/4.4.1/../../../../arm-none-eabi/lib/thumb2\libcs3micro.a(micro-vector.o)
                0x00000000                __cs3_interrupt_vector_micro
                0x00000001                ASSERT ((. != __cs3_interrupt_vector_micro), No interrupt vector)
                0x0000255c                PROVIDE (__cs3_reset, Reset)
 *(.cs3.reset)
                0x00000001                ASSERT ((. != __cs3_reset), No reset code)
 *(.dma_init)
 .dma_init      0x000000c0      0x280 .\CortexM3\ARM_GCC_441\Debug\Skateboard Remote.a(cyfitter_cfg.o)
                0x00000001                ASSERT ((((0x0 + .) <= 0x10000) || 0x0), DMA Init must be within the first 64k of flash)
 *(.text.cs3.init)
 .text.cs3.init
                0x00000340       0x5c c:/program files (x86)/cypress/psoc creator/2.0/psoc creator/import/gnu_cs/arm/4.4.1/bin/../lib/gcc/arm-none-eabi/4.4.1/../../../../arm-none-eabi/lib/thumb2\libcs3.a(start_c.o)
                0x00000340                __cs3_start_c
 *(.text .text.* .gnu.linkonce.t.*)
 .text          0x0000039c       0x30 c:/program files (x86)/cypress/psoc creator/2.0/psoc creator/import/gnu_cs/arm/4.4.1/bin/../lib/gcc/arm-none-eabi/4.4.1/thumb2/crtbegin.o
 *fill*         0x000003cc        0x4 00
 .text.main     0x000003d0      0x6b0 .\CortexM3\ARM_GCC_441\Debug\main.o
                0x000003d0                main
 .text.Main_BuildMsg
                0x00000a80      0x188 .\CortexM3\ARM_GCC_441\Debug\main.o
                0x00000a80                Main_BuildMsg
 .text.Main_MainTickIsr
                0x00000c08       0x24 .\CortexM3\ARM_GCC_441\Debug\main.o
                0x00000c08                Main_MainTickIsr
 .text.Lights_AllOff
                0x00000c2c       0x30 .\CortexM3\ARM_GCC_441\Debug\Lights.o
                0x00000c2c                Lights_AllOff
 .text.Lights_AllOn
                0x00000c5c       0x30 .\CortexM3\ARM_GCC_441\Debug\Lights.o
                0x00000c5c                Lights_AllOn
 .text.Lights_Run
                0x00000c8c       0xfc .\CortexM3\ARM_GCC_441\Debug\Lights.o
                0x00000c8c                Lights_Run
 .text.Lights_SetLedMode
                0x00000d88       0x44 .\CortexM3\ARM_GCC_441\Debug\Lights.o
                0x00000d88                Lights_SetLedMode
 .text.Lights_SetLed
                0x00000dcc       0xa0 .\CortexM3\ARM_GCC_441\Debug\Lights.o
                0x00000dcc                Lights_SetLed
 .text.Lights_ToggleLed
                0x00000e6c      0x108 .\CortexM3\ARM_GCC_441\Debug\Lights.o
                0x00000e6c                Lights_ToggleLed
 .text.Buttons_Init
                0x00000f74       0x10 .\CortexM3\ARM_GCC_441\Debug\Buttons.o
                0x00000f74                Buttons_Init
 .text.Buttons_Run
                0x00000f84       0xc8 .\CortexM3\ARM_GCC_441\Debug\Buttons.o
                0x00000f84                Buttons_Run
 .text.Buttons_IsMotorButtonPressed
                0x0000104c       0x34 .\CortexM3\ARM_GCC_441\Debug\Buttons.o
                0x0000104c                Buttons_IsMotorButtonPressed
 .text.Buttons_IsLightsOnOffButtonPressed
                0x00001080       0x34 .\CortexM3\ARM_GCC_441\Debug\Buttons.o
                0x00001080                Buttons_IsLightsOnOffButtonPressed
 .text.Buttons_IsAlarmButtonPressed
                0x000010b4       0x34 .\CortexM3\ARM_GCC_441\Debug\Buttons.o
                0x000010b4                Buttons_IsAlarmButtonPressed
 .text.Buttons_IsLightModeButtonPressed
                0x000010e8       0x34 .\CortexM3\ARM_GCC_441\Debug\Buttons.o
                0x000010e8                Buttons_IsLightModeButtonPressed
 .text.Buttons_ResetLightModeButtonState
                0x0000111c       0x18 .\CortexM3\ARM_GCC_441\Debug\Buttons.o
                0x0000111c                Buttons_ResetLightModeButtonState
 .text.Buttons_MotorStateMachine
                0x00001134       0xa4 .\CortexM3\ARM_GCC_441\Debug\Buttons.o
                0x00001134                Buttons_MotorStateMachine
 .text.Buttons_LightsOnOffStateMachine
                0x000011d8       0xa4 .\CortexM3\ARM_GCC_441\Debug\Buttons.o
                0x000011d8                Buttons_LightsOnOffStateMachine
 .text.Buttons_AlarmStateMachine
                0x0000127c       0xa4 .\CortexM3\ARM_GCC_441\Debug\Buttons.o
                0x0000127c                Buttons_AlarmStateMachine
 .text.Buttons_LightModeStateMachine
                0x00001320       0xa4 .\CortexM3\ARM_GCC_441\Debug\Buttons.o
                0x00001320                Buttons_LightModeStateMachine
 *fill*         0x000013c4        0x4 00
 .text.Adc_Run  0x000013c8      0x3b8 .\CortexM3\ARM_GCC_441\Debug\Adc.o
                0x000013c8                Adc_Run
 .text.Adc_EnableThrottleVoltMeas
                0x00001780       0x20 .\CortexM3\ARM_GCC_441\Debug\Adc.o
                0x00001780                Adc_EnableThrottleVoltMeas
 .text.Adc_GetBattVolt
                0x000017a0       0x1c .\CortexM3\ARM_GCC_441\Debug\Adc.o
                0x000017a0                Adc_GetBattVolt
 .text.Adc_GetThrottleVolt
                0x000017bc       0x1c .\CortexM3\ARM_GCC_441\Debug\Adc.o
                0x000017bc                Adc_GetThrottleVolt
 .text.BattMonitor_Init
                0x000017d8      0x110 .\CortexM3\ARM_GCC_441\Debug\BattMonitor.o
                0x000017d8                BattMonitor_Init
 .text.BattMonitor_Run
                0x000018e8      0x418 .\CortexM3\ARM_GCC_441\Debug\BattMonitor.o
                0x000018e8                BattMonitor_Run
 .text.BattMonitor_CalculateFlashRate
                0x00001d00       0xa8 .\CortexM3\ARM_GCC_441\Debug\BattMonitor.o
                0x00001d00                BattMonitor_CalculateFlashRate
 .text.Comms_Init
                0x00001da8       0x2c .\CortexM3\ARM_GCC_441\Debug\Comms.o
                0x00001da8                Comms_Init
 .text.Comms_Run
                0x00001dd4      0x3a8 .\CortexM3\ARM_GCC_441\Debug\Comms.o
                0x00001dd4                Comms_Run
 .text.Comms_RetrieveData
                0x0000217c      0x2fc .\CortexM3\ARM_GCC_441\Debug\Comms.o
                0x0000217c                Comms_RetrieveData
 .text.Comms_TurnOn
                0x00002478       0x18 .\CortexM3\ARM_GCC_441\Debug\Comms.o
                0x00002478                Comms_TurnOn
 .text.Comms_TurnOff
                0x00002490       0x18 .\CortexM3\ARM_GCC_441\Debug\Comms.o
                0x00002490                Comms_TurnOff
 .text.Comms_GetByte
                0x000024a8       0x24 .\CortexM3\ARM_GCC_441\Debug\Comms.o
                0x000024a8                Comms_GetByte
 .text.Comms_Send
                0x000024cc       0x30 .\CortexM3\ARM_GCC_441\Debug\Comms.o
                0x000024cc                Comms_Send
 .text.Comms_IsTimeout
                0x000024fc       0x30 .\CortexM3\ARM_GCC_441\Debug\Comms.o
                0x000024fc                Comms_IsTimeout
 .text.Comms_IsNewPacket
                0x0000252c       0x30 .\CortexM3\ARM_GCC_441\Debug\Comms.o
                0x0000252c                Comms_IsNewPacket
 .text.Reset    0x0000255c       0x24 .\CortexM3\ARM_GCC_441\Debug\Cm3Start.o
                0x0000255c                Reset
 .text.initialize_psoc
                0x00002580       0xa0 .\CortexM3\ARM_GCC_441\Debug\Cm3Start.o
                0x00002580                initialize_psoc
 .text.PinLedAlarm_Write
                0x00002620       0x40 .\CortexM3\ARM_GCC_441\Debug\Skateboard Remote.a(PinLedAlarm.o)
                0x00002620                PinLedAlarm_Write
 .text.PinLedAlarm_Read
                0x00002660       0x20 .\CortexM3\ARM_GCC_441\Debug\Skateboard Remote.a(PinLedAlarm.o)
                0x00002660                PinLedAlarm_Read
 .text.CyDmacConfigure
                0x00002680       0x70 .\CortexM3\ARM_GCC_441\Debug\Skateboard Remote.a(CyDmac.o)
                0x00002680                CyDmacConfigure
 .text.CyHalt   0x000026f0       0x18 .\CortexM3\ARM_GCC_441\Debug\Skateboard Remote.a(CyLib.o)
                0x000026f0                CyHalt
 .text.CyDelay  0x00002708       0x48 .\CortexM3\ARM_GCC_441\Debug\Skateboard Remote.a(CyLib.o)
                0x00002708                CyDelay
 .text.CyDelayUs
                0x00002750       0x28 .\CortexM3\ARM_GCC_441\Debug\Skateboard Remote.a(CyLib.o)
                0x00002750                CyDelayUs
 .text.CyIntSetVector
                0x00002778       0x68 .\CortexM3\ARM_GCC_441\Debug\Skateboard Remote.a(CyLib.o)
                0x00002778                CyIntSetVector
 .text.CyIntSetPriority
                0x000027e0       0x5c .\CortexM3\ARM_GCC_441\Debug\Skateboard Remote.a(CyLib.o)
                0x000027e0                CyIntSetPriority
 .text.CyIntEnable
                0x0000283c       0x48 .\CortexM3\ARM_GCC_441\Debug\Skateboard Remote.a(CyLib.o)
                0x0000283c                CyIntEnable
 .text.CyIntDisable
                0x00002884       0x48 .\CortexM3\ARM_GCC_441\Debug\Skateboard Remote.a(CyLib.o)
                0x00002884                CyIntDisable
 .text.CyIntClearPending
                0x000028cc       0x48 .\CortexM3\ARM_GCC_441\Debug\Skateboard Remote.a(CyLib.o)
                0x000028cc                CyIntClearPending
 .text.PinLedMotorOn_Write
                0x00002914       0x44 .\CortexM3\ARM_GCC_441\Debug\Skateboard Remote.a(PinLedMotorOn.o)
                0x00002914                PinLedMotorOn_Write
 .text.PinLedMotorOn_Read
                0x00002958       0x24 .\CortexM3\ARM_GCC_441\Debug\Skateboard Remote.a(PinLedMotorOn.o)
                0x00002958                PinLedMotorOn_Read
 .text.PinLedInRange_Write
                0x0000297c       0x44 .\CortexM3\ARM_GCC_441\Debug\Skateboard Remote.a(PinLedInRange.o)
                0x0000297c                PinLedInRange_Write
 .text.PinLedInRange_Read
                0x000029c0       0x24 .\CortexM3\ARM_GCC_441\Debug\Skateboard Remote.a(PinLedInRange.o)
                0x000029c0                PinLedInRange_Read
 .text.PinLedRemoteBattLevelHigh_Write
                0x000029e4       0x44 .\CortexM3\ARM_GCC_441\Debug\Skateboard Remote.a(PinLedRemoteBattLevelHigh.o)
                0x000029e4                PinLedRemoteBattLevelHigh_Write
 .text.PinLedRemoteBattLevelHigh_Read
                0x00002a28       0x24 .\CortexM3\ARM_GCC_441\Debug\Skateboard Remote.a(PinLedRemoteBattLevelHigh.o)
                0x00002a28                PinLedRemoteBattLevelHigh_Read
 .text.PinLedRemoteBattLevelMed_Write
                0x00002a4c       0x44 .\CortexM3\ARM_GCC_441\Debug\Skateboard Remote.a(PinLedRemoteBattLevelMed.o)
                0x00002a4c                PinLedRemoteBattLevelMed_Write
 .text.PinLedRemoteBattLevelMed_Read
                0x00002a90       0x24 .\CortexM3\ARM_GCC_441\Debug\Skateboard Remote.a(PinLedRemoteBattLevelMed.o)
                0x00002a90                PinLedRemoteBattLevelMed_Read
 .text.PinLedRemoteBattLevelLow_Write
                0x00002ab4       0x40 .\CortexM3\ARM_GCC_441\Debug\Skateboard Remote.a(PinLedRemoteBattLevelLow.o)
                0x00002ab4                PinLedRemoteBattLevelLow_Write
 .text.PinLedRemoteBattLevelLow_Read
                0x00002af4       0x20 .\CortexM3\ARM_GCC_441\Debug\Skateboard Remote.a(PinLedRemoteBattLevelLow.o)
                0x00002af4                PinLedRemoteBattLevelLow_Read
 .text.PinLedBoardBattLevelHigh_Write
                0x00002b14       0x44 .\CortexM3\ARM_GCC_441\Debug\Skateboard Remote.a(PinLedBoardBattLevelHigh.o)
                0x00002b14                PinLedBoardBattLevelHigh_Write
 .text.PinLedBoardBattLevelHigh_Read
                0x00002b58       0x24 .\CortexM3\ARM_GCC_441\Debug\Skateboard Remote.a(PinLedBoardBattLevelHigh.o)
                0x00002b58                PinLedBoardBattLevelHigh_Read
 .text.PinLedBoardBattLevelMed_Write
                0x00002b7c       0x40 .\CortexM3\ARM_GCC_441\Debug\Skateboard Remote.a(PinLedBoardBattLevelMed.o)
                0x00002b7c                PinLedBoardBattLevelMed_Write
 .text.PinLedBoardBattLevelMed_Read
                0x00002bbc       0x20 .\CortexM3\ARM_GCC_441\Debug\Skateboard Remote.a(PinLedBoardBattLevelMed.o)
                0x00002bbc                PinLedBoardBattLevelMed_Read
 .text.PinLedBoardBattLevelLow_Write
                0x00002bdc       0x44 .\CortexM3\ARM_GCC_441\Debug\Skateboard Remote.a(PinLedBoardBattLevelLow.o)
                0x00002bdc                PinLedBoardBattLevelLow_Write
 .text.PinLedBoardBattLevelLow_Read
                0x00002c20       0x24 .\CortexM3\ARM_GCC_441\Debug\Skateboard Remote.a(PinLedBoardBattLevelLow.o)
                0x00002c20                PinLedBoardBattLevelLow_Read
 .text.CapSense_Init
                0x00002c44      0x18c .\CortexM3\ARM_GCC_441\Debug\Skateboard Remote.a(CapSense.o)
                0x00002c44                CapSense_Init
 .text.CapSense_Enable
                0x00002dd0       0xc4 .\CortexM3\ARM_GCC_441\Debug\Skateboard Remote.a(CapSense.o)
                0x00002dd0                CapSense_Enable
 .text.CapSense_Start
                0x00002e94       0x2c .\CortexM3\ARM_GCC_441\Debug\Skateboard Remote.a(CapSense.o)
                0x00002e94                CapSense_Start
 .text.CapSense_FindNextSensor
                0x00002ec0       0x5c .\CortexM3\ARM_GCC_441\Debug\Skateboard Remote.a(CapSense.o)
                0x00002ec0                CapSense_FindNextSensor
 .text.CapSense_SetScanSlotSettings
                0x00002f1c       0x5c .\CortexM3\ARM_GCC_441\Debug\Skateboard Remote.a(CapSense.o)
                0x00002f1c                CapSense_SetScanSlotSettings
 .text.CapSense_ScanSensor
                0x00002f78       0x44 .\CortexM3\ARM_GCC_441\Debug\Skateboard Remote.a(CapSense.o)
                0x00002f78                CapSense_ScanSensor
 .text.CapSense_ScanEnabledWidgets
                0x00002fbc       0x80 .\CortexM3\ARM_GCC_441\Debug\Skateboard Remote.a(CapSense.o)
                0x00002fbc                CapSense_ScanEnabledWidgets
 .text.CapSense_IsBusy
                0x0000303c       0x2c .\CortexM3\ARM_GCC_441\Debug\Skateboard Remote.a(CapSense.o)
                0x0000303c                CapSense_IsBusy
 .text.CapSense_ClearSensors
                0x00003068       0x2c .\CortexM3\ARM_GCC_441\Debug\Skateboard Remote.a(CapSense.o)
                0x00003068                CapSense_ClearSensors
 .text.CapSense_EnableSensor
                0x00003094       0x80 .\CortexM3\ARM_GCC_441\Debug\Skateboard Remote.a(CapSense.o)
                0x00003094                CapSense_EnableSensor
 .text.CapSense_DisableSensor
                0x00003114       0x88 .\CortexM3\ARM_GCC_441\Debug\Skateboard Remote.a(CapSense.o)
                0x00003114                CapSense_DisableSensor
 .text.CapSense_PreScan
                0x0000319c       0x74 .\CortexM3\ARM_GCC_441\Debug\Skateboard Remote.a(CapSense.o)
                0x0000319c                CapSense_PreScan
 .text.CapSense_PostScan
                0x00003210       0xc8 .\CortexM3\ARM_GCC_441\Debug\Skateboard Remote.a(CapSense.o)
                0x00003210                CapSense_PostScan
 .text.CapSense_IdacCH0_Init
                0x000032d8       0x34 .\CortexM3\ARM_GCC_441\Debug\Skateboard Remote.a(CapSense.o)
                0x000032d8                CapSense_IdacCH0_Init
 .text.CapSense_IdacCH0_Enable
                0x0000330c       0x84 .\CortexM3\ARM_GCC_441\Debug\Skateboard Remote.a(CapSense.o)
                0x0000330c                CapSense_IdacCH0_Enable
 .text.CapSense_IdacCH0_SetValue
                0x00003390       0x3c .\CortexM3\ARM_GCC_441\Debug\Skateboard Remote.a(CapSense.o)
                0x00003390                CapSense_IdacCH0_SetValue
 .text.CapSense_IdacCH0_DacTrim
                0x000033cc       0x5c .\CortexM3\ARM_GCC_441\Debug\Skateboard Remote.a(CapSense.o)
                0x000033cc                CapSense_IdacCH0_DacTrim
 .text.CapSense_IdacCH0_SetRange
                0x00003428       0x54 .\CortexM3\ARM_GCC_441\Debug\Skateboard Remote.a(CapSense.o)
                0x00003428                CapSense_IdacCH0_SetRange
 .text.CapSense_SetPrescaler
                0x0000347c       0x34 .\CortexM3\ARM_GCC_441\Debug\Skateboard Remote.a(CapSense.o)
                0x0000347c                CapSense_SetPrescaler
 .text.CapSense_SetAnalogSwitchesSource
                0x000034b0       0x54 .\CortexM3\ARM_GCC_441\Debug\Skateboard Remote.a(CapSense.o)
                0x000034b0                CapSense_SetAnalogSwitchesSource
 .text.CapSense_BaseInit
                0x00003504       0x94 .\CortexM3\ARM_GCC_441\Debug\Skateboard Remote.a(CapSense_CSHL.o)
                0x00003504                CapSense_BaseInit
 .text.CapSense_InitializeSensorBaseline
                0x00003598       0x2c .\CortexM3\ARM_GCC_441\Debug\Skateboard Remote.a(CapSense_CSHL.o)
                0x00003598                CapSense_InitializeSensorBaseline
 .text.CapSense_InitializeAllBaselines
                0x000035c4       0x2c .\CortexM3\ARM_GCC_441\Debug\Skateboard Remote.a(CapSense_CSHL.o)
                0x000035c4                CapSense_InitializeAllBaselines
 .text.CapSense_UpdateSensorBaseline
                0x000035f0      0x1e4 .\CortexM3\ARM_GCC_441\Debug\Skateboard Remote.a(CapSense_CSHL.o)
                0x000035f0                CapSense_UpdateSensorBaseline
 .text.CapSense_UpdateEnabledBaselines
                0x000037d4       0x5c .\CortexM3\ARM_GCC_441\Debug\Skateboard Remote.a(CapSense_CSHL.o)
                0x000037d4                CapSense_UpdateEnabledBaselines
 .text.CapSense_CheckIsSensorActive
                0x00003830      0x174 .\CortexM3\ARM_GCC_441\Debug\Skateboard Remote.a(CapSense_CSHL.o)
                0x00003830                CapSense_CheckIsSensorActive
 .text.CapSense_CheckIsWidgetActive
                0x000039a4       0x60 .\CortexM3\ARM_GCC_441\Debug\Skateboard Remote.a(CapSense_CSHL.o)
                0x000039a4                CapSense_CheckIsWidgetActive
 .text.CapSense_IIR4Filter
                0x00003a04       0x3c .\CortexM3\ARM_GCC_441\Debug\Skateboard Remote.a(CapSense_CSHL.o)
                0x00003a04                CapSense_IIR4Filter
 .text.CapSense_IsrCH0_ISR
                0x00003a40       0xa8 .\CortexM3\ARM_GCC_441\Debug\Skateboard Remote.a(CapSense_INT.o)
                0x00003a40                CapSense_IsrCH0_ISR
 .text.CapSense_CompCH0_Init
                0x00003ae8       0x7c .\CortexM3\ARM_GCC_441\Debug\Skateboard Remote.a(CapSense_CompCH0.o)
                0x00003ae8                CapSense_CompCH0_Init
 .text.CapSense_CompCH0_Enable
                0x00003b64       0x74 .\CortexM3\ARM_GCC_441\Debug\Skateboard Remote.a(CapSense_CompCH0.o)
                0x00003b64                CapSense_CompCH0_Enable
 .text.CapSense_CompCH0_SetSpeed
                0x00003bd8       0x70 .\CortexM3\ARM_GCC_441\Debug\Skateboard Remote.a(CapSense_CompCH0.o)
                0x00003bd8                CapSense_CompCH0_SetSpeed
 .text.CapSense_AMuxCH0_Init
                0x00003c48        0xc .\CortexM3\ARM_GCC_441\Debug\Skateboard Remote.a(CapSense_AMuxCH0.o)
                0x00003c48                CapSense_AMuxCH0_Init
 .text.CapSense_AMuxCH0_DisconnectAll
                0x00003c54       0x2c .\CortexM3\ARM_GCC_441\Debug\Skateboard Remote.a(CapSense_AMuxCH0.o)
                0x00003c54                CapSense_AMuxCH0_DisconnectAll
 .text.CapSense_IntClock_Start
                0x00003c80       0x28 .\CortexM3\ARM_GCC_441\Debug\Skateboard Remote.a(CapSense_IntClock.o)
                0x00003c80                CapSense_IntClock_Start
 .text.UartXbee_Start
                0x00003ca8       0x2c .\CortexM3\ARM_GCC_441\Debug\Skateboard Remote.a(UartXbee.o)
                0x00003ca8                UartXbee_Start
 .text.UartXbee_Init
                0x00003cd4       0x78 .\CortexM3\ARM_GCC_441\Debug\Skateboard Remote.a(UartXbee.o)
                0x00003cd4                UartXbee_Init
 .text.UartXbee_Enable
                0x00003d4c       0xa0 .\CortexM3\ARM_GCC_441\Debug\Skateboard Remote.a(UartXbee.o)
                0x00003d4c                UartXbee_Enable
 .text.UartXbee_EnableRxInt
                0x00003dec       0x10 .\CortexM3\ARM_GCC_441\Debug\Skateboard Remote.a(UartXbee.o)
                0x00003dec                UartXbee_EnableRxInt
 .text.UartXbee_DisableRxInt
                0x00003dfc       0x10 .\CortexM3\ARM_GCC_441\Debug\Skateboard Remote.a(UartXbee.o)
                0x00003dfc                UartXbee_DisableRxInt
 .text.UartXbee_GetChar
                0x00003e0c       0xf8 .\CortexM3\ARM_GCC_441\Debug\Skateboard Remote.a(UartXbee.o)
                0x00003e0c                UartXbee_GetChar
 .text.UartXbee_GetRxBufferSize
                0x00003f04       0xb8 .\CortexM3\ARM_GCC_441\Debug\Skateboard Remote.a(UartXbee.o)
                0x00003f04                UartXbee_GetRxBufferSize
 .text.UartXbee_EnableTxInt
                0x00003fbc       0x10 .\CortexM3\ARM_GCC_441\Debug\Skateboard Remote.a(UartXbee.o)
                0x00003fbc                UartXbee_EnableTxInt
 .text.UartXbee_DisableTxInt
                0x00003fcc       0x10 .\CortexM3\ARM_GCC_441\Debug\Skateboard Remote.a(UartXbee.o)
                0x00003fcc                UartXbee_DisableTxInt
 .text.UartXbee_PutChar
                0x00003fdc       0xe4 .\CortexM3\ARM_GCC_441\Debug\Skateboard Remote.a(UartXbee.o)
                0x00003fdc                UartXbee_PutChar
 .text.UartXbee_PutArray
                0x000040c0       0x44 .\CortexM3\ARM_GCC_441\Debug\Skateboard Remote.a(UartXbee.o)
                0x000040c0                UartXbee_PutArray
 .text.UartXbee_RXISR
                0x00004104       0xec .\CortexM3\ARM_GCC_441\Debug\Skateboard Remote.a(UartXbee_INT.o)
                0x00004104                UartXbee_RXISR
 .text.UartXbee_TXISR
                0x000041f0       0x98 .\CortexM3\ARM_GCC_441\Debug\Skateboard Remote.a(UartXbee_INT.o)
                0x000041f0                UartXbee_TXISR
 .text.AdcSar_Start
                0x00004288       0x2c .\CortexM3\ARM_GCC_441\Debug\Skateboard Remote.a(AdcSar.o)
                0x00004288                AdcSar_Start
 .text.AdcSar_Init
                0x000042b4       0x5c .\CortexM3\ARM_GCC_441\Debug\Skateboard Remote.a(AdcSar.o)
                0x000042b4                AdcSar_Init
 .text.AdcSar_Enable
                0x00004310      0x120 .\CortexM3\ARM_GCC_441\Debug\Skateboard Remote.a(AdcSar.o)
                0x00004310                AdcSar_Enable
 .text.AdcSar_SetRef
                0x00004430       0x7c .\CortexM3\ARM_GCC_441\Debug\Skateboard Remote.a(AdcSar.o)
                0x00004430                AdcSar_SetRef
 .text.AdcSar_SetResolution
                0x000044ac       0x68 .\CortexM3\ARM_GCC_441\Debug\Skateboard Remote.a(AdcSar.o)
                0x000044ac                AdcSar_SetResolution
 .text.AdcSar_StartConvert
                0x00004514       0x28 .\CortexM3\ARM_GCC_441\Debug\Skateboard Remote.a(AdcSar.o)
                0x00004514                AdcSar_StartConvert
 .text.AdcSar_IsEndConversion
                0x0000453c       0x4c .\CortexM3\ARM_GCC_441\Debug\Skateboard Remote.a(AdcSar.o)
                0x0000453c                AdcSar_IsEndConversion
 .text.AdcSar_GetResult16
                0x00004588       0x6c .\CortexM3\ARM_GCC_441\Debug\Skateboard Remote.a(AdcSar.o)
                0x00004588                AdcSar_GetResult16
 .text.AdcSar_CalcGain
                0x000045f4       0x78 .\CortexM3\ARM_GCC_441\Debug\Skateboard Remote.a(AdcSar.o)
                0x000045f4                AdcSar_CalcGain
 .text.AdcSar_CountsTo_mVolts
                0x0000466c       0x54 .\CortexM3\ARM_GCC_441\Debug\Skateboard Remote.a(AdcSar.o)
                0x0000466c                AdcSar_CountsTo_mVolts
 .text.AdcSar_ISR
                0x000046c0        0xc .\CortexM3\ARM_GCC_441\Debug\Skateboard Remote.a(AdcSar_INT.o)
                0x000046c0                AdcSar_ISR
 .text.AMuxAdc_Init
                0x000046cc        0xc .\CortexM3\ARM_GCC_441\Debug\Skateboard Remote.a(AMuxAdc.o)
                0x000046cc                AMuxAdc_Init
 .text.AMuxAdc_Select
                0x000046d8       0x2c .\CortexM3\ARM_GCC_441\Debug\Skateboard Remote.a(AMuxAdc.o)
                0x000046d8                AMuxAdc_Select
 .text.AMuxAdc_DisconnectAll
                0x00004704       0x2c .\CortexM3\ARM_GCC_441\Debug\Skateboard Remote.a(AMuxAdc.o)
                0x00004704                AMuxAdc_DisconnectAll
 .text.AdcSar_theACLK_SetModeRegister
                0x00004730       0x38 .\CortexM3\ARM_GCC_441\Debug\Skateboard Remote.a(AdcSar_theACLK.o)
                0x00004730                AdcSar_theACLK_SetModeRegister
 .text.UartDebug_Start
                0x00004768       0x2c .\CortexM3\ARM_GCC_441\Debug\Skateboard Remote.a(UartDebug.o)
                0x00004768                UartDebug_Start
 .text.UartDebug_Init
                0x00004794       0x4c .\CortexM3\ARM_GCC_441\Debug\Skateboard Remote.a(UartDebug.o)
                0x00004794                UartDebug_Init
 .text.UartDebug_Enable
                0x000047e0       0x60 .\CortexM3\ARM_GCC_441\Debug\Skateboard Remote.a(UartDebug.o)
                0x000047e0                UartDebug_Enable
 .text.UartDebug_EnableTxInt
                0x00004840       0x10 .\CortexM3\ARM_GCC_441\Debug\Skateboard Remote.a(UartDebug.o)
                0x00004840                UartDebug_EnableTxInt
 .text.UartDebug_DisableTxInt
                0x00004850       0x10 .\CortexM3\ARM_GCC_441\Debug\Skateboard Remote.a(UartDebug.o)
                0x00004850                UartDebug_DisableTxInt
 .text.UartDebug_ReadTxStatus
                0x00004860       0x18 .\CortexM3\ARM_GCC_441\Debug\Skateboard Remote.a(UartDebug.o)
                0x00004860                UartDebug_ReadTxStatus
 .text.UartDebug_PutChar
                0x00004878       0xe4 .\CortexM3\ARM_GCC_441\Debug\Skateboard Remote.a(UartDebug.o)
                0x00004878                UartDebug_PutChar
 .text.UartDebug_PutString
                0x0000495c       0x3c .\CortexM3\ARM_GCC_441\Debug\Skateboard Remote.a(UartDebug.o)
                0x0000495c                UartDebug_PutString
 .text.UartDebug_TXISR
                0x00004998       0x98 .\CortexM3\ARM_GCC_441\Debug\Skateboard Remote.a(UartDebug_INT.o)
                0x00004998                UartDebug_TXISR
 .text.IsrMainTick_StartEx
                0x00004a30       0x28 .\CortexM3\ARM_GCC_441\Debug\Skateboard Remote.a(IsrMainTick.o)
                0x00004a30                IsrMainTick_StartEx
 .text.IsrMainTick_SetVector
                0x00004a58       0x28 .\CortexM3\ARM_GCC_441\Debug\Skateboard Remote.a(IsrMainTick.o)
                0x00004a58                IsrMainTick_SetVector
 .text.IsrMainTick_SetPriority
                0x00004a80       0x28 .\CortexM3\ARM_GCC_441\Debug\Skateboard Remote.a(IsrMainTick.o)
                0x00004a80                IsrMainTick_SetPriority
 .text.IsrMainTick_Enable
                0x00004aa8       0x18 .\CortexM3\ARM_GCC_441\Debug\Skateboard Remote.a(IsrMainTick.o)
                0x00004aa8                IsrMainTick_Enable
 .text.IsrMainTick_Disable
                0x00004ac0       0x18 .\CortexM3\ARM_GCC_441\Debug\Skateboard Remote.a(IsrMainTick.o)
                0x00004ac0                IsrMainTick_Disable
 .text.TimerMainTick_Init
                0x00004ad8       0x58 .\CortexM3\ARM_GCC_441\Debug\Skateboard Remote.a(TimerMainTick.o)
                0x00004ad8                TimerMainTick_Init
 .text.TimerMainTick_Enable
                0x00004b30       0x2c .\CortexM3\ARM_GCC_441\Debug\Skateboard Remote.a(TimerMainTick.o)
                0x00004b30                TimerMainTick_Enable
 .text.TimerMainTick_Start
                0x00004b5c       0x2c .\CortexM3\ARM_GCC_441\Debug\Skateboard Remote.a(TimerMainTick.o)
                0x00004b5c                TimerMainTick_Start
 .text.TimerMainTick_SetInterruptMode
                0x00004b88       0x20 .\CortexM3\ARM_GCC_441\Debug\Skateboard Remote.a(TimerMainTick.o)
                0x00004b88                TimerMainTick_SetInterruptMode
 .text.TimerMainTick_ReadStatusRegister
                0x00004ba8       0x18 .\CortexM3\ARM_GCC_441\Debug\Skateboard Remote.a(TimerMainTick.o)
                0x00004ba8                TimerMainTick_ReadStatusRegister
 .text.TimerMainTick_WritePeriod
                0x00004bc0       0x20 .\CortexM3\ARM_GCC_441\Debug\Skateboard Remote.a(TimerMainTick.o)
                0x00004bc0                TimerMainTick_WritePeriod
 .text.TimerMainTick_ReadCapture
                0x00004be0       0x18 .\CortexM3\ARM_GCC_441\Debug\Skateboard Remote.a(TimerMainTick.o)
                0x00004be0                TimerMainTick_ReadCapture
 .text.TimerMainTick_WriteCounter
                0x00004bf8       0x20 .\CortexM3\ARM_GCC_441\Debug\Skateboard Remote.a(TimerMainTick.o)
                0x00004bf8                TimerMainTick_WriteCounter
 .text.TimerMainTick_ClearFIFO
                0x00004c18       0x1c .\CortexM3\ARM_GCC_441\Debug\Skateboard Remote.a(TimerMainTick.o)
                0x00004c18                TimerMainTick_ClearFIFO
 .text.PinXbeeSleep_Write
                0x00004c34       0x44 .\CortexM3\ARM_GCC_441\Debug\Skateboard Remote.a(PinXbeeSleep.o)
                0x00004c34                PinXbeeSleep_Write
 .text.PinDebug_Write
                0x00004c78       0x44 .\CortexM3\ARM_GCC_441\Debug\Skateboard Remote.a(PinDebug.o)
                0x00004c78                PinDebug_Write
 .text.cymemzero8
                0x00004cbc       0x44 .\CortexM3\ARM_GCC_441\Debug\Skateboard Remote.a(cyfitter_cfg.o)
 .text.cymemcpy8
                0x00004d00       0x50 .\CortexM3\ARM_GCC_441\Debug\Skateboard Remote.a(cyfitter_cfg.o)
 .text.cfg_dma_init
                0x00004d50      0x208 .\CortexM3\ARM_GCC_441\Debug\Skateboard Remote.a(cyfitter_cfg.o)
 .text.ClockSetup
                0x00004f58      0x170 .\CortexM3\ARM_GCC_441\Debug\Skateboard Remote.a(cyfitter_cfg.o)
 .text.AnalogSetDefault
                0x000050c8      0x108 .\CortexM3\ARM_GCC_441\Debug\Skateboard Remote.a(cyfitter_cfg.o)
                0x000050c8                AnalogSetDefault
 .text.AMuxAdc_Set
                0x000051d0       0x94 .\CortexM3\ARM_GCC_441\Debug\Skateboard Remote.a(cyfitter_cfg.o)
                0x000051d0                AMuxAdc_Set
 .text.AMuxAdc_Unset
                0x00005264       0xa8 .\CortexM3\ARM_GCC_441\Debug\Skateboard Remote.a(cyfitter_cfg.o)
                0x00005264                AMuxAdc_Unset
 .text.CapSense_AMuxCH0_Set
                0x0000530c       0x50 .\CortexM3\ARM_GCC_441\Debug\Skateboard Remote.a(cyfitter_cfg.o)
                0x0000530c                CapSense_AMuxCH0_Set
 .text.CapSense_AMuxCH0_Unset
                0x0000535c       0x5c .\CortexM3\ARM_GCC_441\Debug\Skateboard Remote.a(cyfitter_cfg.o)
                0x0000535c                CapSense_AMuxCH0_Unset
 .text.cyfitter_cfg
                0x000053b8      0x2b0 .\CortexM3\ARM_GCC_441\Debug\Skateboard Remote.a(cyfitter_cfg.o)
                0x000053b8                cyfitter_cfg
 .text          0x00005668       0x20 .\CortexM3\ARM_GCC_441\Debug\Skateboard Remote.a(CyBootAsmGnu.o)
                0x00005668                CyDelayCycles
                0x00005678                CyEnterCriticalSection
                0x00005680                CyExitCriticalSection
 .text.CySetReg24
                0x00005688       0x4c .\CortexM3\ARM_GCC_441\Debug\Skateboard Remote.a(cyutils.o)
                0x00005688                CySetReg24
 .text          0x000056d4      0x370 c:/program files (x86)/cypress/psoc creator/2.0/psoc creator/import/gnu_cs/arm/4.4.1/bin/../lib/gcc/arm-none-eabi/4.4.1/thumb2\libgcc.a(_arm_addsubdf3.o)
                0x000056d4                __aeabi_drsub
                0x000056dc                __aeabi_dsub
                0x000056dc                __subdf3
                0x000056e0                __aeabi_dadd
                0x000056e0                __adddf3
                0x00005958                __floatunsidf
                0x00005958                __aeabi_ui2d
                0x00005978                __floatsidf
                0x00005978                __aeabi_i2d
                0x0000599c                __aeabi_f2d
                0x0000599c                __extendsfdf2
                0x000059d8                __floatundidf
                0x000059d8                __aeabi_ul2d
                0x000059e8                __floatdidf
                0x000059e8                __aeabi_l2d
 .text          0x00005a44      0x424 c:/program files (x86)/cypress/psoc creator/2.0/psoc creator/import/gnu_cs/arm/4.4.1/bin/../lib/gcc/arm-none-eabi/4.4.1/thumb2\libgcc.a(_arm_muldivdf3.o)
                0x00005a44                __aeabi_dmul
                0x00005a44                __muldf3
                0x00005c98                __divdf3
                0x00005c98                __aeabi_ddiv
 .text          0x00005e68      0x110 c:/program files (x86)/cypress/psoc creator/2.0/psoc creator/import/gnu_cs/arm/4.4.1/bin/../lib/gcc/arm-none-eabi/4.4.1/thumb2\libgcc.a(_arm_cmpdf2.o)
                0x00005e68                __gtdf2
                0x00005e68                __gedf2
                0x00005e70                __ltdf2
                0x00005e70                __ledf2
                0x00005e78                __nedf2
                0x00005e78                __eqdf2
                0x00005e78                __cmpdf2
                0x00005ef4                __aeabi_cdrcmple
                0x00005f04                __aeabi_cdcmpeq
                0x00005f04                __aeabi_cdcmple
                0x00005f14                __aeabi_dcmpeq
                0x00005f28                __aeabi_dcmplt
                0x00005f3c                __aeabi_dcmple
                0x00005f50                __aeabi_dcmpge
                0x00005f64                __aeabi_dcmpgt
 .text          0x00005f78       0x40 c:/program files (x86)/cypress/psoc creator/2.0/psoc creator/import/gnu_cs/arm/4.4.1/bin/../lib/gcc/arm-none-eabi/4.4.1/thumb2\libgcc.a(_arm_fixunsdfsi.o)
                0x00005f78                __aeabi_d2uiz
                0x00005f78                __fixunsdfsi
 .text          0x00005fb8      0x190 c:/program files (x86)/cypress/psoc creator/2.0/psoc creator/import/gnu_cs/arm/4.4.1/bin/../lib/gcc/arm-none-eabi/4.4.1/../../../../arm-none-eabi/lib/thumb2\libc.a(lib_a-memcpy.o)
                0x00005fb8                memcpy
 .text          0x00006148       0xd4 c:/program files (x86)/cypress/psoc creator/2.0/psoc creator/import/gnu_cs/arm/4.4.1/bin/../lib/gcc/arm-none-eabi/4.4.1/../../../../arm-none-eabi/lib/thumb2\libc.a(lib_a-memset.o)
                0x00006148                memset
 .text          0x0000621c       0xdc c:/program files (x86)/cypress/psoc creator/2.0/psoc creator/import/gnu_cs/arm/4.4.1/bin/../lib/gcc/arm-none-eabi/4.4.1/../../../../arm-none-eabi/lib/thumb2\libc.a(lib_a-snprintf.o)
                0x0000621c                snprintf
                0x00006290                _snprintf_r
 .text          0x000062f8     0x15a8 c:/program files (x86)/cypress/psoc creator/2.0/psoc creator/import/gnu_cs/arm/4.4.1/bin/../lib/gcc/arm-none-eabi/4.4.1/../../../../arm-none-eabi/lib/thumb2\libc.a(lib_a-svfprintf.o)
                0x00006414                _svfprintf_r
 .text          0x000078a0      0xfb8 c:/program files (x86)/cypress/psoc creator/2.0/psoc creator/import/gnu_cs/arm/4.4.1/bin/../lib/gcc/arm-none-eabi/4.4.1/../../../../arm-none-eabi/lib/thumb2\libc.a(lib_a-dtoa.o)
                0x000079c0                _dtoa_r
 .text          0x00008858      0x268 c:/program files (x86)/cypress/psoc creator/2.0/psoc creator/import/gnu_cs/arm/4.4.1/bin/../lib/gcc/arm-none-eabi/4.4.1/../../../../arm-none-eabi/lib/thumb2\libc.a(lib_a-freer.o)
                0x00008858                _malloc_trim_r
                0x00008900                _free_r
 .text          0x00008ac0       0x74 c:/program files (x86)/cypress/psoc creator/2.0/psoc creator/import/gnu_cs/arm/4.4.1/bin/../lib/gcc/arm-none-eabi/4.4.1/../../../../arm-none-eabi/lib/thumb2\libc.a(lib_a-locale.o)
                0x00008ac0                __locale_charset
                0x00008acc                _localeconv_r
                0x00008ad4                localeconv
                0x00008adc                _setlocale_r
                0x00008b24                setlocale
 .text          0x00008b34       0x20 c:/program files (x86)/cypress/psoc creator/2.0/psoc creator/import/gnu_cs/arm/4.4.1/bin/../lib/gcc/arm-none-eabi/4.4.1/../../../../arm-none-eabi/lib/thumb2\libc.a(lib_a-malloc.o)
                0x00008b34                free
                0x00008b44                malloc
 .text          0x00008b54      0x5a4 c:/program files (x86)/cypress/psoc creator/2.0/psoc creator/import/gnu_cs/arm/4.4.1/bin/../lib/gcc/arm-none-eabi/4.4.1/../../../../arm-none-eabi/lib/thumb2\libc.a(lib_a-mallocr.o)
                0x00008b54                _malloc_r
 .text          0x000090f8       0x74 c:/program files (x86)/cypress/psoc creator/2.0/psoc creator/import/gnu_cs/arm/4.4.1/bin/../lib/gcc/arm-none-eabi/4.4.1/../../../../arm-none-eabi/lib/thumb2\libc.a(lib_a-memchr.o)
                0x000090f8                memchr
 .text          0x0000916c       0xb8 c:/program files (x86)/cypress/psoc creator/2.0/psoc creator/import/gnu_cs/arm/4.4.1/bin/../lib/gcc/arm-none-eabi/4.4.1/../../../../arm-none-eabi/lib/thumb2\libc.a(lib_a-memmove.o)
                0x0000916c                memmove
 .text          0x00009224        0x8 c:/program files (x86)/cypress/psoc creator/2.0/psoc creator/import/gnu_cs/arm/4.4.1/bin/../lib/gcc/arm-none-eabi/4.4.1/../../../../arm-none-eabi/lib/thumb2\libc.a(lib_a-mlock.o)
                0x00009224                __malloc_lock
                0x00009228                __malloc_unlock
 .text          0x0000922c      0x958 c:/program files (x86)/cypress/psoc creator/2.0/psoc creator/import/gnu_cs/arm/4.4.1/bin/../lib/gcc/arm-none-eabi/4.4.1/../../../../arm-none-eabi/lib/thumb2\libc.a(lib_a-mprec.o)
                0x0000922c                __hi0bits
                0x0000926c                __lo0bits
                0x000092d0                __mcmp
                0x00009310                __ulp
                0x0000935c                __b2d
                0x00009404                __ratio
                0x00009464                _mprec_log10
                0x0000949c                __copybits
                0x000094ec                __any_on
                0x00009544                _Bfree
                0x0000957c                _Balloc
                0x000095e8                __d2b
                0x000096b8                __mdiff
                0x000097b0                __lshift
                0x0000986c                __multiply
                0x000099a0                __i2b
                0x000099b4                __multadd
                0x00009a3c                __pow5mult
                0x00009ae8                __s2b
 .text          0x00009b84      0x3b4 c:/program files (x86)/cypress/psoc creator/2.0/psoc creator/import/gnu_cs/arm/4.4.1/bin/../lib/gcc/arm-none-eabi/4.4.1/../../../../arm-none-eabi/lib/thumb2\libc.a(lib_a-reallocr.o)
                0x00009b84                _realloc_r
 .text          0x00009f38       0x24 c:/program files (x86)/cypress/psoc creator/2.0/psoc creator/import/gnu_cs/arm/4.4.1/bin/../lib/gcc/arm-none-eabi/4.4.1/../../../../arm-none-eabi/lib/thumb2\libc.a(lib_a-s_isinfd.o)
                0x00009f38                __isinfd
 .text          0x00009f5c       0x1c c:/program files (x86)/cypress/psoc creator/2.0/psoc creator/import/gnu_cs/arm/4.4.1/bin/../lib/gcc/arm-none-eabi/4.4.1/../../../../arm-none-eabi/lib/thumb2\libc.a(lib_a-s_isnand.o)
                0x00009f5c                __isnand
 .text          0x00009f78       0x28 c:/program files (x86)/cypress/psoc creator/2.0/psoc creator/import/gnu_cs/arm/4.4.1/bin/../lib/gcc/arm-none-eabi/4.4.1/../../../../arm-none-eabi/lib/thumb2\libc.a(lib_a-sbrkr.o)
                0x00009f78                _sbrk_r
 .text          0x00009fa0      0x1dc c:/program files (x86)/cypress/psoc creator/2.0/psoc creator/import/gnu_cs/arm/4.4.1/bin/../lib/gcc/arm-none-eabi/4.4.1/../../../../arm-none-eabi/lib/thumb2\libc.a(lib_a-strcmp.o)
                0x00009fa0                strcmp
 .text          0x0000a17c       0x60 c:/program files (x86)/cypress/psoc creator/2.0/psoc creator/import/gnu_cs/arm/4.4.1/bin/../lib/gcc/arm-none-eabi/4.4.1/../../../../arm-none-eabi/lib/thumb2\libc.a(lib_a-strlen.o)
                0x0000a17c                strlen
 .text          0x0000a1dc       0x5c c:/program files (x86)/cypress/psoc creator/2.0/psoc creator/import/gnu_cs/arm/4.4.1/bin/../lib/gcc/arm-none-eabi/4.4.1/../../../../arm-none-eabi/lib/thumb2\libc.a(lib_a-callocr.o)
                0x0000a1dc                _calloc_r
 .text          0x0000a238      0x278 c:/program files (x86)/cypress/psoc creator/2.0/psoc creator/import/gnu_cs/arm/4.4.1/bin/../lib/gcc/arm-none-eabi/4.4.1/thumb2\libgcc.a(_udivsi3.o)
                0x0000a238                __aeabi_uidiv
                0x0000a238                __udivsi3
                0x0000a494                __aeabi_uidivmod
 .text          0x0000a4b0        0x4 c:/program files (x86)/cypress/psoc creator/2.0/psoc creator/import/gnu_cs/arm/4.4.1/bin/../lib/gcc/arm-none-eabi/4.4.1/thumb2\libgcc.a(_dvmd_tls.o)
                0x0000a4b0                __aeabi_idiv0
                0x0000a4b0                __aeabi_ldiv0
 .text          0x0000a4b4       0x50 c:/program files (x86)/cypress/psoc creator/2.0/psoc creator/import/gnu_cs/arm/4.4.1/bin/../lib/gcc/arm-none-eabi/4.4.1/thumb2\libgcc.a(_arm_fixdfsi.o)
                0x0000a4b4                __aeabi_d2iz
                0x0000a4b4                __fixdfsi
 .text          0x0000a504       0x2c c:/program files (x86)/cypress/psoc creator/2.0/psoc creator/import/gnu_cs/arm/4.4.1/bin/../lib/gcc/arm-none-eabi/4.4.1/thumb2\libgcc.a(_aeabi_uldivmod.o)
                0x0000a504                __aeabi_uldivmod
 .text          0x0000a530       0x58 c:/program files (x86)/cypress/psoc creator/2.0/psoc creator/import/gnu_cs/arm/4.4.1/bin/../lib/gcc/arm-none-eabi/4.4.1/thumb2\libgcc.a(bpabi.o)
                0x0000a530                __gnu_uldivmod_helper
                0x0000a55c                __gnu_ldivmod_helper
 .text          0x0000a588      0x364 c:/program files (x86)/cypress/psoc creator/2.0/psoc creator/import/gnu_cs/arm/4.4.1/bin/../lib/gcc/arm-none-eabi/4.4.1/thumb2\libgcc.a(_divdi3.o)
                0x0000a588                __divdi3
 .text          0x0000a8ec      0x300 c:/program files (x86)/cypress/psoc creator/2.0/psoc creator/import/gnu_cs/arm/4.4.1/bin/../lib/gcc/arm-none-eabi/4.4.1/thumb2\libgcc.a(_udivdi3.o)
                0x0000a8ec                __udivdi3
 .text          0x0000abec       0x30 c:/program files (x86)/cypress/psoc creator/2.0/psoc creator/import/gnu_cs/arm/4.4.1/bin/../lib/gcc/arm-none-eabi/4.4.1/../../../../arm-none-eabi/lib/thumb2\libcs3.a(start_c.o)
                0x0000abec                __cs3_premain
 .text          0x0000ac1c       0x44 c:/program files (x86)/cypress/psoc creator/2.0/psoc creator/import/gnu_cs/arm/4.4.1/bin/../lib/gcc/arm-none-eabi/4.4.1/../../../../arm-none-eabi/lib/thumb2\libcs3unhosted.a(unhosted-sbrk.o)
                0x0000ac1c                _sbrk
 .text          0x0000ac60        0x2 c:/program files (x86)/cypress/psoc creator/2.0/psoc creator/import/gnu_cs/arm/4.4.1/bin/../lib/gcc/arm-none-eabi/4.4.1/../../../../arm-none-eabi/lib/thumb2\libcs3micro.a(micro_isr_interrupt.o)
                0x0000ac60                __cs3_isr_external_24
                0x0000ac60                __cs3_isr_external_9
                0x0000ac60                __cs3_isr_external_14
                0x0000ac60                __cs3_isr_reserved_9
                0x0000ac60                __cs3_isr_external_4
                0x0000ac60                __cs3_isr_external_21
                0x0000ac60                __cs3_isr_external_0
                0x0000ac60                __cs3_isr_external_27
                0x0000ac60                __cs3_isr_external_11
                0x0000ac60                __cs3_isr_usage_fault
                0x0000ac60                __cs3_isr_svcall
                0x0000ac60                __cs3_isr_external_3
                0x0000ac60                __cs3_isr_mpu_fault
                0x0000ac60                __cs3_isr_external_16
                0x0000ac60                __cs3_isr_pendsv
                0x0000ac60                __cs3_isr_external_31
                0x0000ac60                __cs3_isr_nmi
                0x0000ac60                __cs3_isr_external_5
                0x0000ac60                __cs3_isr_external_6
                0x0000ac60                __cs3_isr_external_12
                0x0000ac60                __cs3_isr_hard_fault
                0x0000ac60                __cs3_isr_bus_fault
                0x0000ac60                __cs3_isr_external_1
                0x0000ac60                __cs3_isr_external_13
                0x0000ac60                __cs3_isr_external_30
                0x0000ac60                __cs3_isr_external_23
                0x0000ac60                __cs3_isr_external_20
                0x0000ac60                __cs3_isr_debug
                0x0000ac60                __cs3_isr_reserved_13
                0x0000ac60                __cs3_isr_external_8
                0x0000ac60                __cs3_isr_external_26
                0x0000ac60                __cs3_isr_reserved_8
                0x0000ac60                __cs3_isr_reserved_7
                0x0000ac60                __cs3_isr_external_7
                0x0000ac60                __cs3_isr_external_28
                0x0000ac60                __cs3_isr_systick
                0x0000ac60                __cs3_isr_external_22
                0x0000ac60                __cs3_isr_external_10
                0x0000ac60                __cs3_isr_external_15
                0x0000ac60                __cs3_isr_interrupt
                0x0000ac60                __cs3_isr_external_18
                0x0000ac60                __cs3_isr_external_29
                0x0000ac60                __cs3_isr_external_25
                0x0000ac60                __cs3_isr_reserved_10
                0x0000ac60                __cs3_isr_external_2
                0x0000ac60                __cs3_isr_external_17
                0x0000ac60                __cs3_isr_external_19
 *fill*         0x0000ac62        0x2 00
 .text          0x0000ac64        0xc c:/program files (x86)/cypress/psoc creator/2.0/psoc creator/import/gnu_cs/arm/4.4.1/bin/../lib/gcc/arm-none-eabi/4.4.1/../../../../arm-none-eabi/lib/thumb2\libc.a(lib_a-errno.o)
                0x0000ac64                __errno
 .text          0x0000ac70       0x50 c:/program files (x86)/cypress/psoc creator/2.0/psoc creator/import/gnu_cs/arm/4.4.1/bin/../lib/gcc/arm-none-eabi/4.4.1/../../../../arm-none-eabi/lib/thumb2\libc.a(lib_a-init.o)
                0x0000ac70                __libc_init_array
 *(.plt)
 *(.gnu.warning)
 *(.glue_7t)
 .glue_7t       0x00000000        0x0 linker stubs
 *(.glue_7)
 .glue_7        0x00000000        0x0 linker stubs
 *(.vfp11_veneer)
 .vfp11_veneer  0x00000000        0x0 linker stubs
 *(.bootloader)
 *(.ARM.extab* .gnu.linkonce.armextab.*)
 *(.gcc_except_table)

.v4_bx          0x0000acc0        0x0
 .v4_bx         0x00000000        0x0 linker stubs

.eh_frame_hdr
 *(.eh_frame_hdr)

.eh_frame
 *(.eh_frame)
                0x0000acc0                PROVIDE (__exidx_start, .)

.ARM.exidx      0x0000acc0        0x8
 *(.ARM.exidx* .gnu.linkonce.armexidx.*)
 .ARM.exidx     0x0000acc0        0x8 c:/program files (x86)/cypress/psoc creator/2.0/psoc creator/import/gnu_cs/arm/4.4.1/bin/../lib/gcc/arm-none-eabi/4.4.1/thumb2\libgcc.a(_divdi3.o)
 .ARM.exidx     0x0000acc8        0x0 c:/program files (x86)/cypress/psoc creator/2.0/psoc creator/import/gnu_cs/arm/4.4.1/bin/../lib/gcc/arm-none-eabi/4.4.1/thumb2\libgcc.a(_udivdi3.o)
                                  0x8 (size before relaxing)
                0x0000acc8                __exidx_end = .

.rodata         0x0000acc8      0x588
 *(.rodata .rodata.* .gnu.linkonce.r.*)
 .rodata        0x0000acc8       0x90 .\CortexM3\ARM_GCC_441\Debug\main.o
 .rodata        0x0000ad58       0xc4 .\CortexM3\ARM_GCC_441\Debug\Adc.o
 .rodata        0x0000ae1c       0x58 .\CortexM3\ARM_GCC_441\Debug\Comms.o
 .rodata        0x0000ae74       0x44 .\CortexM3\ARM_GCC_441\Debug\Skateboard Remote.a(CapSense.o)
                0x0000ae74                CapSense_pcTable
                0x0000ae84                CapSense_portTable
                0x0000ae88                CapSense_maskTable
                0x0000ae8c                CapSense_csTable
                0x0000aeac                CapSense_idacSettings
                0x0000aeb0                CapSense_widgetResolution
                0x0000aeb4                CapSense_widgetNumber
 .rodata        0x0000aeb8       0x18 .\CortexM3\ARM_GCC_441\Debug\Skateboard Remote.a(CapSense_CSHL.o)
                0x0000aeb8                CapSense_fingerThreshold
                0x0000aebc                CapSense_noiseThreshold
                0x0000aec0                CapSense_hysteresis
                0x0000aec4                CapSense_debounce
                0x0000aec8                CapSense_rawDataIndex
                0x0000aecc                CapSense_numberOfSensors
 .rodata        0x0000aed0      0x164 .\CortexM3\ARM_GCC_441\Debug\Skateboard Remote.a(cyfitter_cfg.o)
                0x0000affc                AMuxAdc__addrTable
                0x0000b00c                AMuxAdc__maskTable
                0x0000b010                CapSense_AMuxCH0__addrTable
                0x0000b02c                CapSense_AMuxCH0__maskTable
 .rodata        0x0000b034       0x20 c:/program files (x86)/cypress/psoc creator/2.0/psoc creator/import/gnu_cs/arm/4.4.1/bin/../lib/gcc/arm-none-eabi/4.4.1/../../../../arm-none-eabi/lib/thumb2\libc.a(lib_a-svfprintf.o)
 .rodata.str1.4
                0x0000b054       0x42 c:/program files (x86)/cypress/psoc creator/2.0/psoc creator/import/gnu_cs/arm/4.4.1/bin/../lib/gcc/arm-none-eabi/4.4.1/../../../../arm-none-eabi/lib/thumb2\libc.a(lib_a-svfprintf.o)
                                 0x44 (size before relaxing)
 *fill*         0x0000b096        0x2 00
 .rodata.str1.4
                0x0000b098       0x10 c:/program files (x86)/cypress/psoc creator/2.0/psoc creator/import/gnu_cs/arm/4.4.1/bin/../lib/gcc/arm-none-eabi/4.4.1/../../../../arm-none-eabi/lib/thumb2\libc.a(lib_a-dtoa.o)
                                 0x14 (size before relaxing)
 .rodata.str1.4
                0x0000b0a8        0x2 c:/program files (x86)/cypress/psoc creator/2.0/psoc creator/import/gnu_cs/arm/4.4.1/bin/../lib/gcc/arm-none-eabi/4.4.1/../../../../arm-none-eabi/lib/thumb2\libc.a(lib_a-impure.o)
                                  0x4 (size before relaxing)
 *fill*         0x0000b0aa        0x2 00
 .rodata        0x0000b0ac       0x34 c:/program files (x86)/cypress/psoc creator/2.0/psoc creator/import/gnu_cs/arm/4.4.1/bin/../lib/gcc/arm-none-eabi/4.4.1/../../../../arm-none-eabi/lib/thumb2\libc.a(lib_a-locale.o)
 .rodata.str1.4
                0x0000b0e0       0x10 c:/program files (x86)/cypress/psoc creator/2.0/psoc creator/import/gnu_cs/arm/4.4.1/bin/../lib/gcc/arm-none-eabi/4.4.1/../../../../arm-none-eabi/lib/thumb2\libc.a(lib_a-locale.o)
                                 0x18 (size before relaxing)
 .rodata        0x0000b0f0      0x128 c:/program files (x86)/cypress/psoc creator/2.0/psoc creator/import/gnu_cs/arm/4.4.1/bin/../lib/gcc/arm-none-eabi/4.4.1/../../../../arm-none-eabi/lib/thumb2\libc.a(lib_a-mprec.o)
                0x0000b0f0                __mprec_tens
                0x0000b1c8                __mprec_bigtens
                0x0000b1f0                __mprec_tinytens
                0x0000b218                . = ALIGN (0x4)
 *(.init)
 .init          0x0000b218        0x4 c:/program files (x86)/cypress/psoc creator/2.0/psoc creator/import/gnu_cs/arm/4.4.1/bin/../lib/gcc/arm-none-eabi/4.4.1/thumb2/crti.o
                0x0000b218                _init
 .init          0x0000b21c        0x8 c:/program files (x86)/cypress/psoc creator/2.0/psoc creator/import/gnu_cs/arm/4.4.1/bin/../lib/gcc/arm-none-eabi/4.4.1/thumb2/crtn.o
                0x0000b224                . = ALIGN (0x4)
                0x0000b224                __preinit_array_start = .
 *(.preinit_array)
                0x0000b224                __preinit_array_end = .
                0x0000b224                . = ALIGN (0x4)
                0x0000b224                __init_array_start = .
 *(SORT(.init_array.*))
 *(.init_array)
 .init_array    0x0000b224        0x4 c:/program files (x86)/cypress/psoc creator/2.0/psoc creator/import/gnu_cs/arm/4.4.1/bin/../lib/gcc/arm-none-eabi/4.4.1/thumb2/crtbegin.o
 .init_array    0x0000b228        0x4 .\CortexM3\ARM_GCC_441\Debug\Cm3Start.o
                0x0000b22c                __init_array_end = .
                0x0000b22c                . = ALIGN (0x4)
 *(.fini)
 .fini          0x0000b22c        0x4 c:/program files (x86)/cypress/psoc creator/2.0/psoc creator/import/gnu_cs/arm/4.4.1/bin/../lib/gcc/arm-none-eabi/4.4.1/thumb2/crti.o
                0x0000b22c                _fini
 .fini          0x0000b230        0x8 c:/program files (x86)/cypress/psoc creator/2.0/psoc creator/import/gnu_cs/arm/4.4.1/bin/../lib/gcc/arm-none-eabi/4.4.1/thumb2/crtn.o
                0x0000b238                . = ALIGN (0x4)
                0x0000b238                __fini_array_start = .
 *(.fini_array)
 .fini_array    0x0000b238        0x4 c:/program files (x86)/cypress/psoc creator/2.0/psoc creator/import/gnu_cs/arm/4.4.1/bin/../lib/gcc/arm-none-eabi/4.4.1/thumb2/crtbegin.o
 *(SORT(.fini_array.*))
                0x0000b23c                __fini_array_end = .
                0x0000b23c                . = ALIGN (0x4)
 *crtbegin.o(.ctors)
 *(EXCLUDE_FILE(*crtend.o) .ctors)
 *(SORT(.ctors.*))
 *crtend.o(.ctors)
                0x0000b23c                . = ALIGN (0x4)
 *crtbegin.o(.dtors)
 *(EXCLUDE_FILE(*crtend.o) .dtors)
 *(SORT(.dtors.*))
 *crtend.o(.dtors)
                0x0000b23c                . = ALIGN (0x4)
                0x0000b23c                __cs3_regions = .
                0x0000b23c        0x4 LONG 0x0
                0x0000b240        0x4 LONG 0xb250 __cs3_region_init_ram
                0x0000b244        0x4 LONG 0x1fffe000 __cs3_region_start_ram
                0x0000b248        0x4 LONG 0x638 __cs3_region_init_size_ram
                0x0000b24c        0x4 LONG 0x320 __cs3_region_zero_size_ram
                0x0000b250                __cs3_regions_end = .
                0x0000b250                . = ALIGN (0x8)
                0x0000b250                _etext = .

.data           0x1fffe000      0x638 load address 0x0000b250
                0x1fffe000                __cs3_region_start_ram = .
 *(.cs3.region-head.ram)
                0x1fffe001                ASSERT ((. == __cs3_region_start_ram), .cs3.region-head.ram not permitted)
 *(.ramvectors)
 .ramvectors    0x1fffe000      0x100 .\CortexM3\ARM_GCC_441\Debug\Cm3Start.o
                0x1fffe000                CyRamVectors
 *(.jcr)
 .jcr           0x1fffe100        0x0 c:/program files (x86)/cypress/psoc creator/2.0/psoc creator/import/gnu_cs/arm/4.4.1/bin/../lib/gcc/arm-none-eabi/4.4.1/thumb2/crtbegin.o
 .jcr           0x1fffe100        0x4 c:/program files (x86)/cypress/psoc creator/2.0/psoc creator/import/gnu_cs/arm/4.4.1/bin/../lib/gcc/arm-none-eabi/4.4.1/thumb2/crtend.o
 *(.got.plt)
 *(.got)
 *(.shdata)
 *(.data .data.* .gnu.linkonce.d.*)
 .data          0x1fffe104        0xc .\CortexM3\ARM_GCC_441\Debug\Adc.o
 .data          0x1fffe110       0x10 .\CortexM3\ARM_GCC_441\Debug\Skateboard Remote.a(CyLib.o)
                0x1fffe110                cydelay_freq_hz
                0x1fffe114                cydelay_freq_khz
                0x1fffe118                cydelay_freq_mhz
                0x1fffe11c                cydelay_32k_ms
 .data          0x1fffe120        0x8 .\CortexM3\ARM_GCC_441\Debug\Skateboard Remote.a(CapSense.o)
                0x1fffe120                CapSense_SensorEnableMask
                0x1fffe124                CapSense_AnalogSwitchDivider
 .data          0x1fffe128        0x1 .\CortexM3\ARM_GCC_441\Debug\Skateboard Remote.a(AMuxAdc.o)
                0x1fffe128                AMuxAdc_lastChannel
 *fill*         0x1fffe129        0x3 00
 .data          0x1fffe12c       0xf4 c:/program files (x86)/cypress/psoc creator/2.0/psoc creator/import/gnu_cs/arm/4.4.1/bin/../lib/gcc/arm-none-eabi/4.4.1/../../../../arm-none-eabi/lib/thumb2\libc.a(lib_a-impure.o)
                0x1fffe12c                _impure_ptr
 .data          0x1fffe220      0x410 c:/program files (x86)/cypress/psoc creator/2.0/psoc creator/import/gnu_cs/arm/4.4.1/bin/../lib/gcc/arm-none-eabi/4.4.1/../../../../arm-none-eabi/lib/thumb2\libc.a(lib_a-mallocr.o)
                0x1fffe220                __malloc_av_
                0x1fffe628                __malloc_sbrk_base
                0x1fffe62c                __malloc_trim_threshold
 .data          0x1fffe630        0x4 c:/program files (x86)/cypress/psoc creator/2.0/psoc creator/import/gnu_cs/arm/4.4.1/bin/../lib/gcc/arm-none-eabi/4.4.1/../../../../arm-none-eabi/lib/thumb2\libcs3unhosted.a(unhosted-sbrk.o)
 .data          0x1fffe634        0x4 c:/program files (x86)/cypress/psoc creator/2.0/psoc creator/import/gnu_cs/arm/4.4.1/bin/../lib/gcc/arm-none-eabi/4.4.1/../../../../arm-none-eabi/lib/thumb2\libcs3.a(heap.o)
                0x1fffe634                __cs3_heap_limit
                0x1fffe638                . = ALIGN (0x8)
 *(.ram)
                0x1fffe638                _edata = .

.bss            0x1fffe638      0x320 load address 0x0000b888
 *(.shbss)
 *(.bss .bss.* .gnu.linkonce.b.*)
 .bss           0x1fffe638        0x1 c:/program files (x86)/cypress/psoc creator/2.0/psoc creator/import/gnu_cs/arm/4.4.1/bin/../lib/gcc/arm-none-eabi/4.4.1/thumb2/crtbegin.o
 *fill*         0x1fffe639        0x3 00
 .bss           0x1fffe63c       0x80 .\CortexM3\ARM_GCC_441\Debug\main.o
 .bss           0x1fffe6bc       0x28 .\CortexM3\ARM_GCC_441\Debug\Lights.o
                0x1fffe6bc                ledPrevFlashCountArray
 .bss           0x1fffe6e4        0x4 .\CortexM3\ARM_GCC_441\Debug\Buttons.o
                0x1fffe6e4                motorState
                0x1fffe6e5                lightsOnOffState
                0x1fffe6e6                alarmState
                0x1fffe6e7                lightModeState
 .bss           0x1fffe6e8       0x20 .\CortexM3\ARM_GCC_441\Debug\Adc.o
 .bss           0x1fffe708       0x58 .\CortexM3\ARM_GCC_441\Debug\BattMonitor.o
 .bss           0x1fffe760       0x5c .\CortexM3\ARM_GCC_441\Debug\Comms.o
 .bss           0x1fffe7bc        0x8 .\CortexM3\ARM_GCC_441\Debug\Skateboard Remote.a(CyDmac.o)
 .bss           0x1fffe7c4       0x10 .\CortexM3\ARM_GCC_441\Debug\Skateboard Remote.a(CapSense.o)
                0x1fffe7c4                CapSense_initVar
                0x1fffe7c5                CapSense_csv
                0x1fffe7c6                CapSense_sensorIndex
                0x1fffe7c7                CapSense_idac_cfg_restore
                0x1fffe7c8                CapSense_idac_ch0_cr0reg
                0x1fffe7cc                CapSense_SensorRaw
 .bss           0x1fffe7d4       0x1c .\CortexM3\ARM_GCC_441\Debug\Skateboard Remote.a(CapSense_CSHL.o)
                0x1fffe7d4                CapSense_SensorBaseline
                0x1fffe7dc                CapSense_SensorBaselineLow
                0x1fffe7e0                CapSense_SensorSignal
                0x1fffe7e4                CapSense_SensorOnMask
                0x1fffe7e8                CapSense_debounceCounter
 .bss           0x1fffe7f0        0x8 .\CortexM3\ARM_GCC_441\Debug\Skateboard Remote.a(CapSense_CompCH0.o)
                0x1fffe7f0                CapSense_CompCH0_initVar
                0x1fffe7f6                CapSense_CompCH0_restoreReg
 .bss           0x1fffe7f8        0x8 .\CortexM3\ARM_GCC_441\Debug\Skateboard Remote.a(UartXbee.o)
                0x1fffe7f8                UartXbee_txBufferRead
                0x1fffe7f9                UartXbee_txBufferWrite
                0x1fffe7fa                UartXbee_rxBufferRead
                0x1fffe7fb                UartXbee_rxBufferWrite
                0x1fffe7fc                UartXbee_rxBufferLoopDetect
                0x1fffe7fd                UartXbee_rxBufferOverflow
                0x1fffe7fe                UartXbee_initVar
 .bss           0x1fffe800        0x1 .\CortexM3\ARM_GCC_441\Debug\Skateboard Remote.a(AdcSar.o)
                0x1fffe800                AdcSar_initVar
 .bss           0x1fffe801        0x4 .\CortexM3\ARM_GCC_441\Debug\Skateboard Remote.a(UartDebug.o)
                0x1fffe801                UartDebug_txBufferRead
                0x1fffe802                UartDebug_txBufferWrite
                0x1fffe803                UartDebug_initVar
 .bss           0x1fffe805        0x1 .\CortexM3\ARM_GCC_441\Debug\Skateboard Remote.a(TimerMainTick.o)
                0x1fffe805                TimerMainTick_initVar
 *fill*         0x1fffe806        0x2 00
 .bss           0x1fffe808        0x8 .\CortexM3\ARM_GCC_441\Debug\Skateboard Remote.a(cyfitter_cfg.o)
 .bss           0x1fffe810       0x34 c:/program files (x86)/cypress/psoc creator/2.0/psoc creator/import/gnu_cs/arm/4.4.1/bin/../lib/gcc/arm-none-eabi/4.4.1/../../../../arm-none-eabi/lib/thumb2\libc.a(lib_a-mallocr.o)
                0x1fffe810                __malloc_top_pad
                0x1fffe814                __malloc_current_mallinfo
                0x1fffe83c                __malloc_max_sbrked_mem
                0x1fffe840                __malloc_max_total_mem
 *(COMMON)
 *fill*         0x1fffe844        0x4 00
 COMMON         0x1fffe848       0x58 .\CortexM3\ARM_GCC_441\Debug\Lights.o
                0x1fffe848                ledModeArray
                0x1fffe858                ledFlashRateMsArray
 COMMON         0x1fffe8a0        0x1 .\CortexM3\ARM_GCC_441\Debug\Skateboard Remote.a(CyLib.o)
                0x1fffe8a0                CyResetStatus
 *fill*         0x1fffe8a1        0x3 00
 COMMON         0x1fffe8a4        0xc .\CortexM3\ARM_GCC_441\Debug\Skateboard Remote.a(CapSense_CSHL.o)
                0x1fffe8a4                CapSense_LowBaselineResetCnt
                0x1fffe8a8                CapSense_rawFilterData1
 COMMON         0x1fffe8b0       0x66 .\CortexM3\ARM_GCC_441\Debug\Skateboard Remote.a(UartXbee.o)
                0x1fffe8b0                UartXbee_txBuffer
                0x1fffe8e4                UartXbee_rxBuffer
 COMMON         0x1fffe916        0x8 .\CortexM3\ARM_GCC_441\Debug\Skateboard Remote.a(AdcSar.o)
                0x1fffe916                AdcSar_countsPerVolt
                0x1fffe918                AdcSar_offset
                0x1fffe91a                AdcSar_resolution
                0x1fffe91c                AdcSar_shift
 *fill*         0x1fffe91e        0x2 00
 COMMON         0x1fffe920       0x32 .\CortexM3\ARM_GCC_441\Debug\Skateboard Remote.a(UartDebug.o)
                0x1fffe920                UartDebug_txBuffer
 *fill*         0x1fffe952        0x2 00
 COMMON         0x1fffe954        0x4 c:/program files (x86)/cypress/psoc creator/2.0/psoc creator/import/gnu_cs/arm/4.4.1/bin/../lib/gcc/arm-none-eabi/4.4.1/../../../../arm-none-eabi/lib/thumb2\libc.a(lib_a-reent.o)
                0x1fffe954                errno
                0x1fffe958                . = ALIGN (0x8)
 *(.ram.b)
                0x1fffe958                _end = .
                0x1fffe958                __end = .
                0x20000c00                __cs3_region_end_ram = (__cs3_region_start_ram + 0x2c00)
                0x00002c00                __cs3_region_size_ram = 0x2c00
                0x0000b250                __cs3_region_init_ram = LOADADDR (.data)
                0x00000638                __cs3_region_init_size_ram = (_edata - ADDR (.data))
                0x00000320                __cs3_region_zero_size_ram = (_end - _edata)

.stab
 *(.stab)

.stabstr
 *(.stabstr)

.debug
 *(.debug)

.line
 *(.line)

.debug_srcinfo
 *(.debug_srcinfo)

.debug_sfnames
 *(.debug_sfnames)

.comment        0x00000000      0x6e3
 .comment       0x00000000       0x2b .\CortexM3\ARM_GCC_441\Debug\main.o
 .comment       0x0000002b       0x2b .\CortexM3\ARM_GCC_441\Debug\Lights.o
 .comment       0x00000056       0x2b .\CortexM3\ARM_GCC_441\Debug\Buttons.o
 .comment       0x00000081       0x2b .\CortexM3\ARM_GCC_441\Debug\Adc.o
 .comment       0x000000ac       0x2b .\CortexM3\ARM_GCC_441\Debug\BattMonitor.o
 .comment       0x000000d7       0x2b .\CortexM3\ARM_GCC_441\Debug\Comms.o
 .comment       0x00000102       0x2b .\CortexM3\ARM_GCC_441\Debug\Cm3Start.o
 .comment       0x0000012d       0x2b .\CortexM3\ARM_GCC_441\Debug\Skateboard Remote.a(PinLedAlarm.o)
 .comment       0x00000158       0x2b .\CortexM3\ARM_GCC_441\Debug\Skateboard Remote.a(CyDmac.o)
 .comment       0x00000183       0x2b .\CortexM3\ARM_GCC_441\Debug\Skateboard Remote.a(CyLib.o)
 .comment       0x000001ae       0x2b .\CortexM3\ARM_GCC_441\Debug\Skateboard Remote.a(cyPm.o)
 .comment       0x000001d9       0x2b .\CortexM3\ARM_GCC_441\Debug\Skateboard Remote.a(PinLedMotorOn.o)
 .comment       0x00000204       0x2b .\CortexM3\ARM_GCC_441\Debug\Skateboard Remote.a(PinLedInRange.o)
 .comment       0x0000022f       0x2b .\CortexM3\ARM_GCC_441\Debug\Skateboard Remote.a(PinLedRemoteBattLevelHigh.o)
 .comment       0x0000025a       0x2b .\CortexM3\ARM_GCC_441\Debug\Skateboard Remote.a(PinLedRemoteBattLevelMed.o)
 .comment       0x00000285       0x2b .\CortexM3\ARM_GCC_441\Debug\Skateboard Remote.a(PinLedRemoteBattLevelLow.o)
 .comment       0x000002b0       0x2b .\CortexM3\ARM_GCC_441\Debug\Skateboard Remote.a(PinLedBoardBattLevelHigh.o)
 .comment       0x000002db       0x2b .\CortexM3\ARM_GCC_441\Debug\Skateboard Remote.a(PinLedBoardBattLevelMed.o)
 .comment       0x00000306       0x2b .\CortexM3\ARM_GCC_441\Debug\Skateboard Remote.a(PinLedBoardBattLevelLow.o)
 .comment       0x00000331       0x2b .\CortexM3\ARM_GCC_441\Debug\Skateboard Remote.a(CapSense.o)
 .comment       0x0000035c       0x2b .\CortexM3\ARM_GCC_441\Debug\Skateboard Remote.a(CapSense_CSHL.o)
 .comment       0x00000387       0x2b .\CortexM3\ARM_GCC_441\Debug\Skateboard Remote.a(CapSense_INT.o)
 .comment       0x000003b2       0x2b .\CortexM3\ARM_GCC_441\Debug\Skateboard Remote.a(CapSense_CompCH0.o)
 .comment       0x000003dd       0x2b .\CortexM3\ARM_GCC_441\Debug\Skateboard Remote.a(CapSense_AMuxCH0.o)
 .comment       0x00000408       0x2b .\CortexM3\ARM_GCC_441\Debug\Skateboard Remote.a(CapSense_IntClock.o)
 .comment       0x00000433       0x2b .\CortexM3\ARM_GCC_441\Debug\Skateboard Remote.a(UartXbee.o)
 .comment       0x0000045e       0x2b .\CortexM3\ARM_GCC_441\Debug\Skateboard Remote.a(UartXbee_INT.o)
 .comment       0x00000489       0x2b .\CortexM3\ARM_GCC_441\Debug\Skateboard Remote.a(AdcSar.o)
 .comment       0x000004b4       0x2b .\CortexM3\ARM_GCC_441\Debug\Skateboard Remote.a(AdcSar_INT.o)
 .comment       0x000004df       0x2b .\CortexM3\ARM_GCC_441\Debug\Skateboard Remote.a(AMuxAdc.o)
 .comment       0x0000050a       0x2b .\CortexM3\ARM_GCC_441\Debug\Skateboard Remote.a(AdcSar_theACLK.o)
 .comment       0x00000535       0x2b .\CortexM3\ARM_GCC_441\Debug\Skateboard Remote.a(UartDebug.o)
 .comment       0x00000560       0x2b .\CortexM3\ARM_GCC_441\Debug\Skateboard Remote.a(UartDebug_INT.o)
 .comment       0x0000058b       0x2b .\CortexM3\ARM_GCC_441\Debug\Skateboard Remote.a(IsrMainTick.o)
 .comment       0x000005b6       0x2b .\CortexM3\ARM_GCC_441\Debug\Skateboard Remote.a(TimerMainTick.o)
 .comment       0x000005e1       0x2b .\CortexM3\ARM_GCC_441\Debug\Skateboard Remote.a(PinXbeeSleep.o)
 .comment       0x0000060c       0x2b .\CortexM3\ARM_GCC_441\Debug\Skateboard Remote.a(PinDebug.o)
 .comment       0x00000637       0x2b .\CortexM3\ARM_GCC_441\Debug\Skateboard Remote.a(cyfitter_cfg.o)
 .comment       0x00000662       0x2b .\CortexM3\ARM_GCC_441\Debug\Skateboard Remote.a(CyFlash.o)
 .comment       0x0000068d       0x2b .\CortexM3\ARM_GCC_441\Debug\Skateboard Remote.a(CySpc.o)
 .comment       0x000006b8       0x2b .\CortexM3\ARM_GCC_441\Debug\Skateboard Remote.a(cyutils.o)

.debug_aranges  0x00000000     0x1088
 *(.debug_aranges)
 .debug_aranges
                0x00000000       0x30 .\CortexM3\ARM_GCC_441\Debug\main.o
 .debug_aranges
                0x00000030       0x50 .\CortexM3\ARM_GCC_441\Debug\Lights.o
 .debug_aranges
                0x00000080       0x70 .\CortexM3\ARM_GCC_441\Debug\Buttons.o
 .debug_aranges
                0x000000f0       0x38 .\CortexM3\ARM_GCC_441\Debug\Adc.o
 .debug_aranges
                0x00000128       0x30 .\CortexM3\ARM_GCC_441\Debug\BattMonitor.o
 .debug_aranges
                0x00000158       0x60 .\CortexM3\ARM_GCC_441\Debug\Comms.o
 .debug_aranges
                0x000001b8       0x30 .\CortexM3\ARM_GCC_441\Debug\Cm3Start.o
 .debug_aranges
                0x000001e8       0x38 .\CortexM3\ARM_GCC_441\Debug\Skateboard Remote.a(PinLedAlarm.o)
 .debug_aranges
                0x00000220       0xd8 .\CortexM3\ARM_GCC_441\Debug\Skateboard Remote.a(CyDmac.o)
 .debug_aranges
                0x000002f8      0x1f0 .\CortexM3\ARM_GCC_441\Debug\Skateboard Remote.a(CyLib.o)
 .debug_aranges
                0x000004e8       0x80 .\CortexM3\ARM_GCC_441\Debug\Skateboard Remote.a(cyPm.o)
 .debug_aranges
                0x00000568       0x38 .\CortexM3\ARM_GCC_441\Debug\Skateboard Remote.a(PinLedMotorOn.o)
 .debug_aranges
                0x000005a0       0x38 .\CortexM3\ARM_GCC_441\Debug\Skateboard Remote.a(PinLedInRange.o)
 .debug_aranges
                0x000005d8       0x38 .\CortexM3\ARM_GCC_441\Debug\Skateboard Remote.a(PinLedRemoteBattLevelHigh.o)
 .debug_aranges
                0x00000610       0x38 .\CortexM3\ARM_GCC_441\Debug\Skateboard Remote.a(PinLedRemoteBattLevelMed.o)
 .debug_aranges
                0x00000648       0x38 .\CortexM3\ARM_GCC_441\Debug\Skateboard Remote.a(PinLedRemoteBattLevelLow.o)
 .debug_aranges
                0x00000680       0x38 .\CortexM3\ARM_GCC_441\Debug\Skateboard Remote.a(PinLedBoardBattLevelHigh.o)
 .debug_aranges
                0x000006b8       0x38 .\CortexM3\ARM_GCC_441\Debug\Skateboard Remote.a(PinLedBoardBattLevelMed.o)
 .debug_aranges
                0x000006f0       0x38 .\CortexM3\ARM_GCC_441\Debug\Skateboard Remote.a(PinLedBoardBattLevelLow.o)
 .debug_aranges
                0x00000728       0xe8 .\CortexM3\ARM_GCC_441\Debug\Skateboard Remote.a(CapSense.o)
 .debug_aranges
                0x00000810       0x78 .\CortexM3\ARM_GCC_441\Debug\Skateboard Remote.a(CapSense_CSHL.o)
 .debug_aranges
                0x00000888       0x20 .\CortexM3\ARM_GCC_441\Debug\Skateboard Remote.a(CapSense_INT.o)
 .debug_aranges
                0x000008a8       0x60 .\CortexM3\ARM_GCC_441\Debug\Skateboard Remote.a(CapSense_CompCH0.o)
 .debug_aranges
                0x00000908       0x48 .\CortexM3\ARM_GCC_441\Debug\Skateboard Remote.a(CapSense_AMuxCH0.o)
 .debug_aranges
                0x00000950       0x68 .\CortexM3\ARM_GCC_441\Debug\Skateboard Remote.a(CapSense_IntClock.o)
 .debug_aranges
                0x000009b8      0x110 .\CortexM3\ARM_GCC_441\Debug\Skateboard Remote.a(UartXbee.o)
 .debug_aranges
                0x00000ac8       0x28 .\CortexM3\ARM_GCC_441\Debug\Skateboard Remote.a(UartXbee_INT.o)
 .debug_aranges
                0x00000af0       0xb8 .\CortexM3\ARM_GCC_441\Debug\Skateboard Remote.a(AdcSar.o)
 .debug_aranges
                0x00000ba8       0x20 .\CortexM3\ARM_GCC_441\Debug\Skateboard Remote.a(AdcSar_INT.o)
 .debug_aranges
                0x00000bc8       0x48 .\CortexM3\ARM_GCC_441\Debug\Skateboard Remote.a(AMuxAdc.o)
 .debug_aranges
                0x00000c10       0x78 .\CortexM3\ARM_GCC_441\Debug\Skateboard Remote.a(AdcSar_theACLK.o)
 .debug_aranges
                0x00000c88       0xb0 .\CortexM3\ARM_GCC_441\Debug\Skateboard Remote.a(UartDebug.o)
 .debug_aranges
                0x00000d38       0x20 .\CortexM3\ARM_GCC_441\Debug\Skateboard Remote.a(UartDebug_INT.o)
 .debug_aranges
                0x00000d58       0x80 .\CortexM3\ARM_GCC_441\Debug\Skateboard Remote.a(IsrMainTick.o)
 .debug_aranges
                0x00000dd8       0x90 .\CortexM3\ARM_GCC_441\Debug\Skateboard Remote.a(TimerMainTick.o)
 .debug_aranges
                0x00000e68       0x38 .\CortexM3\ARM_GCC_441\Debug\Skateboard Remote.a(PinXbeeSleep.o)
 .debug_aranges
                0x00000ea0       0x38 .\CortexM3\ARM_GCC_441\Debug\Skateboard Remote.a(PinDebug.o)
 .debug_aranges
                0x00000ed8       0x70 .\CortexM3\ARM_GCC_441\Debug\Skateboard Remote.a(cyfitter_cfg.o)
 .debug_aranges
                0x00000f48       0x20 .\CortexM3\ARM_GCC_441\Debug\Skateboard Remote.a(CyBootAsmGnu.o)
 .debug_aranges
                0x00000f68       0x70 .\CortexM3\ARM_GCC_441\Debug\Skateboard Remote.a(CyFlash.o)
 .debug_aranges
                0x00000fd8       0x90 .\CortexM3\ARM_GCC_441\Debug\Skateboard Remote.a(CySpc.o)
 .debug_aranges
                0x00001068       0x20 .\CortexM3\ARM_GCC_441\Debug\Skateboard Remote.a(cyutils.o)

.debug_pubnames
                0x00000000     0x3089
 *(.debug_pubnames)
 .debug_pubnames
                0x00000000       0x42 .\CortexM3\ARM_GCC_441\Debug\main.o
 .debug_pubnames
                0x00000042       0xdd .\CortexM3\ARM_GCC_441\Debug\Lights.o
 .debug_pubnames
                0x0000011f      0x1af .\CortexM3\ARM_GCC_441\Debug\Buttons.o
 .debug_pubnames
                0x000002ce       0x69 .\CortexM3\ARM_GCC_441\Debug\Adc.o
 .debug_pubnames
                0x00000337       0x5e .\CortexM3\ARM_GCC_441\Debug\BattMonitor.o
 .debug_pubnames
                0x00000395       0xb4 .\CortexM3\ARM_GCC_441\Debug\Comms.o
 .debug_pubnames
                0x00000449       0x57 .\CortexM3\ARM_GCC_441\Debug\Cm3Start.o
 .debug_pubnames
                0x000004a0       0x76 .\CortexM3\ARM_GCC_441\Debug\Skateboard Remote.a(PinLedAlarm.o)
 .debug_pubnames
                0x00000516      0x218 .\CortexM3\ARM_GCC_441\Debug\Skateboard Remote.a(CyDmac.o)
 .debug_pubnames
                0x0000072e      0x545 .\CortexM3\ARM_GCC_441\Debug\Skateboard Remote.a(CyLib.o)
 .debug_pubnames
                0x00000c73       0x7d .\CortexM3\ARM_GCC_441\Debug\Skateboard Remote.a(cyPm.o)
 .debug_pubnames
                0x00000cf0       0x7e .\CortexM3\ARM_GCC_441\Debug\Skateboard Remote.a(PinLedMotorOn.o)
 .debug_pubnames
                0x00000d6e       0x7e .\CortexM3\ARM_GCC_441\Debug\Skateboard Remote.a(PinLedInRange.o)
 .debug_pubnames
                0x00000dec       0xae .\CortexM3\ARM_GCC_441\Debug\Skateboard Remote.a(PinLedRemoteBattLevelHigh.o)
 .debug_pubnames
                0x00000e9a       0xaa .\CortexM3\ARM_GCC_441\Debug\Skateboard Remote.a(PinLedRemoteBattLevelMed.o)
 .debug_pubnames
                0x00000f44       0xaa .\CortexM3\ARM_GCC_441\Debug\Skateboard Remote.a(PinLedRemoteBattLevelLow.o)
 .debug_pubnames
                0x00000fee       0xaa .\CortexM3\ARM_GCC_441\Debug\Skateboard Remote.a(PinLedBoardBattLevelHigh.o)
 .debug_pubnames
                0x00001098       0xa6 .\CortexM3\ARM_GCC_441\Debug\Skateboard Remote.a(PinLedBoardBattLevelMed.o)
 .debug_pubnames
                0x0000113e       0xa6 .\CortexM3\ARM_GCC_441\Debug\Skateboard Remote.a(PinLedBoardBattLevelLow.o)
 .debug_pubnames
                0x000011e4      0x42b .\CortexM3\ARM_GCC_441\Debug\Skateboard Remote.a(CapSense.o)
 .debug_pubnames
                0x0000160f      0x2fa .\CortexM3\ARM_GCC_441\Debug\Skateboard Remote.a(CapSense_CSHL.o)
 .debug_pubnames
                0x00001909       0x2a .\CortexM3\ARM_GCC_441\Debug\Skateboard Remote.a(CapSense_INT.o)
 .debug_pubnames
                0x00001933      0x153 .\CortexM3\ARM_GCC_441\Debug\Skateboard Remote.a(CapSense_CompCH0.o)
 .debug_pubnames
                0x00001a86       0xfe .\CortexM3\ARM_GCC_441\Debug\Skateboard Remote.a(CapSense_AMuxCH0.o)
 .debug_pubnames
                0x00001b84      0x182 .\CortexM3\ARM_GCC_441\Debug\Skateboard Remote.a(CapSense_IntClock.o)
 .debug_pubnames
                0x00001d06      0x40e .\CortexM3\ARM_GCC_441\Debug\Skateboard Remote.a(UartXbee.o)
 .debug_pubnames
                0x00002114       0x38 .\CortexM3\ARM_GCC_441\Debug\Skateboard Remote.a(UartXbee_INT.o)
 .debug_pubnames
                0x0000214c      0x229 .\CortexM3\ARM_GCC_441\Debug\Skateboard Remote.a(AdcSar.o)
 .debug_pubnames
                0x00002375       0x21 .\CortexM3\ARM_GCC_441\Debug\Skateboard Remote.a(AdcSar_INT.o)
 .debug_pubnames
                0x00002396       0xb6 .\CortexM3\ARM_GCC_441\Debug\Skateboard Remote.a(AMuxAdc.o)
 .debug_pubnames
                0x0000244c      0x1ac .\CortexM3\ARM_GCC_441\Debug\Skateboard Remote.a(AdcSar_theACLK.o)
 .debug_pubnames
                0x000025f8      0x261 .\CortexM3\ARM_GCC_441\Debug\Skateboard Remote.a(UartDebug.o)
 .debug_pubnames
                0x00002859       0x26 .\CortexM3\ARM_GCC_441\Debug\Skateboard Remote.a(UartDebug_INT.o)
 .debug_pubnames
                0x0000287f      0x15b .\CortexM3\ARM_GCC_441\Debug\Skateboard Remote.a(IsrMainTick.o)
 .debug_pubnames
                0x000029da      0x1f4 .\CortexM3\ARM_GCC_441\Debug\Skateboard Remote.a(TimerMainTick.o)
 .debug_pubnames
                0x00002bce       0x7a .\CortexM3\ARM_GCC_441\Debug\Skateboard Remote.a(PinXbeeSleep.o)
 .debug_pubnames
                0x00002c48       0x6a .\CortexM3\ARM_GCC_441\Debug\Skateboard Remote.a(PinDebug.o)
 .debug_pubnames
                0x00002cb2       0xfc .\CortexM3\ARM_GCC_441\Debug\Skateboard Remote.a(cyfitter_cfg.o)
 .debug_pubnames
                0x00002dae      0x106 .\CortexM3\ARM_GCC_441\Debug\Skateboard Remote.a(CyFlash.o)
 .debug_pubnames
                0x00002eb4      0x1b4 .\CortexM3\ARM_GCC_441\Debug\Skateboard Remote.a(CySpc.o)
 .debug_pubnames
                0x00003068       0x21 .\CortexM3\ARM_GCC_441\Debug\Skateboard Remote.a(cyutils.o)

.debug_info     0x00000000     0x7580
 *(.debug_info .gnu.linkonce.wi.*)
 .debug_info    0x00000000      0x316 .\CortexM3\ARM_GCC_441\Debug\main.o
 .debug_info    0x00000316      0x2e2 .\CortexM3\ARM_GCC_441\Debug\Lights.o
 .debug_info    0x000005f8      0x2b9 .\CortexM3\ARM_GCC_441\Debug\Buttons.o
 .debug_info    0x000008b1      0x2c1 .\CortexM3\ARM_GCC_441\Debug\Adc.o
 .debug_info    0x00000b72      0x307 .\CortexM3\ARM_GCC_441\Debug\BattMonitor.o
 .debug_info    0x00000e79      0x417 .\CortexM3\ARM_GCC_441\Debug\Comms.o
 .debug_info    0x00001290      0x129 .\CortexM3\ARM_GCC_441\Debug\Cm3Start.o
 .debug_info    0x000013b9      0x112 .\CortexM3\ARM_GCC_441\Debug\Skateboard Remote.a(PinLedAlarm.o)
 .debug_info    0x000014cb      0x937 .\CortexM3\ARM_GCC_441\Debug\Skateboard Remote.a(CyDmac.o)
 .debug_info    0x00001e02      0xc08 .\CortexM3\ARM_GCC_441\Debug\Skateboard Remote.a(CyLib.o)
 .debug_info    0x00002a0a      0x50f .\CortexM3\ARM_GCC_441\Debug\Skateboard Remote.a(cyPm.o)
 .debug_info    0x00002f19      0x112 .\CortexM3\ARM_GCC_441\Debug\Skateboard Remote.a(PinLedMotorOn.o)
 .debug_info    0x0000302b      0x112 .\CortexM3\ARM_GCC_441\Debug\Skateboard Remote.a(PinLedInRange.o)
 .debug_info    0x0000313d      0x112 .\CortexM3\ARM_GCC_441\Debug\Skateboard Remote.a(PinLedRemoteBattLevelHigh.o)
 .debug_info    0x0000324f      0x112 .\CortexM3\ARM_GCC_441\Debug\Skateboard Remote.a(PinLedRemoteBattLevelMed.o)
 .debug_info    0x00003361      0x112 .\CortexM3\ARM_GCC_441\Debug\Skateboard Remote.a(PinLedRemoteBattLevelLow.o)
 .debug_info    0x00003473      0x112 .\CortexM3\ARM_GCC_441\Debug\Skateboard Remote.a(PinLedBoardBattLevelHigh.o)
 .debug_info    0x00003585      0x112 .\CortexM3\ARM_GCC_441\Debug\Skateboard Remote.a(PinLedBoardBattLevelMed.o)
 .debug_info    0x00003697      0x112 .\CortexM3\ARM_GCC_441\Debug\Skateboard Remote.a(PinLedBoardBattLevelLow.o)
 .debug_info    0x000037a9      0x658 .\CortexM3\ARM_GCC_441\Debug\Skateboard Remote.a(CapSense.o)
 .debug_info    0x00003e01      0x5e4 .\CortexM3\ARM_GCC_441\Debug\Skateboard Remote.a(CapSense_CSHL.o)
 .debug_info    0x000043e5       0xb9 .\CortexM3\ARM_GCC_441\Debug\Skateboard Remote.a(CapSense_INT.o)
 .debug_info    0x0000449e      0x25c .\CortexM3\ARM_GCC_441\Debug\Skateboard Remote.a(CapSense_CompCH0.o)
 .debug_info    0x000046fa      0x15d .\CortexM3\ARM_GCC_441\Debug\Skateboard Remote.a(CapSense_AMuxCH0.o)
 .debug_info    0x00004857      0x229 .\CortexM3\ARM_GCC_441\Debug\Skateboard Remote.a(CapSense_IntClock.o)
 .debug_info    0x00004a80      0x622 .\CortexM3\ARM_GCC_441\Debug\Skateboard Remote.a(UartXbee.o)
 .debug_info    0x000050a2      0x152 .\CortexM3\ARM_GCC_441\Debug\Skateboard Remote.a(UartXbee_INT.o)
 .debug_info    0x000051f4      0x498 .\CortexM3\ARM_GCC_441\Debug\Skateboard Remote.a(AdcSar.o)
 .debug_info    0x0000568c       0x8c .\CortexM3\ARM_GCC_441\Debug\Skateboard Remote.a(AdcSar_INT.o)
 .debug_info    0x00005718      0x15d .\CortexM3\ARM_GCC_441\Debug\Skateboard Remote.a(AMuxAdc.o)
 .debug_info    0x00005875      0x26d .\CortexM3\ARM_GCC_441\Debug\Skateboard Remote.a(AdcSar_theACLK.o)
 .debug_info    0x00005ae2      0x3d9 .\CortexM3\ARM_GCC_441\Debug\Skateboard Remote.a(UartDebug.o)
 .debug_info    0x00005ebb       0xd6 .\CortexM3\ARM_GCC_441\Debug\Skateboard Remote.a(UartDebug_INT.o)
 .debug_info    0x00005f91      0x22e .\CortexM3\ARM_GCC_441\Debug\Skateboard Remote.a(IsrMainTick.o)
 .debug_info    0x000061bf      0x254 .\CortexM3\ARM_GCC_441\Debug\Skateboard Remote.a(TimerMainTick.o)
 .debug_info    0x00006413      0x112 .\CortexM3\ARM_GCC_441\Debug\Skateboard Remote.a(PinXbeeSleep.o)
 .debug_info    0x00006525      0x112 .\CortexM3\ARM_GCC_441\Debug\Skateboard Remote.a(PinDebug.o)
 .debug_info    0x00006637      0x585 .\CortexM3\ARM_GCC_441\Debug\Skateboard Remote.a(cyfitter_cfg.o)
 .debug_info    0x00006bbc       0xab .\CortexM3\ARM_GCC_441\Debug\Skateboard Remote.a(CyBootAsmGnu.o)
 .debug_info    0x00006c67      0x330 .\CortexM3\ARM_GCC_441\Debug\Skateboard Remote.a(CyFlash.o)
 .debug_info    0x00006f97      0x51b .\CortexM3\ARM_GCC_441\Debug\Skateboard Remote.a(CySpc.o)
 .debug_info    0x000074b2       0xce .\CortexM3\ARM_GCC_441\Debug\Skateboard Remote.a(cyutils.o)

.debug_abbrev   0x00000000     0x22a8
 *(.debug_abbrev)
 .debug_abbrev  0x00000000      0x11a .\CortexM3\ARM_GCC_441\Debug\main.o
 .debug_abbrev  0x0000011a       0xf8 .\CortexM3\ARM_GCC_441\Debug\Lights.o
 .debug_abbrev  0x00000212      0x108 .\CortexM3\ARM_GCC_441\Debug\Buttons.o
 .debug_abbrev  0x0000031a       0xe2 .\CortexM3\ARM_GCC_441\Debug\Adc.o
 .debug_abbrev  0x000003fc       0xee .\CortexM3\ARM_GCC_441\Debug\BattMonitor.o
 .debug_abbrev  0x000004ea      0x141 .\CortexM3\ARM_GCC_441\Debug\Comms.o
 .debug_abbrev  0x0000062b       0xf4 .\CortexM3\ARM_GCC_441\Debug\Cm3Start.o
 .debug_abbrev  0x0000071f       0x85 .\CortexM3\ARM_GCC_441\Debug\Skateboard Remote.a(PinLedAlarm.o)
 .debug_abbrev  0x000007a4      0x18b .\CortexM3\ARM_GCC_441\Debug\Skateboard Remote.a(CyDmac.o)
 .debug_abbrev  0x0000092f      0x18b .\CortexM3\ARM_GCC_441\Debug\Skateboard Remote.a(CyLib.o)
 .debug_abbrev  0x00000aba      0x120 .\CortexM3\ARM_GCC_441\Debug\Skateboard Remote.a(cyPm.o)
 .debug_abbrev  0x00000bda       0x85 .\CortexM3\ARM_GCC_441\Debug\Skateboard Remote.a(PinLedMotorOn.o)
 .debug_abbrev  0x00000c5f       0x85 .\CortexM3\ARM_GCC_441\Debug\Skateboard Remote.a(PinLedInRange.o)
 .debug_abbrev  0x00000ce4       0x85 .\CortexM3\ARM_GCC_441\Debug\Skateboard Remote.a(PinLedRemoteBattLevelHigh.o)
 .debug_abbrev  0x00000d69       0x85 .\CortexM3\ARM_GCC_441\Debug\Skateboard Remote.a(PinLedRemoteBattLevelMed.o)
 .debug_abbrev  0x00000dee       0x85 .\CortexM3\ARM_GCC_441\Debug\Skateboard Remote.a(PinLedRemoteBattLevelLow.o)
 .debug_abbrev  0x00000e73       0x85 .\CortexM3\ARM_GCC_441\Debug\Skateboard Remote.a(PinLedBoardBattLevelHigh.o)
 .debug_abbrev  0x00000ef8       0x85 .\CortexM3\ARM_GCC_441\Debug\Skateboard Remote.a(PinLedBoardBattLevelMed.o)
 .debug_abbrev  0x00000f7d       0x85 .\CortexM3\ARM_GCC_441\Debug\Skateboard Remote.a(PinLedBoardBattLevelLow.o)
 .debug_abbrev  0x00001002      0x13a .\CortexM3\ARM_GCC_441\Debug\Skateboard Remote.a(CapSense.o)
 .debug_abbrev  0x0000113c      0x123 .\CortexM3\ARM_GCC_441\Debug\Skateboard Remote.a(CapSense_CSHL.o)
 .debug_abbrev  0x0000125f       0x6f .\CortexM3\ARM_GCC_441\Debug\Skateboard Remote.a(CapSense_INT.o)
 .debug_abbrev  0x000012ce      0x120 .\CortexM3\ARM_GCC_441\Debug\Skateboard Remote.a(CapSense_CompCH0.o)
 .debug_abbrev  0x000013ee       0x94 .\CortexM3\ARM_GCC_441\Debug\Skateboard Remote.a(CapSense_AMuxCH0.o)
 .debug_abbrev  0x00001482       0xcf .\CortexM3\ARM_GCC_441\Debug\Skateboard Remote.a(CapSense_IntClock.o)
 .debug_abbrev  0x00001551      0x133 .\CortexM3\ARM_GCC_441\Debug\Skateboard Remote.a(UartXbee.o)
 .debug_abbrev  0x00001684       0xa3 .\CortexM3\ARM_GCC_441\Debug\Skateboard Remote.a(UartXbee_INT.o)
 .debug_abbrev  0x00001727      0x116 .\CortexM3\ARM_GCC_441\Debug\Skateboard Remote.a(AdcSar.o)
 .debug_abbrev  0x0000183d       0x41 .\CortexM3\ARM_GCC_441\Debug\Skateboard Remote.a(AdcSar_INT.o)
 .debug_abbrev  0x0000187e       0x94 .\CortexM3\ARM_GCC_441\Debug\Skateboard Remote.a(AMuxAdc.o)
 .debug_abbrev  0x00001912       0xcf .\CortexM3\ARM_GCC_441\Debug\Skateboard Remote.a(AdcSar_theACLK.o)
 .debug_abbrev  0x000019e1      0x133 .\CortexM3\ARM_GCC_441\Debug\Skateboard Remote.a(UartDebug.o)
 .debug_abbrev  0x00001b14       0x7d .\CortexM3\ARM_GCC_441\Debug\Skateboard Remote.a(UartDebug_INT.o)
 .debug_abbrev  0x00001b91       0xee .\CortexM3\ARM_GCC_441\Debug\Skateboard Remote.a(IsrMainTick.o)
 .debug_abbrev  0x00001c7f       0xe0 .\CortexM3\ARM_GCC_441\Debug\Skateboard Remote.a(TimerMainTick.o)
 .debug_abbrev  0x00001d5f       0x85 .\CortexM3\ARM_GCC_441\Debug\Skateboard Remote.a(PinXbeeSleep.o)
 .debug_abbrev  0x00001de4       0x85 .\CortexM3\ARM_GCC_441\Debug\Skateboard Remote.a(PinDebug.o)
 .debug_abbrev  0x00001e69      0x16e .\CortexM3\ARM_GCC_441\Debug\Skateboard Remote.a(cyfitter_cfg.o)
 .debug_abbrev  0x00001fd7       0x14 .\CortexM3\ARM_GCC_441\Debug\Skateboard Remote.a(CyBootAsmGnu.o)
 .debug_abbrev  0x00001feb      0x12a .\CortexM3\ARM_GCC_441\Debug\Skateboard Remote.a(CyFlash.o)
 .debug_abbrev  0x00002115      0x124 .\CortexM3\ARM_GCC_441\Debug\Skateboard Remote.a(CySpc.o)
 .debug_abbrev  0x00002239       0x6f .\CortexM3\ARM_GCC_441\Debug\Skateboard Remote.a(cyutils.o)

.debug_line     0x00000000     0x3c7c
 *(.debug_line)
 .debug_line    0x00000000      0x220 .\CortexM3\ARM_GCC_441\Debug\main.o
 .debug_line    0x00000220      0x12c .\CortexM3\ARM_GCC_441\Debug\Lights.o
 .debug_line    0x0000034c      0x233 .\CortexM3\ARM_GCC_441\Debug\Buttons.o
 .debug_line    0x0000057f      0x1b5 .\CortexM3\ARM_GCC_441\Debug\Adc.o
 .debug_line    0x00000734       0xe6 .\CortexM3\ARM_GCC_441\Debug\BattMonitor.o
 .debug_line    0x0000081a      0x244 .\CortexM3\ARM_GCC_441\Debug\Comms.o
 .debug_line    0x00000a5e       0xb4 .\CortexM3\ARM_GCC_441\Debug\Cm3Start.o
 .debug_line    0x00000b12       0xb6 .\CortexM3\ARM_GCC_441\Debug\Skateboard Remote.a(PinLedAlarm.o)
 .debug_line    0x00000bc8      0x2b0 .\CortexM3\ARM_GCC_441\Debug\Skateboard Remote.a(CyDmac.o)
 .debug_line    0x00000e78      0x5b6 .\CortexM3\ARM_GCC_441\Debug\Skateboard Remote.a(CyLib.o)
 .debug_line    0x0000142e      0x327 .\CortexM3\ARM_GCC_441\Debug\Skateboard Remote.a(cyPm.o)
 .debug_line    0x00001755       0xb8 .\CortexM3\ARM_GCC_441\Debug\Skateboard Remote.a(PinLedMotorOn.o)
 .debug_line    0x0000180d       0xb8 .\CortexM3\ARM_GCC_441\Debug\Skateboard Remote.a(PinLedInRange.o)
 .debug_line    0x000018c5       0xc4 .\CortexM3\ARM_GCC_441\Debug\Skateboard Remote.a(PinLedRemoteBattLevelHigh.o)
 .debug_line    0x00001989       0xc3 .\CortexM3\ARM_GCC_441\Debug\Skateboard Remote.a(PinLedRemoteBattLevelMed.o)
 .debug_line    0x00001a4c       0xc3 .\CortexM3\ARM_GCC_441\Debug\Skateboard Remote.a(PinLedRemoteBattLevelLow.o)
 .debug_line    0x00001b0f       0xc3 .\CortexM3\ARM_GCC_441\Debug\Skateboard Remote.a(PinLedBoardBattLevelHigh.o)
 .debug_line    0x00001bd2       0xc2 .\CortexM3\ARM_GCC_441\Debug\Skateboard Remote.a(PinLedBoardBattLevelMed.o)
 .debug_line    0x00001c94       0xc2 .\CortexM3\ARM_GCC_441\Debug\Skateboard Remote.a(PinLedBoardBattLevelLow.o)
 .debug_line    0x00001d56      0x2f0 .\CortexM3\ARM_GCC_441\Debug\Skateboard Remote.a(CapSense.o)
 .debug_line    0x00002046      0x1d8 .\CortexM3\ARM_GCC_441\Debug\Skateboard Remote.a(CapSense_CSHL.o)
 .debug_line    0x0000221e       0x87 .\CortexM3\ARM_GCC_441\Debug\Skateboard Remote.a(CapSense_INT.o)
 .debug_line    0x000022a5      0x176 .\CortexM3\ARM_GCC_441\Debug\Skateboard Remote.a(CapSense_CompCH0.o)
 .debug_line    0x0000241b       0xe7 .\CortexM3\ARM_GCC_441\Debug\Skateboard Remote.a(CapSense_AMuxCH0.o)
 .debug_line    0x00002502      0x162 .\CortexM3\ARM_GCC_441\Debug\Skateboard Remote.a(CapSense_IntClock.o)
 .debug_line    0x00002664      0x357 .\CortexM3\ARM_GCC_441\Debug\Skateboard Remote.a(UartXbee.o)
 .debug_line    0x000029bb       0xba .\CortexM3\ARM_GCC_441\Debug\Skateboard Remote.a(UartXbee_INT.o)
 .debug_line    0x00002a75      0x22d .\CortexM3\ARM_GCC_441\Debug\Skateboard Remote.a(AdcSar.o)
 .debug_line    0x00002ca2       0x58 .\CortexM3\ARM_GCC_441\Debug\Skateboard Remote.a(AdcSar_INT.o)
 .debug_line    0x00002cfa       0xde .\CortexM3\ARM_GCC_441\Debug\Skateboard Remote.a(AMuxAdc.o)
 .debug_line    0x00002dd8      0x183 .\CortexM3\ARM_GCC_441\Debug\Skateboard Remote.a(AdcSar_theACLK.o)