Archive member included because of file (symbol)

c:/winavr-20100110/bin/../lib/gcc/avr/4.3.3/avr4\libgcc.a(_udivmodhi4.o)
                              motor.o (__udivmodhi4)
c:/winavr-20100110/bin/../lib/gcc/avr/4.3.3/avr4\libgcc.a(_exit.o)
                              c:/winavr-20100110/bin/../lib/gcc/avr/4.3.3/../../../../avr/lib/avr4/crtm8.o (exit)
c:/winavr-20100110/bin/../lib/gcc/avr/4.3.3/avr4\libgcc.a(_copy_data.o)
                              main.o (__do_copy_data)
c:/winavr-20100110/bin/../lib/gcc/avr/4.3.3/avr4\libgcc.a(_clear_bss.o)
                              main.o (__do_clear_bss)

Memory Configuration

Name             Origin             Length             Attributes
text             0x00000000         0x00002000         xr
data             0x00800060         0x0000ffa0         rw !x
eeprom           0x00810000         0x00010000         rw !x
fuse             0x00820000         0x00000400         rw !x
lock             0x00830000         0x00000400         rw !x
signature        0x00840000         0x00000400         rw !x
*default*        0x00000000         0xffffffff

Linker script and memory map

LOAD c:/winavr-20100110/bin/../lib/gcc/avr/4.3.3/../../../../avr/lib/avr4/crtm8.o
LOAD main.o
LOAD motor.o
LOAD led.o
LOAD tcnt0.o
LOAD usart.o
LOAD comms.o
LOAD buzzer.o
LOAD alarm.o
LOAD c:/winavr-20100110/bin/../lib/gcc/avr/4.3.3/avr4\libgcc.a
LOAD c:/winavr-20100110/bin/../lib/gcc/avr/4.3.3/../../../../avr/lib/avr4\libc.a
LOAD c:/winavr-20100110/bin/../lib/gcc/avr/4.3.3/avr4\libgcc.a

.hash
 *(.hash)

.dynsym
 *(.dynsym)

.dynstr
 *(.dynstr)

.gnu.version
 *(.gnu.version)

.gnu.version_d
 *(.gnu.version_d)

.gnu.version_r
 *(.gnu.version_r)

.rel.init
 *(.rel.init)

.rela.init
 *(.rela.init)

.rel.text
 *(.rel.text)
 *(.rel.text.*)
 *(.rel.gnu.linkonce.t*)

.rela.text
 *(.rela.text)
 *(.rela.text.*)
 *(.rela.gnu.linkonce.t*)

.rel.fini
 *(.rel.fini)

.rela.fini
 *(.rela.fini)

.rel.rodata
 *(.rel.rodata)
 *(.rel.rodata.*)
 *(.rel.gnu.linkonce.r*)

.rela.rodata
 *(.rela.rodata)
 *(.rela.rodata.*)
 *(.rela.gnu.linkonce.r*)

.rel.data
 *(.rel.data)
 *(.rel.data.*)
 *(.rel.gnu.linkonce.d*)

.rela.data
 *(.rela.data)
 *(.rela.data.*)
 *(.rela.gnu.linkonce.d*)

.rel.ctors
 *(.rel.ctors)

.rela.ctors
 *(.rela.ctors)

.rel.dtors
 *(.rel.dtors)

.rela.dtors
 *(.rela.dtors)

.rel.got
 *(.rel.got)

.rela.got
 *(.rela.got)

.rel.bss
 *(.rel.bss)

.rela.bss
 *(.rela.bss)

.rel.plt
 *(.rel.plt)

.rela.plt
 *(.rela.plt)

.text           0x00000000      0x812
 *(.vectors)
 .vectors       0x00000000       0x26 c:/winavr-20100110/bin/../lib/gcc/avr/4.3.3/../../../../avr/lib/avr4/crtm8.o
                0x00000000                __vectors
                0x00000000                __vector_default
 *(.vectors)
 *(.progmem.gcc*)
 *(.progmem*)
                0x00000026                . = ALIGN (0x2)
                0x00000026                __trampolines_start = .
 *(.trampolines)
 .trampolines   0x00000026        0x0 linker stubs
 *(.trampolines*)
                0x00000026                __trampolines_end = .
 *(.jumptables)
 *(.jumptables*)
 *(.lowtext)
 *(.lowtext*)
                0x00000026                __ctors_start = .
 *(.ctors)
                0x00000026                __ctors_end = .
                0x00000026                __dtors_start = .
 *(.dtors)
                0x00000026                __dtors_end = .
 SORT(*)(.ctors)
 SORT(*)(.dtors)
 *(.init0)
 .init0         0x00000026        0x0 c:/winavr-20100110/bin/../lib/gcc/avr/4.3.3/../../../../avr/lib/avr4/crtm8.o
                0x00000026                __init
 *(.init0)
 *(.init1)
 *(.init1)
 *(.init2)
 .init2         0x00000026        0xc c:/winavr-20100110/bin/../lib/gcc/avr/4.3.3/../../../../avr/lib/avr4/crtm8.o
 *(.init2)
 *(.init3)
 *(.init3)
 *(.init4)
 .init4         0x00000032       0x16 c:/winavr-20100110/bin/../lib/gcc/avr/4.3.3/avr4\libgcc.a(_copy_data.o)
                0x00000032                __do_copy_data
 .init4         0x00000048       0x10 c:/winavr-20100110/bin/../lib/gcc/avr/4.3.3/avr4\libgcc.a(_clear_bss.o)
                0x00000048                __do_clear_bss
 *(.init4)
 *(.init5)
 *(.init5)
 *(.init6)
 *(.init6)
 *(.init7)
 *(.init7)
 *(.init8)
 *(.init8)
 *(.init9)
 .init9         0x00000058        0x4 c:/winavr-20100110/bin/../lib/gcc/avr/4.3.3/../../../../avr/lib/avr4/crtm8.o
 *(.init9)
 *(.text)
 .text          0x0000005c        0x2 c:/winavr-20100110/bin/../lib/gcc/avr/4.3.3/../../../../avr/lib/avr4/crtm8.o
                0x0000005c                __vector_1
                0x0000005c                __bad_interrupt
                0x0000005c                __vector_6
                0x0000005c                __vector_3
                0x0000005c                __vector_13
                0x0000005c                __vector_17
                0x0000005c                __vector_7
                0x0000005c                __vector_5
                0x0000005c                __vector_4
                0x0000005c                __vector_2
                0x0000005c                __vector_15
                0x0000005c                __vector_8
                0x0000005c                __vector_14
                0x0000005c                __vector_10
                0x0000005c                __vector_16
                0x0000005c                __vector_18
 .text          0x0000005e      0x1d8 main.o
                0x000000f8                main
                0x00000098                setup_comms
                0x0000005e                __vector_9
                0x000000b2                setup_leds
 .text          0x00000236       0x84 motor.o
                0x00000236                motor_init
                0x0000028a                motor_disable
                0x0000025e                motor_set_speed
                0x00000282                motor_enable
                0x00000296                motor_update
 .text          0x000002ba      0x150 led.o
                0x00000354                led_on
                0x000003ce                led_toggle
                0x00000390                led_off
                0x000002ba                led_init
 .text          0x0000040a        0xc tcnt0.o
                0x0000040a                tcnt0_init
 .text          0x00000416      0x19e usart.o
                0x0000048e                __vector_12
                0x00000538                usart_space_in_tx_buffer
                0x000005ae                usart_rx_overflow
                0x00000416                __vector_11
                0x000004f2                usart_write_to_tx_buffer
                0x0000057a                usart_get_byte
                0x00000556                usart_send
                0x000004e0                usart_init
 .text          0x000005b4      0x1b6 comms.o
                0x0000074a                comms_init
                0x000005d2                comms_send
                0x000005b4                comms_config
                0x000005cc                comms_is_new_packet
                0x000005c6                comms_timeout
                0x000005d6                comms_retrieve_data
                0x00000708                comms_update
                0x000005b6                comms_get_byte
 .text          0x0000076a       0x5e buzzer.o
                0x0000076a                buzzer_init
                0x0000078e                buzzer_update
                0x00000772                buzzer_off
                0x0000076e                buzzer_on
                0x00000776                buzzer_single_beep
 .text          0x000007c8       0x1e alarm.o
                0x000007da                alarm_reset
                0x000007ce                alarm_update
                0x000007e0                alarm_is_triggered
                0x000007c8                alarm_init
 .text          0x000007e6        0x0 c:/winavr-20100110/bin/../lib/gcc/avr/4.3.3/avr4\libgcc.a(_udivmodhi4.o)
 .text          0x000007e6        0x0 c:/winavr-20100110/bin/../lib/gcc/avr/4.3.3/avr4\libgcc.a(_exit.o)
 .text          0x000007e6        0x0 c:/winavr-20100110/bin/../lib/gcc/avr/4.3.3/avr4\libgcc.a(_copy_data.o)
 .text          0x000007e6        0x0 c:/winavr-20100110/bin/../lib/gcc/avr/4.3.3/avr4\libgcc.a(_clear_bss.o)
                0x000007e6                . = ALIGN (0x2)
 *(.text.*)
 .text.libgcc   0x000007e6       0x28 c:/winavr-20100110/bin/../lib/gcc/avr/4.3.3/avr4\libgcc.a(_udivmodhi4.o)
                0x000007e6                __udivmodhi4
 .text.libgcc   0x0000080e        0x0 c:/winavr-20100110/bin/../lib/gcc/avr/4.3.3/avr4\libgcc.a(_exit.o)
 .text.libgcc   0x0000080e        0x0 c:/winavr-20100110/bin/../lib/gcc/avr/4.3.3/avr4\libgcc.a(_copy_data.o)
 .text.libgcc   0x0000080e        0x0 c:/winavr-20100110/bin/../lib/gcc/avr/4.3.3/avr4\libgcc.a(_clear_bss.o)
                0x0000080e                . = ALIGN (0x2)
 *(.fini9)
 .fini9         0x0000080e        0x0 c:/winavr-20100110/bin/../lib/gcc/avr/4.3.3/avr4\libgcc.a(_exit.o)
                0x0000080e                exit
                0x0000080e                _exit
 *(.fini9)
 *(.fini8)
 *(.fini8)
 *(.fini7)
 *(.fini7)
 *(.fini6)
 *(.fini6)
 *(.fini5)
 *(.fini5)
 *(.fini4)
 *(.fini4)
 *(.fini3)
 *(.fini3)
 *(.fini2)
 *(.fini2)
 *(.fini1)
 *(.fini1)
 *(.fini0)
 .fini0         0x0000080e        0x4 c:/winavr-20100110/bin/../lib/gcc/avr/4.3.3/avr4\libgcc.a(_exit.o)
 *(.fini0)
                0x00000812                _etext = .

.data           0x00800060        0x2 load address 0x00000812
                0x00800060                PROVIDE (__data_start, .)
 *(.data)
 .data          0x00800060        0x0 c:/winavr-20100110/bin/../lib/gcc/avr/4.3.3/../../../../avr/lib/avr4/crtm8.o
 .data          0x00800060        0x1 main.o
 .data          0x00800061        0x0 motor.o
 .data          0x00800061        0x0 led.o
 .data          0x00800061        0x0 tcnt0.o
 .data          0x00800061        0x0 usart.o
 .data          0x00800061        0x1 comms.o
 .data          0x00800062        0x0 buzzer.o
 .data          0x00800062        0x0 alarm.o
 .data          0x00800062        0x0 c:/winavr-20100110/bin/../lib/gcc/avr/4.3.3/avr4\libgcc.a(_udivmodhi4.o)
 .data          0x00800062        0x0 c:/winavr-20100110/bin/../lib/gcc/avr/4.3.3/avr4\libgcc.a(_exit.o)
 .data          0x00800062        0x0 c:/winavr-20100110/bin/../lib/gcc/avr/4.3.3/avr4\libgcc.a(_copy_data.o)
 .data          0x00800062        0x0 c:/winavr-20100110/bin/../lib/gcc/avr/4.3.3/avr4\libgcc.a(_clear_bss.o)
 *(.data*)
 *(.rodata)
 *(.rodata*)
 *(.gnu.linkonce.d*)
                0x00800062                . = ALIGN (0x2)
                0x00800062                _edata = .
                0x00800062                PROVIDE (__data_end, .)

.bss            0x00800062       0xce
                0x00800062                PROVIDE (__bss_start, .)
 *(.bss)
 .bss           0x00800062        0x0 c:/winavr-20100110/bin/../lib/gcc/avr/4.3.3/../../../../avr/lib/avr4/crtm8.o
 .bss           0x00800062       0x1b main.o
 .bss           0x0080007d        0x3 motor.o
 .bss           0x00800080        0x4 led.o
 .bss           0x00800084        0x0 tcnt0.o
 .bss           0x00800084       0x69 usart.o
 .bss           0x008000ed       0x3e comms.o
 .bss           0x0080012b        0x4 buzzer.o
 .bss           0x0080012f        0x1 alarm.o
 .bss           0x00800130        0x0 c:/winavr-20100110/bin/../lib/gcc/avr/4.3.3/avr4\libgcc.a(_udivmodhi4.o)
 .bss           0x00800130        0x0 c:/winavr-20100110/bin/../lib/gcc/avr/4.3.3/avr4\libgcc.a(_exit.o)
 .bss           0x00800130        0x0 c:/winavr-20100110/bin/../lib/gcc/avr/4.3.3/avr4\libgcc.a(_copy_data.o)
 .bss           0x00800130        0x0 c:/winavr-20100110/bin/../lib/gcc/avr/4.3.3/avr4\libgcc.a(_clear_bss.o)
 *(.bss*)
 *(COMMON)
                0x00800130                PROVIDE (__bss_end, .)
                0x00000812                __data_load_start = LOADADDR (.data)
                0x00000814                __data_load_end = (__data_load_start + SIZEOF (.data))

.noinit         0x00800130        0x0
                0x00800130                PROVIDE (__noinit_start, .)
 *(.noinit*)
                0x00800130                PROVIDE (__noinit_end, .)
                0x00800130                _end = .
                0x00800130                PROVIDE (__heap_start, .)

.eeprom         0x00810000        0x0
 *(.eeprom*)
                0x00810000                __eeprom_end = .

.fuse
 *(.fuse)
 *(.lfuse)
 *(.hfuse)
 *(.efuse)

.lock
 *(.lock*)

.signature
 *(.signature*)

.stab
 *(.stab)

.stabstr
 *(.stabstr)

.stab.excl
 *(.stab.excl)

.stab.exclstr
 *(.stab.exclstr)

.stab.index
 *(.stab.index)

.stab.indexstr
 *(.stab.indexstr)

.comment
 *(.comment)

.debug
 *(.debug)

.line
 *(.line)

.debug_srcinfo
 *(.debug_srcinfo)

.debug_sfnames
 *(.debug_sfnames)

.debug_aranges  0x00000000      0x100
 *(.debug_aranges)
 .debug_aranges
                0x00000000       0x20 main.o
 .debug_aranges
                0x00000020       0x20 motor.o
 .debug_aranges
                0x00000040       0x20 led.o
 .debug_aranges
                0x00000060       0x20 tcnt0.o
 .debug_aranges
                0x00000080       0x20 usart.o
 .debug_aranges
                0x000000a0       0x20 comms.o
 .debug_aranges
                0x000000c0       0x20 buzzer.o
 .debug_aranges
                0x000000e0       0x20 alarm.o

.debug_pubnames
                0x00000000      0x333
 *(.debug_pubnames)
 .debug_pubnames
                0x00000000       0x49 main.o
 .debug_pubnames
                0x00000049       0x69 motor.o
 .debug_pubnames
                0x000000b2       0x45 led.o
 .debug_pubnames
                0x000000f7       0x21 tcnt0.o
 .debug_pubnames
                0x00000118       0xb3 usart.o
 .debug_pubnames
                0x000001cb       0xa7 comms.o
 .debug_pubnames
                0x00000272       0x68 buzzer.o
 .debug_pubnames
                0x000002da       0x59 alarm.o

.debug_info     0x00000000      0xbe4
 *(.debug_info)
 .debug_info    0x00000000      0x1de main.o
 .debug_info    0x000001de      0x132 motor.o
 .debug_info    0x00000310      0x15b led.o
 .debug_info    0x0000046b       0x79 tcnt0.o
 .debug_info    0x000004e4      0x202 usart.o
 .debug_info    0x000006e6      0x2f9 comms.o
 .debug_info    0x000009df      0x12d buzzer.o
 .debug_info    0x00000b0c       0xd8 alarm.o
 *(.gnu.linkonce.wi.*)

.debug_abbrev   0x00000000      0x5b0
 *(.debug_abbrev)
 .debug_abbrev  0x00000000       0xec main.o
 .debug_abbrev  0x000000ec       0xa0 motor.o
 .debug_abbrev  0x0000018c       0x93 led.o
 .debug_abbrev  0x0000021f       0x3f tcnt0.o
 .debug_abbrev  0x0000025e       0xf3 usart.o
 .debug_abbrev  0x00000351      0x13c comms.o
 .debug_abbrev  0x0000048d       0xa8 buzzer.o
 .debug_abbrev  0x00000535       0x7b alarm.o

.debug_line     0x00000000      0xd2a
 *(.debug_line)
 .debug_line    0x00000000      0x33d main.o
 .debug_line    0x0000033d      0x167 motor.o
 .debug_line    0x000004a4      0x13f led.o
 .debug_line    0x000005e3       0x76 tcnt0.o
 .debug_line    0x00000659      0x217 usart.o
 .debug_line    0x00000870      0x2ab comms.o
 .debug_line    0x00000b1b      0x132 buzzer.o
 .debug_line    0x00000c4d       0xdd alarm.o

.debug_frame    0x00000000      0x2f0
 *(.debug_frame)
 .debug_frame   0x00000000       0x50 main.o
 .debug_frame   0x00000050       0x60 motor.o
 .debug_frame   0x000000b0       0x50 led.o
 .debug_frame   0x00000100       0x20 tcnt0.o
 .debug_frame   0x00000120       0x90 usart.o
 .debug_frame   0x000001b0       0x90 comms.o
 .debug_frame   0x00000240       0x60 buzzer.o
 .debug_frame   0x000002a0       0x50 alarm.o

.debug_str      0x00000000      0x606
 *(.debug_str)
 .debug_str     0x00000000      0x14f main.o
                                0x188 (size before relaxing)
 .debug_str     0x0000014f       0x6b motor.o
                                0x15b (size before relaxing)
 .debug_str     0x000001ba       0x58 led.o
                                0x149 (size before relaxing)
 .debug_str     0x00000212       0x20 tcnt0.o
                                 0xf8 (size before relaxing)
 .debug_str     0x00000232      0x10d usart.o
                                0x1fc (size before relaxing)
 .debug_str     0x0000033f      0x217 comms.o
                                0x32f (size before relaxing)
 .debug_str     0x00000556       0x5a buzzer.o
                                0x141 (size before relaxing)
 .debug_str     0x000005b0       0x56 alarm.o
                                0x136 (size before relaxing)

.debug_loc      0x00000000      0x17b
 *(.debug_loc)
 .debug_loc     0x00000000       0x38 motor.o
 .debug_loc     0x00000038       0x61 led.o
 .debug_loc     0x00000099       0x7c usart.o
 .debug_loc     0x00000115       0x66 comms.o

.debug_macinfo
 *(.debug_macinfo)
OUTPUT(skateboard.elf elf32-avr)
LOAD linker stubs
