Archive member included because of file (symbol)

c:/winavr-20100110/bin/../lib/gcc/avr/4.3.3/avr4\libgcc.a(_exit.o)
                              c:/winavr-20100110/bin/../lib/gcc/avr/4.3.3/../../../../avr/lib/avr4/crtm8.o (exit)
c:/winavr-20100110/bin/../lib/gcc/avr/4.3.3/avr4\libgcc.a(_copy_data.o)
                              main.o (__do_copy_data)
c:/winavr-20100110/bin/../lib/gcc/avr/4.3.3/avr4\libgcc.a(_clear_bss.o)
                              led.o (__do_clear_bss)

Memory Configuration

Name             Origin             Length             Attributes
text             0x00000000         0x00002000         xr
data             0x00800060         0x0000ffa0         rw !x
eeprom           0x00810000         0x00010000         rw !x
fuse             0x00820000         0x00000400         rw !x
lock             0x00830000         0x00000400         rw !x
signature        0x00840000         0x00000400         rw !x
*default*        0x00000000         0xffffffff

Linker script and memory map

LOAD c:/winavr-20100110/bin/../lib/gcc/avr/4.3.3/../../../../avr/lib/avr4/crtm8.o
LOAD adc.o
LOAD led.o
LOAD tcnt0.o
LOAD main.o
LOAD usart.o
LOAD comms.o
LOAD button.o
LOAD c:/winavr-20100110/bin/../lib/gcc/avr/4.3.3/avr4\libgcc.a
LOAD c:/winavr-20100110/bin/../lib/gcc/avr/4.3.3/../../../../avr/lib/avr4\libc.a
LOAD c:/winavr-20100110/bin/../lib/gcc/avr/4.3.3/avr4\libgcc.a

.hash
 *(.hash)

.dynsym
 *(.dynsym)

.dynstr
 *(.dynstr)

.gnu.version
 *(.gnu.version)

.gnu.version_d
 *(.gnu.version_d)

.gnu.version_r
 *(.gnu.version_r)

.rel.init
 *(.rel.init)

.rela.init
 *(.rela.init)

.rel.text
 *(.rel.text)
 *(.rel.text.*)
 *(.rel.gnu.linkonce.t*)

.rela.text
 *(.rela.text)
 *(.rela.text.*)
 *(.rela.gnu.linkonce.t*)

.rel.fini
 *(.rel.fini)

.rela.fini
 *(.rela.fini)

.rel.rodata
 *(.rel.rodata)
 *(.rel.rodata.*)
 *(.rel.gnu.linkonce.r*)

.rela.rodata
 *(.rela.rodata)
 *(.rela.rodata.*)
 *(.rela.gnu.linkonce.r*)

.rel.data
 *(.rel.data)
 *(.rel.data.*)
 *(.rel.gnu.linkonce.d*)

.rela.data
 *(.rela.data)
 *(.rela.data.*)
 *(.rela.gnu.linkonce.d*)

.rel.ctors
 *(.rel.ctors)

.rela.ctors
 *(.rela.ctors)

.rel.dtors
 *(.rel.dtors)

.rela.dtors
 *(.rela.dtors)

.rel.got
 *(.rel.got)

.rela.got
 *(.rela.got)

.rel.bss
 *(.rel.bss)

.rela.bss
 *(.rela.bss)

.rel.plt
 *(.rel.plt)

.rela.plt
 *(.rela.plt)

.text           0x00000000      0x9c8
 *(.vectors)
 .vectors       0x00000000       0x26 c:/winavr-20100110/bin/../lib/gcc/avr/4.3.3/../../../../avr/lib/avr4/crtm8.o
                0x00000000                __vectors
                0x00000000                __vector_default
 *(.vectors)
 *(.progmem.gcc*)
 *(.progmem*)
                0x00000026                . = ALIGN (0x2)
                0x00000026                __trampolines_start = .
 *(.trampolines)
 .trampolines   0x00000026        0x0 linker stubs
 *(.trampolines*)
                0x00000026                __trampolines_end = .
 *(.jumptables)
 *(.jumptables*)
 *(.lowtext)
 *(.lowtext*)
                0x00000026                __ctors_start = .
 *(.ctors)
                0x00000026                __ctors_end = .
                0x00000026                __dtors_start = .
 *(.dtors)
                0x00000026                __dtors_end = .
 SORT(*)(.ctors)
 SORT(*)(.dtors)
 *(.init0)
 .init0         0x00000026        0x0 c:/winavr-20100110/bin/../lib/gcc/avr/4.3.3/../../../../avr/lib/avr4/crtm8.o
                0x00000026                __init
 *(.init0)
 *(.init1)
 *(.init1)
 *(.init2)
 .init2         0x00000026        0xc c:/winavr-20100110/bin/../lib/gcc/avr/4.3.3/../../../../avr/lib/avr4/crtm8.o
 *(.init2)
 *(.init3)
 *(.init3)
 *(.init4)
 .init4         0x00000032       0x16 c:/winavr-20100110/bin/../lib/gcc/avr/4.3.3/avr4\libgcc.a(_copy_data.o)
                0x00000032                __do_copy_data
 .init4         0x00000048       0x10 c:/winavr-20100110/bin/../lib/gcc/avr/4.3.3/avr4\libgcc.a(_clear_bss.o)
                0x00000048                __do_clear_bss
 *(.init4)
 *(.init5)
 *(.init5)
 *(.init6)
 *(.init6)
 *(.init7)
 *(.init7)
 *(.init8)
 *(.init8)
 *(.init9)
 .init9         0x00000058        0x4 c:/winavr-20100110/bin/../lib/gcc/avr/4.3.3/../../../../avr/lib/avr4/crtm8.o
 *(.init9)
 *(.text)
 .text          0x0000005c        0x2 c:/winavr-20100110/bin/../lib/gcc/avr/4.3.3/../../../../avr/lib/avr4/crtm8.o
                0x0000005c                __vector_1
                0x0000005c                __bad_interrupt
                0x0000005c                __vector_6
                0x0000005c                __vector_3
                0x0000005c                __vector_13
                0x0000005c                __vector_17
                0x0000005c                __vector_7
                0x0000005c                __vector_5
                0x0000005c                __vector_4
                0x0000005c                __vector_2
                0x0000005c                __vector_15
                0x0000005c                __vector_8
                0x0000005c                __vector_14
                0x0000005c                __vector_10
                0x0000005c                __vector_16
                0x0000005c                __vector_18
 .text          0x0000005e       0x1c adc.o
                0x00000068                adc_get
                0x0000005e                adc_init
 .text          0x0000007a      0x150 led.o
                0x00000114                led_on
                0x0000018e                led_toggle
                0x00000150                led_off
                0x0000007a                led_init
 .text          0x000001ca        0xc tcnt0.o
                0x000001ca                tcnt0_init
 .text          0x000001d6      0x33c main.o
                0x00000260                main
                0x00000246                setup_comms
                0x000001d6                __vector_9
                0x00000200                setup_leds
 .text          0x00000512      0x19e usart.o
                0x0000058a                __vector_12
                0x00000634                usart_space_in_tx_buffer
                0x000006aa                usart_rx_overflow
                0x00000512                __vector_11
                0x000005ee                usart_write_to_tx_buffer
                0x00000676                usart_get_byte
                0x00000652                usart_send
                0x000005dc                usart_init
 .text          0x000006b0      0x1b6 comms.o
                0x00000846                comms_init
                0x000006ce                comms_send
                0x000006b0                comms_config
                0x000006c8                comms_is_new_packet
                0x000006c2                comms_timeout
                0x000006d2                comms_retrieve_data
                0x00000804                comms_update
                0x000006b2                comms_get_byte
 .text          0x00000866      0x15e button.o
                0x00000866                button_init
                0x000008b6                button_update
                0x000009ac                button_been_pressed
 .text          0x000009c4        0x0 c:/winavr-20100110/bin/../lib/gcc/avr/4.3.3/avr4\libgcc.a(_exit.o)
 .text          0x000009c4        0x0 c:/winavr-20100110/bin/../lib/gcc/avr/4.3.3/avr4\libgcc.a(_copy_data.o)
 .text          0x000009c4        0x0 c:/winavr-20100110/bin/../lib/gcc/avr/4.3.3/avr4\libgcc.a(_clear_bss.o)
                0x000009c4                . = ALIGN (0x2)
 *(.text.*)
 .text.libgcc   0x000009c4        0x0 c:/winavr-20100110/bin/../lib/gcc/avr/4.3.3/avr4\libgcc.a(_exit.o)
 .text.libgcc   0x000009c4        0x0 c:/winavr-20100110/bin/../lib/gcc/avr/4.3.3/avr4\libgcc.a(_copy_data.o)
 .text.libgcc   0x000009c4        0x0 c:/winavr-20100110/bin/../lib/gcc/avr/4.3.3/avr4\libgcc.a(_clear_bss.o)
                0x000009c4                . = ALIGN (0x2)
 *(.fini9)
 .fini9         0x000009c4        0x0 c:/winavr-20100110/bin/../lib/gcc/avr/4.3.3/avr4\libgcc.a(_exit.o)
                0x000009c4                exit
                0x000009c4                _exit
 *(.fini9)
 *(.fini8)
 *(.fini8)
 *(.fini7)
 *(.fini7)
 *(.fini6)
 *(.fini6)
 *(.fini5)
 *(.fini5)
 *(.fini4)
 *(.fini4)
 *(.fini3)
 *(.fini3)
 *(.fini2)
 *(.fini2)
 *(.fini1)
 *(.fini1)
 *(.fini0)
 .fini0         0x000009c4        0x4 c:/winavr-20100110/bin/../lib/gcc/avr/4.3.3/avr4\libgcc.a(_exit.o)
 *(.fini0)
                0x000009c8                _etext = .

.data           0x00800060        0x2 load address 0x000009c8
                0x00800060                PROVIDE (__data_start, .)
 *(.data)
 .data          0x00800060        0x0 c:/winavr-20100110/bin/../lib/gcc/avr/4.3.3/../../../../avr/lib/avr4/crtm8.o
 .data          0x00800060        0x0 adc.o
 .data          0x00800060        0x0 led.o
 .data          0x00800060        0x0 tcnt0.o
 .data          0x00800060        0x1 main.o
 .data          0x00800061        0x0 usart.o
 .data          0x00800061        0x1 comms.o
 .data          0x00800062        0x0 button.o
 .data          0x00800062        0x0 c:/winavr-20100110/bin/../lib/gcc/avr/4.3.3/avr4\libgcc.a(_exit.o)
 .data          0x00800062        0x0 c:/winavr-20100110/bin/../lib/gcc/avr/4.3.3/avr4\libgcc.a(_copy_data.o)
 .data          0x00800062        0x0 c:/winavr-20100110/bin/../lib/gcc/avr/4.3.3/avr4\libgcc.a(_clear_bss.o)
 *(.data*)
 *(.rodata)
 *(.rodata*)
 *(.gnu.linkonce.d*)
                0x00800062                . = ALIGN (0x2)
                0x00800062                _edata = .
                0x00800062                PROVIDE (__data_end, .)

.bss            0x00800062       0xe3
                0x00800062                PROVIDE (__bss_start, .)
 *(.bss)
 .bss           0x00800062        0x0 c:/winavr-20100110/bin/../lib/gcc/avr/4.3.3/../../../../avr/lib/avr4/crtm8.o
 .bss           0x00800062        0x0 adc.o
 .bss           0x00800062        0x4 led.o
 .bss           0x00800066        0x0 tcnt0.o
 .bss           0x00800066       0x1e main.o
 .bss           0x00800084       0x69 usart.o
 .bss           0x008000ed       0x3e comms.o
 .bss           0x0080012b       0x1a button.o
 .bss           0x00800145        0x0 c:/winavr-20100110/bin/../lib/gcc/avr/4.3.3/avr4\libgcc.a(_exit.o)
 .bss           0x00800145        0x0 c:/winavr-20100110/bin/../lib/gcc/avr/4.3.3/avr4\libgcc.a(_copy_data.o)
 .bss           0x00800145        0x0 c:/winavr-20100110/bin/../lib/gcc/avr/4.3.3/avr4\libgcc.a(_clear_bss.o)
 *(.bss*)
 *(COMMON)
                0x00800145                PROVIDE (__bss_end, .)
                0x000009c8                __data_load_start = LOADADDR (.data)
                0x000009ca                __data_load_end = (__data_load_start + SIZEOF (.data))

.noinit         0x00800145        0x0
                0x00800145                PROVIDE (__noinit_start, .)
 *(.noinit*)
                0x00800145                PROVIDE (__noinit_end, .)
                0x00800145                _end = .
                0x00800145                PROVIDE (__heap_start, .)

.eeprom         0x00810000        0x0
 *(.eeprom*)
                0x00810000                __eeprom_end = .

.fuse
 *(.fuse)
 *(.lfuse)
 *(.hfuse)
 *(.efuse)

.lock
 *(.lock*)

.signature
 *(.signature*)

.stab
 *(.stab)

.stabstr
 *(.stabstr)

.stab.excl
 *(.stab.excl)

.stab.exclstr
 *(.stab.exclstr)

.stab.index
 *(.stab.index)

.stab.indexstr
 *(.stab.indexstr)

.comment
 *(.comment)

.debug
 *(.debug)

.line
 *(.line)

.debug_srcinfo
 *(.debug_srcinfo)

.debug_sfnames
 *(.debug_sfnames)

.debug_aranges  0x00000000       0xe0
 *(.debug_aranges)
 .debug_aranges
                0x00000000       0x20 adc.o
 .debug_aranges
                0x00000020       0x20 led.o
 .debug_aranges
                0x00000040       0x20 tcnt0.o
 .debug_aranges
                0x00000060       0x20 main.o
 .debug_aranges
                0x00000080       0x20 usart.o
 .debug_aranges
                0x000000a0       0x20 comms.o
 .debug_aranges
                0x000000c0       0x20 button.o

.debug_pubnames
                0x00000000      0x280
 *(.debug_pubnames)
 .debug_pubnames
                0x00000000       0x2b adc.o
 .debug_pubnames
                0x0000002b       0x45 led.o
 .debug_pubnames
                0x00000070       0x21 tcnt0.o
 .debug_pubnames
                0x00000091       0x49 main.o
 .debug_pubnames
                0x000000da       0xb3 usart.o
 .debug_pubnames
                0x0000018d       0xa7 comms.o
 .debug_pubnames
                0x00000234       0x4c button.o

.debug_info     0x00000000      0xb93
 *(.debug_info)
 .debug_info    0x00000000       0xc6 adc.o
 .debug_info    0x000000c6      0x15b led.o
 .debug_info    0x00000221       0x79 tcnt0.o
 .debug_info    0x0000029a      0x23c main.o
 .debug_info    0x000004d6      0x202 usart.o
 .debug_info    0x000006d8      0x2f9 comms.o
 .debug_info    0x000009d1      0x1c2 button.o
 *(.gnu.linkonce.wi.*)

.debug_abbrev   0x00000000      0x563
 *(.debug_abbrev)
 .debug_abbrev  0x00000000       0x72 adc.o
 .debug_abbrev  0x00000072       0x93 led.o
 .debug_abbrev  0x00000105       0x3f tcnt0.o
 .debug_abbrev  0x00000144       0xfb main.o
 .debug_abbrev  0x0000023f       0xf3 usart.o
 .debug_abbrev  0x00000332      0x13c comms.o
 .debug_abbrev  0x0000046e       0xf5 button.o

.debug_line     0x00000000      0xd89
 *(.debug_line)
 .debug_line    0x00000000       0xc3 adc.o
 .debug_line    0x000000c3      0x13f led.o
 .debug_line    0x00000202       0x76 tcnt0.o
 .debug_line    0x00000278      0x488 main.o
 .debug_line    0x00000700      0x217 usart.o
 .debug_line    0x00000917      0x2ab comms.o
 .debug_line    0x00000bc2      0x1c7 button.o

.debug_frame    0x00000000      0x250
 *(.debug_frame)
 .debug_frame   0x00000000       0x30 adc.o
 .debug_frame   0x00000030       0x50 led.o
 .debug_frame   0x00000080       0x20 tcnt0.o
 .debug_frame   0x000000a0       0x50 main.o
 .debug_frame   0x000000f0       0x90 usart.o
 .debug_frame   0x00000180       0x90 comms.o
 .debug_frame   0x00000210       0x40 button.o

.debug_str      0x00000000      0x5f9
 *(.debug_str)
 .debug_str     0x00000000       0xd2 adc.o
                                0x10b (size before relaxing)
 .debug_str     0x000000d2       0x69 led.o
                                0x145 (size before relaxing)
 .debug_str     0x0000013b       0x20 tcnt0.o
                                 0xf4 (size before relaxing)
 .debug_str     0x0000015b       0xba main.o
                                0x1b0 (size before relaxing)
 .debug_str     0x00000215      0x10d usart.o
                                0x1f8 (size before relaxing)
 .debug_str     0x00000322      0x223 comms.o
                                0x32b (size before relaxing)
 .debug_str     0x00000545       0xb4 button.o
                                0x1b9 (size before relaxing)

.debug_loc      0x00000000      0x21f
 *(.debug_loc)
 .debug_loc     0x00000000       0x46 adc.o
 .debug_loc     0x00000046       0x61 led.o
 .debug_loc     0x000000a7       0x28 main.o
 .debug_loc     0x000000cf       0x7c usart.o
 .debug_loc     0x0000014b       0x66 comms.o
 .debug_loc     0x000001b1       0x6e button.o

.debug_macinfo
 *(.debug_macinfo)
OUTPUT(remote.elf elf32-avr)
LOAD linker stubs
