Archive member included because of file (symbol)

.\CortexM3\ARM_GCC_441\Debug\Skateboard Motherboard.a(CyDmac.o)
                              .\CortexM3\ARM_GCC_441\Debug\Cm3Start.o (CyDmacConfigure)
.\CortexM3\ARM_GCC_441\Debug\Skateboard Motherboard.a(CyLib.o)
                              .\CortexM3\ARM_GCC_441\Debug\Cm3Start.o (CyResetStatus)
.\CortexM3\ARM_GCC_441\Debug\Skateboard Motherboard.a(cyPm.o)
                              .\CortexM3\ARM_GCC_441\Debug\Skateboard Motherboard.a(CyLib.o) (CyPmReadStatus)
.\CortexM3\ARM_GCC_441\Debug\Skateboard Motherboard.a(PwmMotor.o)
                              .\CortexM3\ARM_GCC_441\Debug\Motor.o (PwmMotor_Start)
.\CortexM3\ARM_GCC_441\Debug\Skateboard Motherboard.a(PwmPiezo.o)
                              .\CortexM3\ARM_GCC_441\Debug\Piezo.o (PwmPiezo_Start)
.\CortexM3\ARM_GCC_441\Debug\Skateboard Motherboard.a(PinLedGreen.o)
                              .\CortexM3\ARM_GCC_441\Debug\Lights.o (PinLedGreen_Write)
.\CortexM3\ARM_GCC_441\Debug\Skateboard Motherboard.a(PinLedOrange.o)
                              .\CortexM3\ARM_GCC_441\Debug\Lights.o (PinLedOrange_Write)
.\CortexM3\ARM_GCC_441\Debug\Skateboard Motherboard.a(PinLedRed.o)
                              .\CortexM3\ARM_GCC_441\Debug\Lights.o (PinLedRed_Write)
.\CortexM3\ARM_GCC_441\Debug\Skateboard Motherboard.a(PinLightRear.o)
                              .\CortexM3\ARM_GCC_441\Debug\Lights.o (PinLightRear_Write)
.\CortexM3\ARM_GCC_441\Debug\Skateboard Motherboard.a(PinLightSkirting.o)
                              .\CortexM3\ARM_GCC_441\Debug\Lights.o (PinLightSkirting_Write)
.\CortexM3\ARM_GCC_441\Debug\Skateboard Motherboard.a(UartXbee.o)
                              .\CortexM3\ARM_GCC_441\Debug\Comms.o (UartXbee_Start)
.\CortexM3\ARM_GCC_441\Debug\Skateboard Motherboard.a(UartXbee_INT.o)
                              .\CortexM3\ARM_GCC_441\Debug\Skateboard Motherboard.a(UartXbee.o) (UartXbee_RXISR)
.\CortexM3\ARM_GCC_441\Debug\Skateboard Motherboard.a(TimerMainTick.o)
                              .\CortexM3\ARM_GCC_441\Debug\main.o (TimerMainTick_Start)
.\CortexM3\ARM_GCC_441\Debug\Skateboard Motherboard.a(IsrMainTick.o)
                              .\CortexM3\ARM_GCC_441\Debug\main.o (IsrMainTick_StartEx)
.\CortexM3\ARM_GCC_441\Debug\Skateboard Motherboard.a(PinMotionSensor.o)
                              .\CortexM3\ARM_GCC_441\Debug\main.o (PinMotionSensor_ClearInterrupt)
.\CortexM3\ARM_GCC_441\Debug\Skateboard Motherboard.a(IsrMotionSensor.o)
                              .\CortexM3\ARM_GCC_441\Debug\main.o (IsrMotionSensor_Disable)
.\CortexM3\ARM_GCC_441\Debug\Skateboard Motherboard.a(UartDebug.o)
                              .\CortexM3\ARM_GCC_441\Debug\main.o (UartDebug_Start)
.\CortexM3\ARM_GCC_441\Debug\Skateboard Motherboard.a(UartDebug_INT.o)
                              .\CortexM3\ARM_GCC_441\Debug\Skateboard Motherboard.a(UartDebug.o) (UartDebug_RXISR)
.\CortexM3\ARM_GCC_441\Debug\Skateboard Motherboard.a(PinLightFront.o)
                              .\CortexM3\ARM_GCC_441\Debug\Lights.o (PinLightFront_Write)
.\CortexM3\ARM_GCC_441\Debug\Skateboard Motherboard.a(AdcSar.o)
                              .\CortexM3\ARM_GCC_441\Debug\Adc.o (AdcSar_Start)
.\CortexM3\ARM_GCC_441\Debug\Skateboard Motherboard.a(AdcSar_INT.o)
                              .\CortexM3\ARM_GCC_441\Debug\Skateboard Motherboard.a(AdcSar.o) (AdcSar_ISR)
.\CortexM3\ARM_GCC_441\Debug\Skateboard Motherboard.a(AdcSar_theACLK.o)
                              .\CortexM3\ARM_GCC_441\Debug\Skateboard Motherboard.a(AdcSar.o) (AdcSar_theACLK_SetModeRegister)
.\CortexM3\ARM_GCC_441\Debug\Skateboard Motherboard.a(cyfitter_cfg.o)
                              .\CortexM3\ARM_GCC_441\Debug\Cm3Start.o (cyfitter_cfg)
.\CortexM3\ARM_GCC_441\Debug\Skateboard Motherboard.a(CyBootAsmGnu.o)
                              .\CortexM3\ARM_GCC_441\Debug\Skateboard Motherboard.a(CyLib.o) (CyDelayCycles)
.\CortexM3\ARM_GCC_441\Debug\Skateboard Motherboard.a(CyFlash.o)
                              .\CortexM3\ARM_GCC_441\Debug\Skateboard Motherboard.a(cyPm.o) (CyFlash_SetWaitCycles)
.\CortexM3\ARM_GCC_441\Debug\Skateboard Motherboard.a(CySpc.o)
                              .\CortexM3\ARM_GCC_441\Debug\Skateboard Motherboard.a(CyFlash.o) (CySpcLock)
.\CortexM3\ARM_GCC_441\Debug\Skateboard Motherboard.a(cyutils.o)
                              .\CortexM3\ARM_GCC_441\Debug\Skateboard Motherboard.a(cyfitter_cfg.o) (CySetReg24)
c:/program files (x86)/cypress/psoc creator/2.0/psoc creator/import/gnu_cs/arm/4.4.1/bin/../lib/gcc/arm-none-eabi/4.4.1/thumb2\libgcc.a(_arm_addsubdf3.o)
                              .\CortexM3\ARM_GCC_441\Debug\Piezo.o (__aeabi_dsub)
c:/program files (x86)/cypress/psoc creator/2.0/psoc creator/import/gnu_cs/arm/4.4.1/bin/../lib/gcc/arm-none-eabi/4.4.1/thumb2\libgcc.a(_arm_muldivdf3.o)
[...]
Memory Configuration

Name             Origin             Length             Attributes
rom              0x00000000         0x00010000         xr
ram              0x1fffe000         0x00002c00         xrw
*default*        0x00000000         0xffffffff

Linker script and memory map

LOAD c:/program files (x86)/cypress/psoc creator/2.0/psoc creator/import/gnu_cs/arm/4.4.1/bin/../lib/gcc/arm-none-eabi/4.4.1/thumb2/crti.o
LOAD c:/program files (x86)/cypress/psoc creator/2.0/psoc creator/import/gnu_cs/arm/4.4.1/bin/../lib/gcc/arm-none-eabi/4.4.1/thumb2/crtbegin.o
START GROUP
LOAD .\CortexM3\ARM_GCC_441\Debug\main.o
LOAD .\CortexM3\ARM_GCC_441\Debug\Sleep.o
LOAD .\CortexM3\ARM_GCC_441\Debug\Piezo.o
LOAD .\CortexM3\ARM_GCC_441\Debug\Led.o
LOAD .\CortexM3\ARM_GCC_441\Debug\Lights.o
LOAD .\CortexM3\ARM_GCC_441\Debug\Motor.o
LOAD .\CortexM3\ARM_GCC_441\Debug\Comms.o
LOAD .\CortexM3\ARM_GCC_441\Debug\Adc.o
LOAD .\CortexM3\ARM_GCC_441\Debug\Cm3Start.o
LOAD .\CortexM3\ARM_GCC_441\Debug\Skateboard Motherboard.a
LOAD C:\Program Files (x86)\Cypress\PSoC Creator\2.0\PSoC Creator\psoc\content\cycomponentlibrary\CyComponentLibrary.cylib\CortexM3\ARM_GCC_441\Debug\CyComponentLibrary.a
END GROUP
START GROUP
LOAD c:/program files (x86)/cypress/psoc creator/2.0/psoc creator/import/gnu_cs/arm/4.4.1/bin/../lib/gcc/arm-none-eabi/4.4.1/thumb2\libgcc.a
LOAD c:/program files (x86)/cypress/psoc creator/2.0/psoc creator/import/gnu_cs/arm/4.4.1/bin/../lib/gcc/arm-none-eabi/4.4.1/../../../../arm-none-eabi/lib/thumb2\libc.a
END GROUP
LOAD c:/program files (x86)/cypress/psoc creator/2.0/psoc creator/import/gnu_cs/arm/4.4.1/bin/../lib/gcc/arm-none-eabi/4.4.1/thumb2/crtend.o
LOAD c:/program files (x86)/cypress/psoc creator/2.0/psoc creator/import/gnu_cs/arm/4.4.1/bin/../lib/gcc/arm-none-eabi/4.4.1/thumb2/crtn.o
START GROUP
LOAD c:/program files (x86)/cypress/psoc creator/2.0/psoc creator/import/gnu_cs/arm/4.4.1/bin/../lib/gcc/arm-none-eabi/4.4.1/thumb2\libgcc.a
LOAD c:/program files (x86)/cypress/psoc creator/2.0/psoc creator/import/gnu_cs/arm/4.4.1/bin/../lib/gcc/arm-none-eabi/4.4.1/../../../../arm-none-eabi/lib/thumb2\libc.a
LOAD c:/program files (x86)/cypress/psoc creator/2.0/psoc creator/import/gnu_cs/arm/4.4.1/bin/../lib/gcc/arm-none-eabi/4.4.1/../../../../arm-none-eabi/lib/thumb2\libcs3.a
LOAD c:/program files (x86)/cypress/psoc creator/2.0/psoc creator/import/gnu_cs/arm/4.4.1/bin/../lib/gcc/arm-none-eabi/4.4.1/../../../../arm-none-eabi/lib/thumb2\libcs3unhosted.a
LOAD c:/program files (x86)/cypress/psoc creator/2.0/psoc creator/import/gnu_cs/arm/4.4.1/bin/../lib/gcc/arm-none-eabi/4.4.1/../../../../arm-none-eabi/lib/thumb2\libcs3micro.a
END GROUP
                0x1fffe9b0                PROVIDE (__cs3_heap_start, _end)
                0x00000001                PROVIDE (__cs3_region_num, ((__cs3_regions_end - __cs3_regions) / 0x14))
                0x20002000                PROVIDE (__cs3_stack, 0x20002000)
                0x20001000                PROVIDE (__cs3_heap_end, (__cs3_stack - 0x1000))

.text           0x00000000     0x9d10
 CREATE_OBJECT_SYMBOLS
                0x00000000                __cs3_interrupt_vector = __cs3_interrupt_vector_micro
 *(.cs3.interrupt_vector)
 .cs3.interrupt_vector
                0x00000000       0xc0 c:/program files (x86)/cypress/psoc creator/2.0/psoc creator/import/gnu_cs/arm/4.4.1/bin/../lib/gcc/arm-none-eabi/4.4.1/../../../../arm-none-eabi/lib/thumb2\libcs3micro.a(micro-vector.o)
                0x00000000                __cs3_interrupt_vector_micro
                0x00000001                ASSERT ((. != __cs3_interrupt_vector_micro), No interrupt vector)
                0x0000249c                PROVIDE (__cs3_reset, Reset)
 *(.cs3.reset)
                0x00000001                ASSERT ((. != __cs3_reset), No reset code)
 *(.dma_init)
 .dma_init      0x000000c0      0x2a0 .\CortexM3\ARM_GCC_441\Debug\Skateboard Motherboard.a(cyfitter_cfg.o)
                0x00000001                ASSERT ((((0x0 + .) <= 0x10000) || 0x0), DMA Init must be within the first 64k of flash)
 *(.text.cs3.init)
 .text.cs3.init
                0x00000360       0x5c c:/program files (x86)/cypress/psoc creator/2.0/psoc creator/import/gnu_cs/arm/4.4.1/bin/../lib/gcc/arm-none-eabi/4.4.1/../../../../arm-none-eabi/lib/thumb2\libcs3.a(start_c.o)
                0x00000360                __cs3_start_c
 *(.text .text.* .gnu.linkonce.t.*)
 .text          0x000003bc       0x30 c:/program files (x86)/cypress/psoc creator/2.0/psoc creator/import/gnu_cs/arm/4.4.1/bin/../lib/gcc/arm-none-eabi/4.4.1/thumb2/crtbegin.o
 *fill*         0x000003ec        0x4 00
 .text.main     0x000003f0      0x7e0 .\CortexM3\ARM_GCC_441\Debug\main.o
                0x000003f0                main
 .text.Main_CheckForLedOnOffPressed
                0x00000bd0       0x44 .\CortexM3\ARM_GCC_441\Debug\main.o
                0x00000bd0                Main_CheckForLedOnOffPressed
 .text.Main_CheckForChangeLedMode
                0x00000c14       0x24 .\CortexM3\ARM_GCC_441\Debug\main.o
                0x00000c14                Main_CheckForChangeLedMode
 .text.Main_CheckForAlarmOnOffPressed
                0x00000c38       0x24 .\CortexM3\ARM_GCC_441\Debug\main.o
                0x00000c38                Main_CheckForAlarmOnOffPressed
 .text.Main_BuildMsg
                0x00000c5c       0xb0 .\CortexM3\ARM_GCC_441\Debug\main.o
                0x00000c5c                Main_BuildMsg
 .text.Main_MotionSensorIsr
                0x00000d0c       0x18 .\CortexM3\ARM_GCC_441\Debug\main.o
                0x00000d0c                Main_MotionSensorIsr
 .text.Main_MainTickIsr
                0x00000d24       0x24 .\CortexM3\ARM_GCC_441\Debug\main.o
                0x00000d24                Main_MainTickIsr
 .text.Piezo_Run
                0x00000d48      0x600 .\CortexM3\ARM_GCC_441\Debug\Piezo.o
                0x00000d48                Piezo_Run
 .text.Piezo_AlarmEnable
                0x00001348       0x20 .\CortexM3\ARM_GCC_441\Debug\Piezo.o
                0x00001348                Piezo_AlarmEnable
 .text.Piezo_EmitBeep
                0x00001368       0x24 .\CortexM3\ARM_GCC_441\Debug\Piezo.o
                0x00001368                Piezo_EmitBeep
 .text.Piezo_EmitMotorOnSound
                0x0000138c       0x30 .\CortexM3\ARM_GCC_441\Debug\Piezo.o
                0x0000138c                Piezo_EmitMotorOnSound
 .text.Piezo_AlarmActivatedSound
                0x000013bc       0x18 .\CortexM3\ARM_GCC_441\Debug\Piezo.o
                0x000013bc                Piezo_AlarmActivatedSound
 .text.Lights_AllOff
                0x000013d4       0x30 .\CortexM3\ARM_GCC_441\Debug\Lights.o
                0x000013d4                Lights_AllOff
 .text.Lights_AllOn
                0x00001404       0x30 .\CortexM3\ARM_GCC_441\Debug\Lights.o
                0x00001404                Lights_AllOn
 .text.Lights_Run
                0x00001434       0xfc .\CortexM3\ARM_GCC_441\Debug\Lights.o
                0x00001434                Lights_Run
 .text.Lights_SetLedMode
                0x00001530       0x44 .\CortexM3\ARM_GCC_441\Debug\Lights.o
                0x00001530                Lights_SetLedMode
 .text.Lights_ChangeHighPowerLightMode
                0x00001574       0x50 .\CortexM3\ARM_GCC_441\Debug\Lights.o
                0x00001574                Lights_ChangeHighPowerLightMode
 *fill*         0x000015c4        0x4 00
 .text.Lights_TurnOnHighPowerLights
                0x000015c8       0xb0 .\CortexM3\ARM_GCC_441\Debug\Lights.o
                0x000015c8                Lights_TurnOnHighPowerLights
 .text.Lights_TurnOffHighPowerLights
                0x00001678       0x3c .\CortexM3\ARM_GCC_441\Debug\Lights.o
                0x00001678                Lights_TurnOffHighPowerLights
 .text.Lights_IsHighPowerLightsOn
                0x000016b4       0x18 .\CortexM3\ARM_GCC_441\Debug\Lights.o
                0x000016b4                Lights_IsHighPowerLightsOn
 .text.Lights_SetLed
                0x000016cc       0x90 .\CortexM3\ARM_GCC_441\Debug\Lights.o
                0x000016cc                Lights_SetLed
 .text.Lights_ToggleLed
                0x0000175c       0xbc .\CortexM3\ARM_GCC_441\Debug\Lights.o
                0x0000175c                Lights_ToggleLed
 .text.Motor_Run
                0x00001818      0x16c .\CortexM3\ARM_GCC_441\Debug\Motor.o
                0x00001818                Motor_Run
 *fill*         0x00001984        0x4 00
 .text.Motor_Convert16BitSpeedToPercentage
                0x00001988       0x78 .\CortexM3\ARM_GCC_441\Debug\Motor.o
                0x00001988                Motor_Convert16BitSpeedToPercentage
 .text.Motor_ControlMotorSpeed
                0x00001a00      0x3b8 .\CortexM3\ARM_GCC_441\Debug\Motor.o
                0x00001a00                Motor_ControlMotorSpeed
 .text.Motor_TurnOn
                0x00001db8       0x18 .\CortexM3\ARM_GCC_441\Debug\Motor.o
                0x00001db8                Motor_TurnOn
 .text.Motor_TurnOff
                0x00001dd0       0x18 .\CortexM3\ARM_GCC_441\Debug\Motor.o
                0x00001dd0                Motor_TurnOff
 .text.Comms_Init
                0x00001de8       0x30 .\CortexM3\ARM_GCC_441\Debug\Comms.o
                0x00001de8                Comms_Init
 .text.Comms_Run
                0x00001e18      0x110 .\CortexM3\ARM_GCC_441\Debug\Comms.o
                0x00001e18                Comms_Run
 .text.Comms_RetrieveData
                0x00001f28      0x304 .\CortexM3\ARM_GCC_441\Debug\Comms.o
                0x00001f28                Comms_RetrieveData
 .text.Comms_GetByte
                0x0000222c       0x24 .\CortexM3\ARM_GCC_441\Debug\Comms.o
                0x0000222c                Comms_GetByte
 .text.Comms_Send
                0x00002250       0x20 .\CortexM3\ARM_GCC_441\Debug\Comms.o
                0x00002250                Comms_Send
 .text.Comms_Timeout
                0x00002270       0x18 .\CortexM3\ARM_GCC_441\Debug\Comms.o
                0x00002270                Comms_Timeout
 .text.Comms_IsNewPacket
                0x00002288       0x30 .\CortexM3\ARM_GCC_441\Debug\Comms.o
                0x00002288                Comms_IsNewPacket
 .text.Adc_Run  0x000022b8      0x1c8 .\CortexM3\ARM_GCC_441\Debug\Adc.o
                0x000022b8                Adc_Run
 .text.Adc_GetBattVolt
                0x00002480       0x1c .\CortexM3\ARM_GCC_441\Debug\Adc.o
                0x00002480                Adc_GetBattVolt
 .text.Reset    0x0000249c       0x24 .\CortexM3\ARM_GCC_441\Debug\Cm3Start.o
                0x0000249c                Reset
 .text.initialize_psoc
                0x000024c0       0xa0 .\CortexM3\ARM_GCC_441\Debug\Cm3Start.o
                0x000024c0                initialize_psoc
 .text.CyDmacConfigure
                0x00002560       0x70 .\CortexM3\ARM_GCC_441\Debug\Skateboard Motherboard.a(CyDmac.o)
                0x00002560                CyDmacConfigure
 .text.CyHalt   0x000025d0       0x18 .\CortexM3\ARM_GCC_441\Debug\Skateboard Motherboard.a(CyLib.o)
                0x000025d0                CyHalt
 .text.CyDelay  0x000025e8       0x48 .\CortexM3\ARM_GCC_441\Debug\Skateboard Motherboard.a(CyLib.o)
                0x000025e8                CyDelay
 .text.CyDelayUs
                0x00002630       0x28 .\CortexM3\ARM_GCC_441\Debug\Skateboard Motherboard.a(CyLib.o)
                0x00002630                CyDelayUs
 .text.CyIntSetVector
                0x00002658       0x68 .\CortexM3\ARM_GCC_441\Debug\Skateboard Motherboard.a(CyLib.o)
                0x00002658                CyIntSetVector
 .text.CyIntSetPriority
                0x000026c0       0x5c .\CortexM3\ARM_GCC_441\Debug\Skateboard Motherboard.a(CyLib.o)
                0x000026c0                CyIntSetPriority
 .text.CyIntEnable
                0x0000271c       0x48 .\CortexM3\ARM_GCC_441\Debug\Skateboard Motherboard.a(CyLib.o)
                0x0000271c                CyIntEnable
 .text.CyIntDisable
                0x00002764       0x48 .\CortexM3\ARM_GCC_441\Debug\Skateboard Motherboard.a(CyLib.o)
                0x00002764                CyIntDisable
 .text.CyIntClearPending
                0x000027ac       0x48 .\CortexM3\ARM_GCC_441\Debug\Skateboard Motherboard.a(CyLib.o)
                0x000027ac                CyIntClearPending
 .text.PwmMotor_Start
                0x000027f4       0x2c .\CortexM3\ARM_GCC_441\Debug\Skateboard Motherboard.a(PwmMotor.o)
                0x000027f4                PwmMotor_Start
 .text.PwmMotor_Init
                0x00002820       0xc0 .\CortexM3\ARM_GCC_441\Debug\Skateboard Motherboard.a(PwmMotor.o)
                0x00002820                PwmMotor_Init
 .text.PwmMotor_Enable
                0x000028e0       0x2c .\CortexM3\ARM_GCC_441\Debug\Skateboard Motherboard.a(PwmMotor.o)
                0x000028e0                PwmMotor_Enable
 .text.PwmMotor_WriteCounter
                0x0000290c       0x20 .\CortexM3\ARM_GCC_441\Debug\Skateboard Motherboard.a(PwmMotor.o)
                0x0000290c                PwmMotor_WriteCounter
 .text.PwmMotor_ClearFIFO
                0x0000292c       0x2c .\CortexM3\ARM_GCC_441\Debug\Skateboard Motherboard.a(PwmMotor.o)
                0x0000292c                PwmMotor_ClearFIFO
 .text.PwmMotor_WritePeriod
                0x00002958       0x20 .\CortexM3\ARM_GCC_441\Debug\Skateboard Motherboard.a(PwmMotor.o)
                0x00002958                PwmMotor_WritePeriod
 .text.PwmMotor_WriteCompare
                0x00002978       0x20 .\CortexM3\ARM_GCC_441\Debug\Skateboard Motherboard.a(PwmMotor.o)
                0x00002978                PwmMotor_WriteCompare
 .text.PwmPiezo_Start
                0x00002998       0x2c .\CortexM3\ARM_GCC_441\Debug\Skateboard Motherboard.a(PwmPiezo.o)
                0x00002998                PwmPiezo_Start
 .text.PwmPiezo_Init
                0x000029c4       0xc0 .\CortexM3\ARM_GCC_441\Debug\Skateboard Motherboard.a(PwmPiezo.o)
                0x000029c4                PwmPiezo_Init
 .text.PwmPiezo_Enable
                0x00002a84       0x2c .\CortexM3\ARM_GCC_441\Debug\Skateboard Motherboard.a(PwmPiezo.o)
                0x00002a84                PwmPiezo_Enable
 .text.PwmPiezo_Stop
                0x00002ab0       0x24 .\CortexM3\ARM_GCC_441\Debug\Skateboard Motherboard.a(PwmPiezo.o)
                0x00002ab0                PwmPiezo_Stop
 .text.PwmPiezo_WriteCounter
                0x00002ad4       0x20 .\CortexM3\ARM_GCC_441\Debug\Skateboard Motherboard.a(PwmPiezo.o)
                0x00002ad4                PwmPiezo_WriteCounter
 .text.PwmPiezo_ClearFIFO
                0x00002af4       0x2c .\CortexM3\ARM_GCC_441\Debug\Skateboard Motherboard.a(PwmPiezo.o)
                0x00002af4                PwmPiezo_ClearFIFO
 .text.PwmPiezo_WritePeriod
                0x00002b20       0x20 .\CortexM3\ARM_GCC_441\Debug\Skateboard Motherboard.a(PwmPiezo.o)
                0x00002b20                PwmPiezo_WritePeriod
 .text.PwmPiezo_WriteCompare
                0x00002b40       0x20 .\CortexM3\ARM_GCC_441\Debug\Skateboard Motherboard.a(PwmPiezo.o)
                0x00002b40                PwmPiezo_WriteCompare
 .text.PinLedGreen_Write
                0x00002b60       0x40 .\CortexM3\ARM_GCC_441\Debug\Skateboard Motherboard.a(PinLedGreen.o)
                0x00002b60                PinLedGreen_Write
 .text.PinLedGreen_Read
                0x00002ba0       0x20 .\CortexM3\ARM_GCC_441\Debug\Skateboard Motherboard.a(PinLedGreen.o)
                0x00002ba0                PinLedGreen_Read
 .text.PinLedOrange_Write
                0x00002bc0       0x44 .\CortexM3\ARM_GCC_441\Debug\Skateboard Motherboard.a(PinLedOrange.o)
                0x00002bc0                PinLedOrange_Write
 .text.PinLedOrange_Read
                0x00002c04       0x24 .\CortexM3\ARM_GCC_441\Debug\Skateboard Motherboard.a(PinLedOrange.o)
                0x00002c04                PinLedOrange_Read
 .text.PinLedRed_Write
                0x00002c28       0x44 .\CortexM3\ARM_GCC_441\Debug\Skateboard Motherboard.a(PinLedRed.o)
                0x00002c28                PinLedRed_Write
 .text.PinLedRed_Read
                0x00002c6c       0x24 .\CortexM3\ARM_GCC_441\Debug\Skateboard Motherboard.a(PinLedRed.o)
                0x00002c6c                PinLedRed_Read
 .text.PinLightRear_Write
                0x00002c90       0x44 .\CortexM3\ARM_GCC_441\Debug\Skateboard Motherboard.a(PinLightRear.o)
                0x00002c90                PinLightRear_Write
 .text.PinLightRear_Read
                0x00002cd4       0x24 .\CortexM3\ARM_GCC_441\Debug\Skateboard Motherboard.a(PinLightRear.o)
                0x00002cd4                PinLightRear_Read
 .text.PinLightSkirting_Write
                0x00002cf8       0x44 .\CortexM3\ARM_GCC_441\Debug\Skateboard Motherboard.a(PinLightSkirting.o)
                0x00002cf8                PinLightSkirting_Write
 .text.PinLightSkirting_Read
                0x00002d3c       0x24 .\CortexM3\ARM_GCC_441\Debug\Skateboard Motherboard.a(PinLightSkirting.o)
                0x00002d3c                PinLightSkirting_Read
 .text.UartXbee_Start
                0x00002d60       0x2c .\CortexM3\ARM_GCC_441\Debug\Skateboard Motherboard.a(UartXbee.o)
                0x00002d60                UartXbee_Start
 .text.UartXbee_Init
                0x00002d8c       0x78 .\CortexM3\ARM_GCC_441\Debug\Skateboard Motherboard.a(UartXbee.o)
                0x00002d8c                UartXbee_Init
 .text.UartXbee_Enable
                0x00002e04       0xa0 .\CortexM3\ARM_GCC_441\Debug\Skateboard Motherboard.a(UartXbee.o)
                0x00002e04                UartXbee_Enable
 .text.UartXbee_EnableRxInt
                0x00002ea4       0x10 .\CortexM3\ARM_GCC_441\Debug\Skateboard Motherboard.a(UartXbee.o)
                0x00002ea4                UartXbee_EnableRxInt
 .text.UartXbee_DisableRxInt
                0x00002eb4       0x10 .\CortexM3\ARM_GCC_441\Debug\Skateboard Motherboard.a(UartXbee.o)
                0x00002eb4                UartXbee_DisableRxInt
 .text.UartXbee_GetChar
                0x00002ec4       0xf8 .\CortexM3\ARM_GCC_441\Debug\Skateboard Motherboard.a(UartXbee.o)
                0x00002ec4                UartXbee_GetChar
 .text.UartXbee_GetRxBufferSize
                0x00002fbc       0xb8 .\CortexM3\ARM_GCC_441\Debug\Skateboard Motherboard.a(UartXbee.o)
                0x00002fbc                UartXbee_GetRxBufferSize
 .text.UartXbee_EnableTxInt
                0x00003074       0x10 .\CortexM3\ARM_GCC_441\Debug\Skateboard Motherboard.a(UartXbee.o)
                0x00003074                UartXbee_EnableTxInt
 .text.UartXbee_DisableTxInt
                0x00003084       0x10 .\CortexM3\ARM_GCC_441\Debug\Skateboard Motherboard.a(UartXbee.o)
                0x00003084                UartXbee_DisableTxInt
 .text.UartXbee_PutChar
                0x00003094       0xe4 .\CortexM3\ARM_GCC_441\Debug\Skateboard Motherboard.a(UartXbee.o)
                0x00003094                UartXbee_PutChar
 .text.UartXbee_PutArray
                0x00003178       0x44 .\CortexM3\ARM_GCC_441\Debug\Skateboard Motherboard.a(UartXbee.o)
                0x00003178                UartXbee_PutArray
 .text.UartXbee_RXISR
                0x000031bc       0xec .\CortexM3\ARM_GCC_441\Debug\Skateboard Motherboard.a(UartXbee_INT.o)
                0x000031bc                UartXbee_RXISR
 .text.UartXbee_TXISR
                0x000032a8       0x98 .\CortexM3\ARM_GCC_441\Debug\Skateboard Motherboard.a(UartXbee_INT.o)
                0x000032a8                UartXbee_TXISR
 .text.TimerMainTick_Init
                0x00003340       0x58 .\CortexM3\ARM_GCC_441\Debug\Skateboard Motherboard.a(TimerMainTick.o)
                0x00003340                TimerMainTick_Init
 .text.TimerMainTick_Enable
                0x00003398       0x2c .\CortexM3\ARM_GCC_441\Debug\Skateboard Motherboard.a(TimerMainTick.o)
                0x00003398                TimerMainTick_Enable
 .text.TimerMainTick_Start
                0x000033c4       0x2c .\CortexM3\ARM_GCC_441\Debug\Skateboard Motherboard.a(TimerMainTick.o)
                0x000033c4                TimerMainTick_Start
 .text.TimerMainTick_SetInterruptMode
                0x000033f0       0x20 .\CortexM3\ARM_GCC_441\Debug\Skateboard Motherboard.a(TimerMainTick.o)
                0x000033f0                TimerMainTick_SetInterruptMode
 .text.TimerMainTick_ReadStatusRegister
                0x00003410       0x18 .\CortexM3\ARM_GCC_441\Debug\Skateboard Motherboard.a(TimerMainTick.o)
                0x00003410                TimerMainTick_ReadStatusRegister
 .text.TimerMainTick_WritePeriod
                0x00003428       0x20 .\CortexM3\ARM_GCC_441\Debug\Skateboard Motherboard.a(TimerMainTick.o)
                0x00003428                TimerMainTick_WritePeriod
 .text.TimerMainTick_ReadCapture
                0x00003448       0x18 .\CortexM3\ARM_GCC_441\Debug\Skateboard Motherboard.a(TimerMainTick.o)
                0x00003448                TimerMainTick_ReadCapture
 .text.TimerMainTick_WriteCounter
                0x00003460       0x20 .\CortexM3\ARM_GCC_441\Debug\Skateboard Motherboard.a(TimerMainTick.o)
                0x00003460                TimerMainTick_WriteCounter
 .text.TimerMainTick_ClearFIFO
                0x00003480       0x1c .\CortexM3\ARM_GCC_441\Debug\Skateboard Motherboard.a(TimerMainTick.o)
                0x00003480                TimerMainTick_ClearFIFO
 .text.IsrMainTick_StartEx
                0x0000349c       0x28 .\CortexM3\ARM_GCC_441\Debug\Skateboard Motherboard.a(IsrMainTick.o)
                0x0000349c                IsrMainTick_StartEx
 .text.IsrMainTick_SetVector
                0x000034c4       0x28 .\CortexM3\ARM_GCC_441\Debug\Skateboard Motherboard.a(IsrMainTick.o)
                0x000034c4                IsrMainTick_SetVector
 .text.IsrMainTick_SetPriority
                0x000034ec       0x28 .\CortexM3\ARM_GCC_441\Debug\Skateboard Motherboard.a(IsrMainTick.o)
                0x000034ec                IsrMainTick_SetPriority
 .text.IsrMainTick_Enable
                0x00003514       0x18 .\CortexM3\ARM_GCC_441\Debug\Skateboard Motherboard.a(IsrMainTick.o)
                0x00003514                IsrMainTick_Enable
 .text.IsrMainTick_Disable
                0x0000352c       0x18 .\CortexM3\ARM_GCC_441\Debug\Skateboard Motherboard.a(IsrMainTick.o)
                0x0000352c                IsrMainTick_Disable
 .text.PinMotionSensor_ClearInterrupt
                0x00003544       0x24 .\CortexM3\ARM_GCC_441\Debug\Skateboard Motherboard.a(PinMotionSensor.o)
                0x00003544                PinMotionSensor_ClearInterrupt
 .text.IsrMotionSensor_StartEx
                0x00003568       0x28 .\CortexM3\ARM_GCC_441\Debug\Skateboard Motherboard.a(IsrMotionSensor.o)
                0x00003568                IsrMotionSensor_StartEx
 .text.IsrMotionSensor_SetVector
                0x00003590       0x28 .\CortexM3\ARM_GCC_441\Debug\Skateboard Motherboard.a(IsrMotionSensor.o)
                0x00003590                IsrMotionSensor_SetVector
 .text.IsrMotionSensor_SetPriority
                0x000035b8       0x28 .\CortexM3\ARM_GCC_441\Debug\Skateboard Motherboard.a(IsrMotionSensor.o)
                0x000035b8                IsrMotionSensor_SetPriority
 .text.IsrMotionSensor_Enable
                0x000035e0       0x18 .\CortexM3\ARM_GCC_441\Debug\Skateboard Motherboard.a(IsrMotionSensor.o)
                0x000035e0                IsrMotionSensor_Enable
 .text.IsrMotionSensor_Disable
                0x000035f8       0x18 .\CortexM3\ARM_GCC_441\Debug\Skateboard Motherboard.a(IsrMotionSensor.o)
                0x000035f8                IsrMotionSensor_Disable
 .text.IsrMotionSensor_ClearPending
                0x00003610       0x18 .\CortexM3\ARM_GCC_441\Debug\Skateboard Motherboard.a(IsrMotionSensor.o)
                0x00003610                IsrMotionSensor_ClearPending
 .text.UartDebug_Start
                0x00003628       0x2c .\CortexM3\ARM_GCC_441\Debug\Skateboard Motherboard.a(UartDebug.o)
                0x00003628                UartDebug_Start
 .text.UartDebug_Init
                0x00003654       0x78 .\CortexM3\ARM_GCC_441\Debug\Skateboard Motherboard.a(UartDebug.o)
                0x00003654                UartDebug_Init
 .text.UartDebug_Enable
                0x000036cc       0xa0 .\CortexM3\ARM_GCC_441\Debug\Skateboard Motherboard.a(UartDebug.o)
                0x000036cc                UartDebug_Enable
 .text.UartDebug_EnableTxInt
                0x0000376c       0x10 .\CortexM3\ARM_GCC_441\Debug\Skateboard Motherboard.a(UartDebug.o)
                0x0000376c                UartDebug_EnableTxInt
 .text.UartDebug_DisableTxInt
                0x0000377c       0x10 .\CortexM3\ARM_GCC_441\Debug\Skateboard Motherboard.a(UartDebug.o)
                0x0000377c                UartDebug_DisableTxInt
 .text.UartDebug_PutChar
                0x0000378c       0xe4 .\CortexM3\ARM_GCC_441\Debug\Skateboard Motherboard.a(UartDebug.o)
                0x0000378c                UartDebug_PutChar
 .text.UartDebug_PutString
                0x00003870       0x3c .\CortexM3\ARM_GCC_441\Debug\Skateboard Motherboard.a(UartDebug.o)
                0x00003870                UartDebug_PutString
 .text.UartDebug_RXISR
                0x000038ac       0xec .\CortexM3\ARM_GCC_441\Debug\Skateboard Motherboard.a(UartDebug_INT.o)
                0x000038ac                UartDebug_RXISR
 .text.UartDebug_TXISR
                0x00003998       0x98 .\CortexM3\ARM_GCC_441\Debug\Skateboard Motherboard.a(UartDebug_INT.o)
                0x00003998                UartDebug_TXISR
 .text.PinLightFront_Write
                0x00003a30       0x44 .\CortexM3\ARM_GCC_441\Debug\Skateboard Motherboard.a(PinLightFront.o)
                0x00003a30                PinLightFront_Write
 .text.PinLightFront_Read
                0x00003a74       0x24 .\CortexM3\ARM_GCC_441\Debug\Skateboard Motherboard.a(PinLightFront.o)
                0x00003a74                PinLightFront_Read
 .text.AdcSar_Start
                0x00003a98       0x2c .\CortexM3\ARM_GCC_441\Debug\Skateboard Motherboard.a(AdcSar.o)
                0x00003a98                AdcSar_Start
 .text.AdcSar_Init
                0x00003ac4       0x5c .\CortexM3\ARM_GCC_441\Debug\Skateboard Motherboard.a(AdcSar.o)
                0x00003ac4                AdcSar_Init
 .text.AdcSar_Enable
                0x00003b20      0x120 .\CortexM3\ARM_GCC_441\Debug\Skateboard Motherboard.a(AdcSar.o)
                0x00003b20                AdcSar_Enable
 .text.AdcSar_SetRef
                0x00003c40       0x7c .\CortexM3\ARM_GCC_441\Debug\Skateboard Motherboard.a(AdcSar.o)
                0x00003c40                AdcSar_SetRef
 .text.AdcSar_SetResolution
                0x00003cbc       0x68 .\CortexM3\ARM_GCC_441\Debug\Skateboard Motherboard.a(AdcSar.o)
                0x00003cbc                AdcSar_SetResolution
 .text.AdcSar_StartConvert
                0x00003d24       0x28 .\CortexM3\ARM_GCC_441\Debug\Skateboard Motherboard.a(AdcSar.o)
                0x00003d24                AdcSar_StartConvert
 .text.AdcSar_IsEndConversion
                0x00003d4c       0x4c .\CortexM3\ARM_GCC_441\Debug\Skateboard Motherboard.a(AdcSar.o)
                0x00003d4c                AdcSar_IsEndConversion
 .text.AdcSar_GetResult16
                0x00003d98       0x6c .\CortexM3\ARM_GCC_441\Debug\Skateboard Motherboard.a(AdcSar.o)
                0x00003d98                AdcSar_GetResult16
 .text.AdcSar_CalcGain
                0x00003e04       0x78 .\CortexM3\ARM_GCC_441\Debug\Skateboard Motherboard.a(AdcSar.o)
                0x00003e04                AdcSar_CalcGain
 .text.AdcSar_CountsTo_mVolts
                0x00003e7c       0x54 .\CortexM3\ARM_GCC_441\Debug\Skateboard Motherboard.a(AdcSar.o)
                0x00003e7c                AdcSar_CountsTo_mVolts
 .text.AdcSar_ISR
                0x00003ed0        0xc .\CortexM3\ARM_GCC_441\Debug\Skateboard Motherboard.a(AdcSar_INT.o)
                0x00003ed0                AdcSar_ISR
 .text.AdcSar_theACLK_SetModeRegister
                0x00003edc       0x38 .\CortexM3\ARM_GCC_441\Debug\Skateboard Motherboard.a(AdcSar_theACLK.o)
                0x00003edc                AdcSar_theACLK_SetModeRegister
 .text.cymemzero8
                0x00003f14       0x44 .\CortexM3\ARM_GCC_441\Debug\Skateboard Motherboard.a(cyfitter_cfg.o)
 .text.cymemcpy8
                0x00003f58       0x50 .\CortexM3\ARM_GCC_441\Debug\Skateboard Motherboard.a(cyfitter_cfg.o)
 .text.cfg_dma_init
                0x00003fa8      0x208 .\CortexM3\ARM_GCC_441\Debug\Skateboard Motherboard.a(cyfitter_cfg.o)
 .text.ClockSetup
                0x000041b0      0x1ec .\CortexM3\ARM_GCC_441\Debug\Skateboard Motherboard.a(cyfitter_cfg.o)
 .text.AnalogSetDefault
                0x0000439c       0xd0 .\CortexM3\ARM_GCC_441\Debug\Skateboard Motherboard.a(cyfitter_cfg.o)
                0x0000439c                AnalogSetDefault
 .text.cyfitter_cfg
                0x0000446c      0x248 .\CortexM3\ARM_GCC_441\Debug\Skateboard Motherboard.a(cyfitter_cfg.o)
                0x0000446c                cyfitter_cfg
 *fill*         0x000046b4        0x4 00
 .text          0x000046b8       0x20 .\CortexM3\ARM_GCC_441\Debug\Skateboard Motherboard.a(CyBootAsmGnu.o)
                0x000046b8                CyDelayCycles
                0x000046c8                CyEnterCriticalSection
                0x000046d0                CyExitCriticalSection
 .text.CySetReg24
                0x000046d8       0x4c .\CortexM3\ARM_GCC_441\Debug\Skateboard Motherboard.a(cyutils.o)
                0x000046d8                CySetReg24
 .text          0x00004724      0x370 c:/program files (x86)/cypress/psoc creator/2.0/psoc creator/import/gnu_cs/arm/4.4.1/bin/../lib/gcc/arm-none-eabi/4.4.1/thumb2\libgcc.a(_arm_addsubdf3.o)
                0x00004724                __aeabi_drsub
                0x0000472c                __aeabi_dsub
                0x0000472c                __subdf3
                0x00004730                __aeabi_dadd
                0x00004730                __adddf3
                0x000049a8                __floatunsidf
                0x000049a8                __aeabi_ui2d
                0x000049c8                __floatsidf
                0x000049c8                __aeabi_i2d
                0x000049ec                __aeabi_f2d
                0x000049ec                __extendsfdf2
                0x00004a28                __floatundidf
                0x00004a28                __aeabi_ul2d
                0x00004a38                __floatdidf
                0x00004a38                __aeabi_l2d
 .text          0x00004a94      0x424 c:/program files (x86)/cypress/psoc creator/2.0/psoc creator/import/gnu_cs/arm/4.4.1/bin/../lib/gcc/arm-none-eabi/4.4.1/thumb2\libgcc.a(_arm_muldivdf3.o)
                0x00004a94                __aeabi_dmul
                0x00004a94                __muldf3
                0x00004ce8                __divdf3
                0x00004ce8                __aeabi_ddiv
 .text          0x00004eb8      0x110 c:/program files (x86)/cypress/psoc creator/2.0/psoc creator/import/gnu_cs/arm/4.4.1/bin/../lib/gcc/arm-none-eabi/4.4.1/thumb2\libgcc.a(_arm_cmpdf2.o)
                0x00004eb8                __gtdf2
                0x00004eb8                __gedf2
                0x00004ec0                __ltdf2
                0x00004ec0                __ledf2
                0x00004ec8                __nedf2
                0x00004ec8                __eqdf2
                0x00004ec8                __cmpdf2
                0x00004f44                __aeabi_cdrcmple
                0x00004f54                __aeabi_cdcmpeq
                0x00004f54                __aeabi_cdcmple
                0x00004f64                __aeabi_dcmpeq
                0x00004f78                __aeabi_dcmplt
                0x00004f8c                __aeabi_dcmple
                0x00004fa0                __aeabi_dcmpge
                0x00004fb4                __aeabi_dcmpgt
 .text          0x00004fc8       0x50 c:/program files (x86)/cypress/psoc creator/2.0/psoc creator/import/gnu_cs/arm/4.4.1/bin/../lib/gcc/arm-none-eabi/4.4.1/thumb2\libgcc.a(_arm_fixdfsi.o)
                0x00004fc8                __aeabi_d2iz
                0x00004fc8                __fixdfsi
 .text          0x00005018       0x40 c:/program files (x86)/cypress/psoc creator/2.0/psoc creator/import/gnu_cs/arm/4.4.1/bin/../lib/gcc/arm-none-eabi/4.4.1/thumb2\libgcc.a(_arm_fixunsdfsi.o)
                0x00005018                __aeabi_d2uiz
                0x00005018                __fixunsdfsi
 .text          0x00005058      0x190 c:/program files (x86)/cypress/psoc creator/2.0/psoc creator/import/gnu_cs/arm/4.4.1/bin/../lib/gcc/arm-none-eabi/4.4.1/../../../../arm-none-eabi/lib/thumb2\libc.a(lib_a-memcpy.o)
                0x00005058                memcpy
 .text          0x000051e8       0xd4 c:/program files (x86)/cypress/psoc creator/2.0/psoc creator/import/gnu_cs/arm/4.4.1/bin/../lib/gcc/arm-none-eabi/4.4.1/../../../../arm-none-eabi/lib/thumb2\libc.a(lib_a-memset.o)
                0x000051e8                memset
 .text          0x000052bc       0xdc c:/program files (x86)/cypress/psoc creator/2.0/psoc creator/import/gnu_cs/arm/4.4.1/bin/../lib/gcc/arm-none-eabi/4.4.1/../../../../arm-none-eabi/lib/thumb2\libc.a(lib_a-snprintf.o)
                0x000052bc                snprintf
                0x00005330                _snprintf_r
 .text          0x00005398     0x15a8 c:/program files (x86)/cypress/psoc creator/2.0/psoc creator/import/gnu_cs/arm/4.4.1/bin/../lib/gcc/arm-none-eabi/4.4.1/../../../../arm-none-eabi/lib/thumb2\libc.a(lib_a-svfprintf.o)
                0x000054b4                _svfprintf_r
 .text          0x00006940      0xfb8 c:/program files (x86)/cypress/psoc creator/2.0/psoc creator/import/gnu_cs/arm/4.4.1/bin/../lib/gcc/arm-none-eabi/4.4.1/../../../../arm-none-eabi/lib/thumb2\libc.a(lib_a-dtoa.o)
                0x00006a60                _dtoa_r
 .text          0x000078f8      0x268 c:/program files (x86)/cypress/psoc creator/2.0/psoc creator/import/gnu_cs/arm/4.4.1/bin/../lib/gcc/arm-none-eabi/4.4.1/../../../../arm-none-eabi/lib/thumb2\libc.a(lib_a-freer.o)
                0x000078f8                _malloc_trim_r
                0x000079a0                _free_r
 .text          0x00007b60       0x74 c:/program files (x86)/cypress/psoc creator/2.0/psoc creator/import/gnu_cs/arm/4.4.1/bin/../lib/gcc/arm-none-eabi/4.4.1/../../../../arm-none-eabi/lib/thumb2\libc.a(lib_a-locale.o)
                0x00007b60                __locale_charset
                0x00007b6c                _localeconv_r
                0x00007b74                localeconv
                0x00007b7c                _setlocale_r
                0x00007bc4                setlocale
 .text          0x00007bd4       0x20 c:/program files (x86)/cypress/psoc creator/2.0/psoc creator/import/gnu_cs/arm/4.4.1/bin/../lib/gcc/arm-none-eabi/4.4.1/../../../../arm-none-eabi/lib/thumb2\libc.a(lib_a-malloc.o)
                0x00007bd4                free
                0x00007be4                malloc
 .text          0x00007bf4      0x5a4 c:/program files (x86)/cypress/psoc creator/2.0/psoc creator/import/gnu_cs/arm/4.4.1/bin/../lib/gcc/arm-none-eabi/4.4.1/../../../../arm-none-eabi/lib/thumb2\libc.a(lib_a-mallocr.o)
                0x00007bf4                _malloc_r
 .text          0x00008198       0x74 c:/program files (x86)/cypress/psoc creator/2.0/psoc creator/import/gnu_cs/arm/4.4.1/bin/../lib/gcc/arm-none-eabi/4.4.1/../../../../arm-none-eabi/lib/thumb2\libc.a(lib_a-memchr.o)
                0x00008198                memchr
 .text          0x0000820c       0xb8 c:/program files (x86)/cypress/psoc creator/2.0/psoc creator/import/gnu_cs/arm/4.4.1/bin/../lib/gcc/arm-none-eabi/4.4.1/../../../../arm-none-eabi/lib/thumb2\libc.a(lib_a-memmove.o)
                0x0000820c                memmove
 .text          0x000082c4        0x8 c:/program files (x86)/cypress/psoc creator/2.0/psoc creator/import/gnu_cs/arm/4.4.1/bin/../lib/gcc/arm-none-eabi/4.4.1/../../../../arm-none-eabi/lib/thumb2\libc.a(lib_a-mlock.o)
                0x000082c4                __malloc_lock
                0x000082c8                __malloc_unlock
 .text          0x000082cc      0x958 c:/program files (x86)/cypress/psoc creator/2.0/psoc creator/import/gnu_cs/arm/4.4.1/bin/../lib/gcc/arm-none-eabi/4.4.1/../../../../arm-none-eabi/lib/thumb2\libc.a(lib_a-mprec.o)
                0x000082cc                __hi0bits
                0x0000830c                __lo0bits
                0x00008370                __mcmp
                0x000083b0                __ulp
                0x000083fc                __b2d
                0x000084a4                __ratio
                0x00008504                _mprec_log10
                0x0000853c                __copybits
                0x0000858c                __any_on
                0x000085e4                _Bfree
                0x0000861c                _Balloc
                0x00008688                __d2b
                0x00008758                __mdiff
                0x00008850                __lshift
                0x0000890c                __multiply
                0x00008a40                __i2b
                0x00008a54                __multadd
                0x00008adc                __pow5mult
                0x00008b88                __s2b
 .text          0x00008c24      0x3b4 c:/program files (x86)/cypress/psoc creator/2.0/psoc creator/import/gnu_cs/arm/4.4.1/bin/../lib/gcc/arm-none-eabi/4.4.1/../../../../arm-none-eabi/lib/thumb2\libc.a(lib_a-reallocr.o)
                0x00008c24                _realloc_r
 .text          0x00008fd8       0x24 c:/program files (x86)/cypress/psoc creator/2.0/psoc creator/import/gnu_cs/arm/4.4.1/bin/../lib/gcc/arm-none-eabi/4.4.1/../../../../arm-none-eabi/lib/thumb2\libc.a(lib_a-s_isinfd.o)
                0x00008fd8                __isinfd
 .text          0x00008ffc       0x1c c:/program files (x86)/cypress/psoc creator/2.0/psoc creator/import/gnu_cs/arm/4.4.1/bin/../lib/gcc/arm-none-eabi/4.4.1/../../../../arm-none-eabi/lib/thumb2\libc.a(lib_a-s_isnand.o)
                0x00008ffc                __isnand
 .text          0x00009018       0x28 c:/program files (x86)/cypress/psoc creator/2.0/psoc creator/import/gnu_cs/arm/4.4.1/bin/../lib/gcc/arm-none-eabi/4.4.1/../../../../arm-none-eabi/lib/thumb2\libc.a(lib_a-sbrkr.o)
                0x00009018                _sbrk_r
 .text          0x00009040      0x1dc c:/program files (x86)/cypress/psoc creator/2.0/psoc creator/import/gnu_cs/arm/4.4.1/bin/../lib/gcc/arm-none-eabi/4.4.1/../../../../arm-none-eabi/lib/thumb2\libc.a(lib_a-strcmp.o)
                0x00009040                strcmp
 .text          0x0000921c       0x60 c:/program files (x86)/cypress/psoc creator/2.0/psoc creator/import/gnu_cs/arm/4.4.1/bin/../lib/gcc/arm-none-eabi/4.4.1/../../../../arm-none-eabi/lib/thumb2\libc.a(lib_a-strlen.o)
                0x0000921c                strlen
 .text          0x0000927c       0x5c c:/program files (x86)/cypress/psoc creator/2.0/psoc creator/import/gnu_cs/arm/4.4.1/bin/../lib/gcc/arm-none-eabi/4.4.1/../../../../arm-none-eabi/lib/thumb2\libc.a(lib_a-callocr.o)
                0x0000927c                _calloc_r
 .text          0x000092d8      0x278 c:/program files (x86)/cypress/psoc creator/2.0/psoc creator/import/gnu_cs/arm/4.4.1/bin/../lib/gcc/arm-none-eabi/4.4.1/thumb2\libgcc.a(_udivsi3.o)
                0x000092d8                __aeabi_uidiv
                0x000092d8                __udivsi3
                0x00009534                __aeabi_uidivmod
 .text          0x00009550        0x4 c:/program files (x86)/cypress/psoc creator/2.0/psoc creator/import/gnu_cs/arm/4.4.1/bin/../lib/gcc/arm-none-eabi/4.4.1/thumb2\libgcc.a(_dvmd_tls.o)
                0x00009550                __aeabi_idiv0
                0x00009550                __aeabi_ldiv0
 .text          0x00009554       0x2c c:/program files (x86)/cypress/psoc creator/2.0/psoc creator/import/gnu_cs/arm/4.4.1/bin/../lib/gcc/arm-none-eabi/4.4.1/thumb2\libgcc.a(_aeabi_uldivmod.o)
                0x00009554                __aeabi_uldivmod
 .text          0x00009580       0x58 c:/program files (x86)/cypress/psoc creator/2.0/psoc creator/import/gnu_cs/arm/4.4.1/bin/../lib/gcc/arm-none-eabi/4.4.1/thumb2\libgcc.a(bpabi.o)
                0x00009580                __gnu_uldivmod_helper
                0x000095ac                __gnu_ldivmod_helper
 .text          0x000095d8      0x364 c:/program files (x86)/cypress/psoc creator/2.0/psoc creator/import/gnu_cs/arm/4.4.1/bin/../lib/gcc/arm-none-eabi/4.4.1/thumb2\libgcc.a(_divdi3.o)
                0x000095d8                __divdi3
 .text          0x0000993c      0x300 c:/program files (x86)/cypress/psoc creator/2.0/psoc creator/import/gnu_cs/arm/4.4.1/bin/../lib/gcc/arm-none-eabi/4.4.1/thumb2\libgcc.a(_udivdi3.o)
                0x0000993c                __udivdi3
 .text          0x00009c3c       0x30 c:/program files (x86)/cypress/psoc creator/2.0/psoc creator/import/gnu_cs/arm/4.4.1/bin/../lib/gcc/arm-none-eabi/4.4.1/../../../../arm-none-eabi/lib/thumb2\libcs3.a(start_c.o)
                0x00009c3c                __cs3_premain
 .text          0x00009c6c       0x44 c:/program files (x86)/cypress/psoc creator/2.0/psoc creator/import/gnu_cs/arm/4.4.1/bin/../lib/gcc/arm-none-eabi/4.4.1/../../../../arm-none-eabi/lib/thumb2\libcs3unhosted.a(unhosted-sbrk.o)
                0x00009c6c                _sbrk
 .text          0x00009cb0        0x2 c:/program files (x86)/cypress/psoc creator/2.0/psoc creator/import/gnu_cs/arm/4.4.1/bin/../lib/gcc/arm-none-eabi/4.4.1/../../../../arm-none-eabi/lib/thumb2\libcs3micro.a(micro_isr_interrupt.o)
                0x00009cb0                __cs3_isr_external_24
                0x00009cb0                __cs3_isr_external_9
                0x00009cb0                __cs3_isr_external_14
                0x00009cb0                __cs3_isr_reserved_9
                0x00009cb0                __cs3_isr_external_4
                0x00009cb0                __cs3_isr_external_21
                0x00009cb0                __cs3_isr_external_0
                0x00009cb0                __cs3_isr_external_27
                0x00009cb0                __cs3_isr_external_11
                0x00009cb0                __cs3_isr_usage_fault
                0x00009cb0                __cs3_isr_svcall
                0x00009cb0                __cs3_isr_external_3
                0x00009cb0                __cs3_isr_mpu_fault
                0x00009cb0                __cs3_isr_external_16
                0x00009cb0                __cs3_isr_pendsv
                0x00009cb0                __cs3_isr_external_31
                0x00009cb0                __cs3_isr_nmi
                0x00009cb0                __cs3_isr_external_5
                0x00009cb0                __cs3_isr_external_6
                0x00009cb0                __cs3_isr_external_12
                0x00009cb0                __cs3_isr_hard_fault
                0x00009cb0                __cs3_isr_bus_fault
                0x00009cb0                __cs3_isr_external_1
                0x00009cb0                __cs3_isr_external_13
                0x00009cb0                __cs3_isr_external_30
                0x00009cb0                __cs3_isr_external_23
                0x00009cb0                __cs3_isr_external_20
                0x00009cb0                __cs3_isr_debug
                0x00009cb0                __cs3_isr_reserved_13
                0x00009cb0                __cs3_isr_external_8
                0x00009cb0                __cs3_isr_external_26
                0x00009cb0                __cs3_isr_reserved_8
                0x00009cb0                __cs3_isr_reserved_7
                0x00009cb0                __cs3_isr_external_7
                0x00009cb0                __cs3_isr_external_28
                0x00009cb0                __cs3_isr_systick
                0x00009cb0                __cs3_isr_external_22
                0x00009cb0                __cs3_isr_external_10
                0x00009cb0                __cs3_isr_external_15
                0x00009cb0                __cs3_isr_interrupt
                0x00009cb0                __cs3_isr_external_18
                0x00009cb0                __cs3_isr_external_29
                0x00009cb0                __cs3_isr_external_25
                0x00009cb0                __cs3_isr_reserved_10
                0x00009cb0                __cs3_isr_external_2
                0x00009cb0                __cs3_isr_external_17
                0x00009cb0                __cs3_isr_external_19
 *fill*         0x00009cb2        0x2 00
 .text          0x00009cb4        0xc c:/program files (x86)/cypress/psoc creator/2.0/psoc creator/import/gnu_cs/arm/4.4.1/bin/../lib/gcc/arm-none-eabi/4.4.1/../../../../arm-none-eabi/lib/thumb2\libc.a(lib_a-errno.o)
                0x00009cb4                __errno
 .text          0x00009cc0       0x50 c:/program files (x86)/cypress/psoc creator/2.0/psoc creator/import/gnu_cs/arm/4.4.1/bin/../lib/gcc/arm-none-eabi/4.4.1/../../../../arm-none-eabi/lib/thumb2\libc.a(lib_a-init.o)
                0x00009cc0                __libc_init_array
 *(.plt)
 *(.gnu.warning)
 *(.glue_7t)
 .glue_7t       0x00000000        0x0 linker stubs
 *(.glue_7)
 .glue_7        0x00000000        0x0 linker stubs
 *(.vfp11_veneer)
 .vfp11_veneer  0x00000000        0x0 linker stubs
 *(.bootloader)
 *(.ARM.extab* .gnu.linkonce.armextab.*)
 *(.gcc_except_table)

.v4_bx          0x00009d10        0x0
 .v4_bx         0x00000000        0x0 linker stubs

.eh_frame_hdr
 *(.eh_frame_hdr)

.eh_frame
 *(.eh_frame)
                0x00009d10                PROVIDE (__exidx_start, .)

.ARM.exidx      0x00009d10        0x8
 *(.ARM.exidx* .gnu.linkonce.armexidx.*)
 .ARM.exidx     0x00009d10        0x8 c:/program files (x86)/cypress/psoc creator/2.0/psoc creator/import/gnu_cs/arm/4.4.1/bin/../lib/gcc/arm-none-eabi/4.4.1/thumb2\libgcc.a(_divdi3.o)
 .ARM.exidx     0x00009d18        0x0 c:/program files (x86)/cypress/psoc creator/2.0/psoc creator/import/gnu_cs/arm/4.4.1/bin/../lib/gcc/arm-none-eabi/4.4.1/thumb2\libgcc.a(_udivdi3.o)
                                  0x8 (size before relaxing)
                0x00009d18                __exidx_end = .

.rodata         0x00009d18      0x4f0
 *(.rodata .rodata.* .gnu.linkonce.r.*)
 .rodata        0x00009d18      0x154 .\CortexM3\ARM_GCC_441\Debug\main.o
 .rodata        0x00009e6c       0x40 .\CortexM3\ARM_GCC_441\Debug\Comms.o
 .rodata        0x00009eac      0x13c .\CortexM3\ARM_GCC_441\Debug\Skateboard Motherboard.a(cyfitter_cfg.o)
 .rodata        0x00009fe8       0x20 c:/program files (x86)/cypress/psoc creator/2.0/psoc creator/import/gnu_cs/arm/4.4.1/bin/../lib/gcc/arm-none-eabi/4.4.1/../../../../arm-none-eabi/lib/thumb2\libc.a(lib_a-svfprintf.o)
 .rodata.str1.4
                0x0000a008       0x42 c:/program files (x86)/cypress/psoc creator/2.0/psoc creator/import/gnu_cs/arm/4.4.1/bin/../lib/gcc/arm-none-eabi/4.4.1/../../../../arm-none-eabi/lib/thumb2\libc.a(lib_a-svfprintf.o)
                                 0x44 (size before relaxing)
 *fill*         0x0000a04a        0x2 00
 .rodata.str1.4
                0x0000a04c       0x10 c:/program files (x86)/cypress/psoc creator/2.0/psoc creator/import/gnu_cs/arm/4.4.1/bin/../lib/gcc/arm-none-eabi/4.4.1/../../../../arm-none-eabi/lib/thumb2\libc.a(lib_a-dtoa.o)
                                 0x14 (size before relaxing)
 .rodata.str1.4
                0x0000a05c        0x2 c:/program files (x86)/cypress/psoc creator/2.0/psoc creator/import/gnu_cs/arm/4.4.1/bin/../lib/gcc/arm-none-eabi/4.4.1/../../../../arm-none-eabi/lib/thumb2\libc.a(lib_a-impure.o)
                                  0x4 (size before relaxing)
 *fill*         0x0000a05e        0x2 00
 .rodata        0x0000a060       0x34 c:/program files (x86)/cypress/psoc creator/2.0/psoc creator/import/gnu_cs/arm/4.4.1/bin/../lib/gcc/arm-none-eabi/4.4.1/../../../../arm-none-eabi/lib/thumb2\libc.a(lib_a-locale.o)
 .rodata.str1.4
                0x0000a094       0x10 c:/program files (x86)/cypress/psoc creator/2.0/psoc creator/import/gnu_cs/arm/4.4.1/bin/../lib/gcc/arm-none-eabi/4.4.1/../../../../arm-none-eabi/lib/thumb2\libc.a(lib_a-locale.o)
                                 0x18 (size before relaxing)
 *fill*         0x0000a0a4        0x4 00
 .rodata        0x0000a0a8      0x128 c:/program files (x86)/cypress/psoc creator/2.0/psoc creator/import/gnu_cs/arm/4.4.1/bin/../lib/gcc/arm-none-eabi/4.4.1/../../../../arm-none-eabi/lib/thumb2\libc.a(lib_a-mprec.o)
                0x0000a0a8                __mprec_tens
                0x0000a180                __mprec_bigtens
                0x0000a1a8                __mprec_tinytens
                0x0000a1d0                . = ALIGN (0x4)
 *(.init)
 .init          0x0000a1d0        0x4 c:/program files (x86)/cypress/psoc creator/2.0/psoc creator/import/gnu_cs/arm/4.4.1/bin/../lib/gcc/arm-none-eabi/4.4.1/thumb2/crti.o
                0x0000a1d0                _init
 .init          0x0000a1d4        0x8 c:/program files (x86)/cypress/psoc creator/2.0/psoc creator/import/gnu_cs/arm/4.4.1/bin/../lib/gcc/arm-none-eabi/4.4.1/thumb2/crtn.o
                0x0000a1dc                . = ALIGN (0x4)
                0x0000a1dc                __preinit_array_start = .
 *(.preinit_array)
                0x0000a1dc                __preinit_array_end = .
                0x0000a1dc                . = ALIGN (0x4)
                0x0000a1dc                __init_array_start = .
 *(SORT(.init_array.*))
 *(.init_array)
 .init_array    0x0000a1dc        0x4 c:/program files (x86)/cypress/psoc creator/2.0/psoc creator/import/gnu_cs/arm/4.4.1/bin/../lib/gcc/arm-none-eabi/4.4.1/thumb2/crtbegin.o
 .init_array    0x0000a1e0        0x4 .\CortexM3\ARM_GCC_441\Debug\Cm3Start.o
                0x0000a1e4                __init_array_end = .
                0x0000a1e4                . = ALIGN (0x4)
 *(.fini)
 .fini          0x0000a1e4        0x4 c:/program files (x86)/cypress/psoc creator/2.0/psoc creator/import/gnu_cs/arm/4.4.1/bin/../lib/gcc/arm-none-eabi/4.4.1/thumb2/crti.o
                0x0000a1e4                _fini
 .fini          0x0000a1e8        0x8 c:/program files (x86)/cypress/psoc creator/2.0/psoc creator/import/gnu_cs/arm/4.4.1/bin/../lib/gcc/arm-none-eabi/4.4.1/thumb2/crtn.o
                0x0000a1f0                . = ALIGN (0x4)
                0x0000a1f0                __fini_array_start = .
 *(.fini_array)
 .fini_array    0x0000a1f0        0x4 c:/program files (x86)/cypress/psoc creator/2.0/psoc creator/import/gnu_cs/arm/4.4.1/bin/../lib/gcc/arm-none-eabi/4.4.1/thumb2/crtbegin.o
 *(SORT(.fini_array.*))
                0x0000a1f4                __fini_array_end = .
                0x0000a1f4                . = ALIGN (0x4)
 *crtbegin.o(.ctors)
 *(EXCLUDE_FILE(*crtend.o) .ctors)
 *(SORT(.ctors.*))
 *crtend.o(.ctors)
                0x0000a1f4                . = ALIGN (0x4)
 *crtbegin.o(.dtors)
 *(EXCLUDE_FILE(*crtend.o) .dtors)
 *(SORT(.dtors.*))
 *crtend.o(.dtors)
                0x0000a1f4                . = ALIGN (0x4)
                0x0000a1f4                __cs3_regions = .
                0x0000a1f4        0x4 LONG 0x0
                0x0000a1f8        0x4 LONG 0xa208 __cs3_region_init_ram
                0x0000a1fc        0x4 LONG 0x1fffe000 __cs3_region_start_ram
                0x0000a200        0x4 LONG 0x648 __cs3_region_init_size_ram
                0x0000a204        0x4 LONG 0x368 __cs3_region_zero_size_ram
                0x0000a208                __cs3_regions_end = .
                0x0000a208                . = ALIGN (0x8)
                0x0000a208                _etext = .

.data           0x1fffe000      0x648 load address 0x0000a208
                0x1fffe000                __cs3_region_start_ram = .
 *(.cs3.region-head.ram)
                0x1fffe001                ASSERT ((. == __cs3_region_start_ram), .cs3.region-head.ram not permitted)
 *(.ramvectors)
 .ramvectors    0x1fffe000      0x100 .\CortexM3\ARM_GCC_441\Debug\Cm3Start.o
                0x1fffe000                CyRamVectors
 *(.jcr)
 .jcr           0x1fffe100        0x0 c:/program files (x86)/cypress/psoc creator/2.0/psoc creator/import/gnu_cs/arm/4.4.1/bin/../lib/gcc/arm-none-eabi/4.4.1/thumb2/crtbegin.o
 .jcr           0x1fffe100        0x4 c:/program files (x86)/cypress/psoc creator/2.0/psoc creator/import/gnu_cs/arm/4.4.1/bin/../lib/gcc/arm-none-eabi/4.4.1/thumb2/crtend.o
 *(.got.plt)
 *(.got)
 *(.shdata)
 *(.data .data.* .gnu.linkonce.d.*)
 .data          0x1fffe104        0x1 .\CortexM3\ARM_GCC_441\Debug\main.o
 *fill*         0x1fffe105        0x3 00
 .data          0x1fffe108       0x1c .\CortexM3\ARM_GCC_441\Debug\Piezo.o
 .data          0x1fffe124        0x8 .\CortexM3\ARM_GCC_441\Debug\Adc.o
 .data          0x1fffe12c       0x10 .\CortexM3\ARM_GCC_441\Debug\Skateboard Motherboard.a(CyLib.o)
                0x1fffe12c                cydelay_freq_hz
                0x1fffe130                cydelay_freq_khz
                0x1fffe134                cydelay_freq_mhz
                0x1fffe138                cydelay_32k_ms
 .data          0x1fffe13c       0xf4 c:/program files (x86)/cypress/psoc creator/2.0/psoc creator/import/gnu_cs/arm/4.4.1/bin/../lib/gcc/arm-none-eabi/4.4.1/../../../../arm-none-eabi/lib/thumb2\libc.a(lib_a-impure.o)
                0x1fffe13c                _impure_ptr
 .data          0x1fffe230      0x410 c:/program files (x86)/cypress/psoc creator/2.0/psoc creator/import/gnu_cs/arm/4.4.1/bin/../lib/gcc/arm-none-eabi/4.4.1/../../../../arm-none-eabi/lib/thumb2\libc.a(lib_a-mallocr.o)
                0x1fffe230                __malloc_av_
                0x1fffe638                __malloc_sbrk_base
                0x1fffe63c                __malloc_trim_threshold
 .data          0x1fffe640        0x4 c:/program files (x86)/cypress/psoc creator/2.0/psoc creator/import/gnu_cs/arm/4.4.1/bin/../lib/gcc/arm-none-eabi/4.4.1/../../../../arm-none-eabi/lib/thumb2\libcs3unhosted.a(unhosted-sbrk.o)
 .data          0x1fffe644        0x4 c:/program files (x86)/cypress/psoc creator/2.0/psoc creator/import/gnu_cs/arm/4.4.1/bin/../lib/gcc/arm-none-eabi/4.4.1/../../../../arm-none-eabi/lib/thumb2\libcs3.a(heap.o)
                0x1fffe644                __cs3_heap_limit
                0x1fffe648                . = ALIGN (0x8)
 *(.ram)
                0x1fffe648                _edata = .

.bss            0x1fffe648      0x368 load address 0x0000a850
 *(.shbss)
 *(.bss .bss.* .gnu.linkonce.b.*)
 .bss           0x1fffe648        0x1 c:/program files (x86)/cypress/psoc creator/2.0/psoc creator/import/gnu_cs/arm/4.4.1/bin/../lib/gcc/arm-none-eabi/4.4.1/thumb2/crtbegin.o
 *fill*         0x1fffe649        0x3 00
 .bss           0x1fffe64c       0x20 .\CortexM3\ARM_GCC_441\Debug\main.o
 .bss           0x1fffe66c       0x14 .\CortexM3\ARM_GCC_441\Debug\Piezo.o
                0x1fffe66d                _emitMotorSoundFlag
                0x1fffe66e                _alarmEnableFlag
                0x1fffe66f                _alarmActivatedSoundFlag
                0x1fffe670                _piezoBeepCount
 .bss           0x1fffe680       0x24 .\CortexM3\ARM_GCC_441\Debug\Lights.o
                0x1fffe680                _errorFlash
                0x1fffe684                ledPrevFlashCountArray
                0x1fffe69c                lightModeState
                0x1fffe69d                _highPowerLightsOn
 *fill*         0x1fffe6a4        0x4 00
 .bss           0x1fffe6a8       0x30 .\CortexM3\ARM_GCC_441\Debug\Motor.o
 .bss           0x1fffe6d8       0x78 .\CortexM3\ARM_GCC_441\Debug\Comms.o
 .bss           0x1fffe750       0x20 .\CortexM3\ARM_GCC_441\Debug\Adc.o
 .bss           0x1fffe770        0x8 .\CortexM3\ARM_GCC_441\Debug\Skateboard Motherboard.a(CyDmac.o)
 .bss           0x1fffe778        0x1 .\CortexM3\ARM_GCC_441\Debug\Skateboard Motherboard.a(PwmMotor.o)
                0x1fffe778                PwmMotor_initVar
 .bss           0x1fffe779        0x1 .\CortexM3\ARM_GCC_441\Debug\Skateboard Motherboard.a(PwmPiezo.o)
                0x1fffe779                PwmPiezo_initVar
 .bss           0x1fffe77a        0x8 .\CortexM3\ARM_GCC_441\Debug\Skateboard Motherboard.a(UartXbee.o)
                0x1fffe77a                UartXbee_txBufferRead
                0x1fffe77b                UartXbee_txBufferWrite
                0x1fffe77c                UartXbee_rxBufferRead
                0x1fffe77d                UartXbee_rxBufferWrite
                0x1fffe77e                UartXbee_rxBufferLoopDetect
                0x1fffe77f                UartXbee_rxBufferOverflow
                0x1fffe780                UartXbee_initVar
 .bss           0x1fffe782        0x1 .\CortexM3\ARM_GCC_441\Debug\Skateboard Motherboard.a(TimerMainTick.o)
                0x1fffe782                TimerMainTick_initVar
 .bss           0x1fffe783        0x8 .\CortexM3\ARM_GCC_441\Debug\Skateboard Motherboard.a(UartDebug.o)
                0x1fffe783                UartDebug_txBufferRead
                0x1fffe784                UartDebug_txBufferWrite
                0x1fffe785                UartDebug_rxBufferRead
                0x1fffe786                UartDebug_rxBufferWrite
                0x1fffe787                UartDebug_rxBufferLoopDetect
                0x1fffe788                UartDebug_rxBufferOverflow
                0x1fffe789                UartDebug_initVar
 .bss           0x1fffe78b        0x1 .\CortexM3\ARM_GCC_441\Debug\Skateboard Motherboard.a(AdcSar.o)
                0x1fffe78b                AdcSar_initVar
 *fill*         0x1fffe78c        0x4 00
 .bss           0x1fffe790        0x8 .\CortexM3\ARM_GCC_441\Debug\Skateboard Motherboard.a(cyfitter_cfg.o)
 .bss           0x1fffe798       0x34 c:/program files (x86)/cypress/psoc creator/2.0/psoc creator/import/gnu_cs/arm/4.4.1/bin/../lib/gcc/arm-none-eabi/4.4.1/../../../../arm-none-eabi/lib/thumb2\libc.a(lib_a-mallocr.o)
                0x1fffe798                __malloc_top_pad
                0x1fffe79c                __malloc_current_mallinfo
                0x1fffe7c4                __malloc_max_sbrked_mem
                0x1fffe7c8                __malloc_max_total_mem
 *(COMMON)
 COMMON         0x1fffe7cc       0xc8 .\CortexM3\ARM_GCC_441\Debug\main.o
                0x1fffe7cc                debugBuff
 *fill*         0x1fffe894        0x4 00
 COMMON         0x1fffe898       0x38 .\CortexM3\ARM_GCC_441\Debug\Lights.o
                0x1fffe898                ledModeArray
                0x1fffe8a0                ledFlashRateMsArray
 COMMON         0x1fffe8d0        0x1 .\CortexM3\ARM_GCC_441\Debug\Skateboard Motherboard.a(CyLib.o)
                0x1fffe8d0                CyResetStatus
 *fill*         0x1fffe8d1        0x3 00
 COMMON         0x1fffe8d4       0x66 .\CortexM3\ARM_GCC_441\Debug\Skateboard Motherboard.a(UartXbee.o)
                0x1fffe8d4                UartXbee_txBuffer
                0x1fffe908                UartXbee_rxBuffer
 *fill*         0x1fffe93a        0x2 00
 COMMON         0x1fffe93c       0x66 .\CortexM3\ARM_GCC_441\Debug\Skateboard Motherboard.a(UartDebug.o)
                0x1fffe93c                UartDebug_txBuffer
                0x1fffe970                UartDebug_rxBuffer
 COMMON         0x1fffe9a2        0x8 .\CortexM3\ARM_GCC_441\Debug\Skateboard Motherboard.a(AdcSar.o)
                0x1fffe9a2                AdcSar_countsPerVolt
                0x1fffe9a4                AdcSar_offset
                0x1fffe9a6                AdcSar_resolution
                0x1fffe9a8                AdcSar_shift
 *fill*         0x1fffe9aa        0x2 00
 COMMON         0x1fffe9ac        0x4 c:/program files (x86)/cypress/psoc creator/2.0/psoc creator/import/gnu_cs/arm/4.4.1/bin/../lib/gcc/arm-none-eabi/4.4.1/../../../../arm-none-eabi/lib/thumb2\libc.a(lib_a-reent.o)
                0x1fffe9ac                errno
                0x1fffe9b0                . = ALIGN (0x8)
 *(.ram.b)
                0x1fffe9b0                _end = .
                0x1fffe9b0                __end = .
                0x20000c00                __cs3_region_end_ram = (__cs3_region_start_ram + 0x2c00)
                0x00002c00                __cs3_region_size_ram = 0x2c00
                0x0000a208                __cs3_region_init_ram = LOADADDR (.data)
                0x00000648                __cs3_region_init_size_ram = (_edata - ADDR (.data))
                0x00000368                __cs3_region_zero_size_ram = (_end - _edata)

.stab
 *(.stab)

.stabstr
 *(.stabstr)

.debug
 *(.debug)

.line
 *(.line)

.debug_srcinfo
 *(.debug_srcinfo)

.debug_sfnames
 *(.debug_sfnames)

.comment        0x00000000      0x5e1
 .comment       0x00000000       0x2b .\CortexM3\ARM_GCC_441\Debug\main.o
 .comment       0x0000002b       0x2b .\CortexM3\ARM_GCC_441\Debug\Sleep.o
 .comment       0x00000056       0x2b .\CortexM3\ARM_GCC_441\Debug\Piezo.o
 .comment       0x00000081       0x2b .\CortexM3\ARM_GCC_441\Debug\Led.o
 .comment       0x000000ac       0x2b .\CortexM3\ARM_GCC_441\Debug\Lights.o
 .comment       0x000000d7       0x2b .\CortexM3\ARM_GCC_441\Debug\Motor.o
 .comment       0x00000102       0x2b .\CortexM3\ARM_GCC_441\Debug\Comms.o
 .comment       0x0000012d       0x2b .\CortexM3\ARM_GCC_441\Debug\Adc.o
 .comment       0x00000158       0x2b .\CortexM3\ARM_GCC_441\Debug\Cm3Start.o
 .comment       0x00000183       0x2b .\CortexM3\ARM_GCC_441\Debug\Skateboard Motherboard.a(CyDmac.o)
 .comment       0x000001ae       0x2b .\CortexM3\ARM_GCC_441\Debug\Skateboard Motherboard.a(CyLib.o)
 .comment       0x000001d9       0x2b .\CortexM3\ARM_GCC_441\Debug\Skateboard Motherboard.a(cyPm.o)
 .comment       0x00000204       0x2b .\CortexM3\ARM_GCC_441\Debug\Skateboard Motherboard.a(PwmMotor.o)
 .comment       0x0000022f       0x2b .\CortexM3\ARM_GCC_441\Debug\Skateboard Motherboard.a(PwmPiezo.o)
 .comment       0x0000025a       0x2b .\CortexM3\ARM_GCC_441\Debug\Skateboard Motherboard.a(PinLedGreen.o)
 .comment       0x00000285       0x2b .\CortexM3\ARM_GCC_441\Debug\Skateboard Motherboard.a(PinLedOrange.o)
 .comment       0x000002b0       0x2b .\CortexM3\ARM_GCC_441\Debug\Skateboard Motherboard.a(PinLedRed.o)
 .comment       0x000002db       0x2b .\CortexM3\ARM_GCC_441\Debug\Skateboard Motherboard.a(PinLightRear.o)
 .comment       0x00000306       0x2b .\CortexM3\ARM_GCC_441\Debug\Skateboard Motherboard.a(PinLightSkirting.o)
 .comment       0x00000331       0x2b .\CortexM3\ARM_GCC_441\Debug\Skateboard Motherboard.a(UartXbee.o)
 .comment       0x0000035c       0x2b .\CortexM3\ARM_GCC_441\Debug\Skateboard Motherboard.a(UartXbee_INT.o)
 .comment       0x00000387       0x2b .\CortexM3\ARM_GCC_441\Debug\Skateboard Motherboard.a(TimerMainTick.o)
 .comment       0x000003b2       0x2b .\CortexM3\ARM_GCC_441\Debug\Skateboard Motherboard.a(IsrMainTick.o)
 .comment       0x000003dd       0x2b .\CortexM3\ARM_GCC_441\Debug\Skateboard Motherboard.a(PinMotionSensor.o)
 .comment       0x00000408       0x2b .\CortexM3\ARM_GCC_441\Debug\Skateboard Motherboard.a(IsrMotionSensor.o)
 .comment       0x00000433       0x2b .\CortexM3\ARM_GCC_441\Debug\Skateboard Motherboard.a(UartDebug.o)
 .comment       0x0000045e       0x2b .\CortexM3\ARM_GCC_441\Debug\Skateboard Motherboard.a(UartDebug_INT.o)
 .comment       0x00000489       0x2b .\CortexM3\ARM_GCC_441\Debug\Skateboard Motherboard.a(PinLightFront.o)
 .comment       0x000004b4       0x2b .\CortexM3\ARM_GCC_441\Debug\Skateboard Motherboard.a(AdcSar.o)
 .comment       0x000004df       0x2b .\CortexM3\ARM_GCC_441\Debug\Skateboard Motherboard.a(AdcSar_INT.o)
 .comment       0x0000050a       0x2b .\CortexM3\ARM_GCC_441\Debug\Skateboard Motherboard.a(AdcSar_theACLK.o)
 .comment       0x00000535       0x2b .\CortexM3\ARM_GCC_441\Debug\Skateboard Motherboard.a(cyfitter_cfg.o)
 .comment       0x00000560       0x2b .\CortexM3\ARM_GCC_441\Debug\Skateboard Motherboard.a(CyFlash.o)
 .comment       0x0000058b       0x2b .\CortexM3\ARM_GCC_441\Debug\Skateboard Motherboard.a(CySpc.o)
 .comment       0x000005b6       0x2b .\CortexM3\ARM_GCC_441\Debug\Skateboard Motherboard.a(cyutils.o)

.debug_aranges  0x00000000      0xe70
 *(.debug_aranges)
 .debug_aranges
                0x00000000       0x50 .\CortexM3\ARM_GCC_441\Debug\main.o
 .debug_aranges
                0x00000050       0x40 .\CortexM3\ARM_GCC_441\Debug\Piezo.o
 .debug_aranges
                0x00000090       0x70 .\CortexM3\ARM_GCC_441\Debug\Lights.o
 .debug_aranges
                0x00000100       0x40 .\CortexM3\ARM_GCC_441\Debug\Motor.o
 .debug_aranges
                0x00000140       0x50 .\CortexM3\ARM_GCC_441\Debug\Comms.o
 .debug_aranges
                0x00000190       0x38 .\CortexM3\ARM_GCC_441\Debug\Adc.o
 .debug_aranges
                0x000001c8       0x30 .\CortexM3\ARM_GCC_441\Debug\Cm3Start.o
 .debug_aranges
                0x000001f8       0xd8 .\CortexM3\ARM_GCC_441\Debug\Skateboard Motherboard.a(CyDmac.o)
 .debug_aranges
                0x000002d0      0x1f0 .\CortexM3\ARM_GCC_441\Debug\Skateboard Motherboard.a(CyLib.o)
 .debug_aranges
                0x000004c0       0x80 .\CortexM3\ARM_GCC_441\Debug\Skateboard Motherboard.a(cyPm.o)
 .debug_aranges
                0x00000540       0x60 .\CortexM3\ARM_GCC_441\Debug\Skateboard Motherboard.a(PwmMotor.o)
 .debug_aranges
                0x000005a0       0x60 .\CortexM3\ARM_GCC_441\Debug\Skateboard Motherboard.a(PwmPiezo.o)
 .debug_aranges
                0x00000600       0x38 .\CortexM3\ARM_GCC_441\Debug\Skateboard Motherboard.a(PinLedGreen.o)
 .debug_aranges
                0x00000638       0x38 .\CortexM3\ARM_GCC_441\Debug\Skateboard Motherboard.a(PinLedOrange.o)
 .debug_aranges
                0x00000670       0x38 .\CortexM3\ARM_GCC_441\Debug\Skateboard Motherboard.a(PinLedRed.o)
 .debug_aranges
                0x000006a8       0x38 .\CortexM3\ARM_GCC_441\Debug\Skateboard Motherboard.a(PinLightRear.o)
 .debug_aranges
                0x000006e0       0x38 .\CortexM3\ARM_GCC_441\Debug\Skateboard Motherboard.a(PinLightSkirting.o)
 .debug_aranges
                0x00000718      0x110 .\CortexM3\ARM_GCC_441\Debug\Skateboard Motherboard.a(UartXbee.o)
 .debug_aranges
                0x00000828       0x28 .\CortexM3\ARM_GCC_441\Debug\Skateboard Motherboard.a(UartXbee_INT.o)
 .debug_aranges
                0x00000850       0x90 .\CortexM3\ARM_GCC_441\Debug\Skateboard Motherboard.a(TimerMainTick.o)
 .debug_aranges
                0x000008e0       0x80 .\CortexM3\ARM_GCC_441\Debug\Skateboard Motherboard.a(IsrMainTick.o)
 .debug_aranges
                0x00000960       0x40 .\CortexM3\ARM_GCC_441\Debug\Skateboard Motherboard.a(PinMotionSensor.o)
 .debug_aranges
                0x000009a0       0x80 .\CortexM3\ARM_GCC_441\Debug\Skateboard Motherboard.a(IsrMotionSensor.o)
 .debug_aranges
                0x00000a20      0x110 .\CortexM3\ARM_GCC_441\Debug\Skateboard Motherboard.a(UartDebug.o)
 .debug_aranges
                0x00000b30       0x28 .\CortexM3\ARM_GCC_441\Debug\Skateboard Motherboard.a(UartDebug_INT.o)
 .debug_aranges
                0x00000b58       0x38 .\CortexM3\ARM_GCC_441\Debug\Skateboard Motherboard.a(PinLightFront.o)
 .debug_aranges
                0x00000b90       0xb8 .\CortexM3\ARM_GCC_441\Debug\Skateboard Motherboard.a(AdcSar.o)
 .debug_aranges
                0x00000c48       0x20 .\CortexM3\ARM_GCC_441\Debug\Skateboard Motherboard.a(AdcSar_INT.o)
 .debug_aranges
                0x00000c68       0x78 .\CortexM3\ARM_GCC_441\Debug\Skateboard Motherboard.a(AdcSar_theACLK.o)
 .debug_aranges
                0x00000ce0       0x50 .\CortexM3\ARM_GCC_441\Debug\Skateboard Motherboard.a(cyfitter_cfg.o)
 .debug_aranges
                0x00000d30       0x20 .\CortexM3\ARM_GCC_441\Debug\Skateboard Motherboard.a(CyBootAsmGnu.o)
 .debug_aranges
                0x00000d50       0x70 .\CortexM3\ARM_GCC_441\Debug\Skateboard Motherboard.a(CyFlash.o)
 .debug_aranges
                0x00000dc0       0x90 .\CortexM3\ARM_GCC_441\Debug\Skateboard Motherboard.a(CySpc.o)
 .debug_aranges
                0x00000e50       0x20 .\CortexM3\ARM_GCC_441\Debug\Skateboard Motherboard.a(cyutils.o)

.debug_pubnames
                0x00000000     0x2763
 *(.debug_pubnames)
 .debug_pubnames
                0x00000000       0xcc .\CortexM3\ARM_GCC_441\Debug\main.o
 .debug_pubnames
                0x000000cc       0xee .\CortexM3\ARM_GCC_441\Debug\Piezo.o
 .debug_pubnames
                0x000001ba       0x20 .\CortexM3\ARM_GCC_441\Debug\Led.o
 .debug_pubnames
                0x000001da      0x1ab .\CortexM3\ARM_GCC_441\Debug\Lights.o
 .debug_pubnames
                0x00000385       0x95 .\CortexM3\ARM_GCC_441\Debug\Motor.o
 .debug_pubnames
                0x0000041a       0x9d .\CortexM3\ARM_GCC_441\Debug\Comms.o
 .debug_pubnames
                0x000004b7       0x77 .\CortexM3\ARM_GCC_441\Debug\Adc.o
 .debug_pubnames
                0x0000052e       0x57 .\CortexM3\ARM_GCC_441\Debug\Cm3Start.o
 .debug_pubnames
                0x00000585      0x218 .\CortexM3\ARM_GCC_441\Debug\Skateboard Motherboard.a(CyDmac.o)
 .debug_pubnames
                0x0000079d      0x545 .\CortexM3\ARM_GCC_441\Debug\Skateboard Motherboard.a(CyLib.o)
 .debug_pubnames
                0x00000ce2       0x7d .\CortexM3\ARM_GCC_441\Debug\Skateboard Motherboard.a(cyPm.o)
 .debug_pubnames
                0x00000d5f       0xef .\CortexM3\ARM_GCC_441\Debug\Skateboard Motherboard.a(PwmMotor.o)
 .debug_pubnames
                0x00000e4e       0xef .\CortexM3\ARM_GCC_441\Debug\Skateboard Motherboard.a(PwmPiezo.o)
 .debug_pubnames
                0x00000f3d       0x76 .\CortexM3\ARM_GCC_441\Debug\Skateboard Motherboard.a(PinLedGreen.o)
 .debug_pubnames
                0x00000fb3       0x7a .\CortexM3\ARM_GCC_441\Debug\Skateboard Motherboard.a(PinLedOrange.o)
 .debug_pubnames
                0x0000102d       0x6e .\CortexM3\ARM_GCC_441\Debug\Skateboard Motherboard.a(PinLedRed.o)
 .debug_pubnames
                0x0000109b       0x7a .\CortexM3\ARM_GCC_441\Debug\Skateboard Motherboard.a(PinLightRear.o)
 .debug_pubnames
                0x00001115       0x8a .\CortexM3\ARM_GCC_441\Debug\Skateboard Motherboard.a(PinLightSkirting.o)
 .debug_pubnames
                0x0000119f      0x40e .\CortexM3\ARM_GCC_441\Debug\Skateboard Motherboard.a(UartXbee.o)
 .debug_pubnames
                0x000015ad       0x38 .\CortexM3\ARM_GCC_441\Debug\Skateboard Motherboard.a(UartXbee_INT.o)
 .debug_pubnames
                0x000015e5      0x1f4 .\CortexM3\ARM_GCC_441\Debug\Skateboard Motherboard.a(TimerMainTick.o)
 .debug_pubnames
                0x000017d9      0x15b .\CortexM3\ARM_GCC_441\Debug\Skateboard Motherboard.a(IsrMainTick.o)
 .debug_pubnames
                0x00001934       0xa9 .\CortexM3\ARM_GCC_441\Debug\Skateboard Motherboard.a(PinMotionSensor.o)
 .debug_pubnames
                0x000019dd      0x18f .\CortexM3\ARM_GCC_441\Debug\Skateboard Motherboard.a(IsrMotionSensor.o)
 .debug_pubnames
                0x00001b6c      0x436 .\CortexM3\ARM_GCC_441\Debug\Skateboard Motherboard.a(UartDebug.o)
 .debug_pubnames
                0x00001fa2       0x3a .\CortexM3\ARM_GCC_441\Debug\Skateboard Motherboard.a(UartDebug_INT.o)
 .debug_pubnames
                0x00001fdc       0x7e .\CortexM3\ARM_GCC_441\Debug\Skateboard Motherboard.a(PinLightFront.o)
 .debug_pubnames
                0x0000205a      0x229 .\CortexM3\ARM_GCC_441\Debug\Skateboard Motherboard.a(AdcSar.o)
 .debug_pubnames
                0x00002283       0x21 .\CortexM3\ARM_GCC_441\Debug\Skateboard Motherboard.a(AdcSar_INT.o)
 .debug_pubnames
                0x000022a4      0x1ac .\CortexM3\ARM_GCC_441\Debug\Skateboard Motherboard.a(AdcSar_theACLK.o)
 .debug_pubnames
                0x00002450       0x38 .\CortexM3\ARM_GCC_441\Debug\Skateboard Motherboard.a(cyfitter_cfg.o)
 .debug_pubnames
                0x00002488      0x106 .\CortexM3\ARM_GCC_441\Debug\Skateboard Motherboard.a(CyFlash.o)
 .debug_pubnames
                0x0000258e      0x1b4 .\CortexM3\ARM_GCC_441\Debug\Skateboard Motherboard.a(CySpc.o)
 .debug_pubnames
                0x00002742       0x21 .\CortexM3\ARM_GCC_441\Debug\Skateboard Motherboard.a(cyutils.o)

.debug_info     0x00000000     0x658e
 *(.debug_info .gnu.linkonce.wi.*)
 .debug_info    0x00000000      0x314 .\CortexM3\ARM_GCC_441\Debug\main.o
 .debug_info    0x00000314       0x89 .\CortexM3\ARM_GCC_441\Debug\Sleep.o
 .debug_info    0x0000039d      0x329 .\CortexM3\ARM_GCC_441\Debug\Piezo.o
 .debug_info    0x000006c6       0xab .\CortexM3\ARM_GCC_441\Debug\Led.o
 .debug_info    0x00000771      0x3c6 .\CortexM3\ARM_GCC_441\Debug\Lights.o
 .debug_info    0x00000b37      0x2e6 .\CortexM3\ARM_GCC_441\Debug\Motor.o
 .debug_info    0x00000e1d      0x34b .\CortexM3\ARM_GCC_441\Debug\Comms.o
 .debug_info    0x00001168      0x245 .\CortexM3\ARM_GCC_441\Debug\Adc.o
 .debug_info    0x000013ad      0x129 .\CortexM3\ARM_GCC_441\Debug\Cm3Start.o
 .debug_info    0x000014d6      0x937 .\CortexM3\ARM_GCC_441\Debug\Skateboard Motherboard.a(CyDmac.o)
 .debug_info    0x00001e0d      0xc08 .\CortexM3\ARM_GCC_441\Debug\Skateboard Motherboard.a(CyLib.o)
 .debug_info    0x00002a15      0x50f .\CortexM3\ARM_GCC_441\Debug\Skateboard Motherboard.a(cyPm.o)
 .debug_info    0x00002f24      0x1c5 .\CortexM3\ARM_GCC_441\Debug\Skateboard Motherboard.a(PwmMotor.o)
 .debug_info    0x000030e9      0x1c5 .\CortexM3\ARM_GCC_441\Debug\Skateboard Motherboard.a(PwmPiezo.o)
 .debug_info    0x000032ae      0x112 .\CortexM3\ARM_GCC_441\Debug\Skateboard Motherboard.a(PinLedGreen.o)
 .debug_info    0x000033c0      0x112 .\CortexM3\ARM_GCC_441\Debug\Skateboard Motherboard.a(PinLedOrange.o)
 .debug_info    0x000034d2      0x112 .\CortexM3\ARM_GCC_441\Debug\Skateboard Motherboard.a(PinLedRed.o)
 .debug_info    0x000035e4      0x112 .\CortexM3\ARM_GCC_441\Debug\Skateboard Motherboard.a(PinLightRear.o)
 .debug_info    0x000036f6      0x112 .\CortexM3\ARM_GCC_441\Debug\Skateboard Motherboard.a(PinLightSkirting.o)
 .debug_info    0x00003808      0x622 .\CortexM3\ARM_GCC_441\Debug\Skateboard Motherboard.a(UartXbee.o)
 .debug_info    0x00003e2a      0x152 .\CortexM3\ARM_GCC_441\Debug\Skateboard Motherboard.a(UartXbee_INT.o)
 .debug_info    0x00003f7c      0x254 .\CortexM3\ARM_GCC_441\Debug\Skateboard Motherboard.a(TimerMainTick.o)
 .debug_info    0x000041d0      0x22e .\CortexM3\ARM_GCC_441\Debug\Skateboard Motherboard.a(IsrMainTick.o)
 .debug_info    0x000043fe      0x12b .\CortexM3\ARM_GCC_441\Debug\Skateboard Motherboard.a(PinMotionSensor.o)
 .debug_info    0x00004529      0x22e .\CortexM3\ARM_GCC_441\Debug\Skateboard Motherboard.a(IsrMotionSensor.o)
 .debug_info    0x00004757      0x622 .\CortexM3\ARM_GCC_441\Debug\Skateboard Motherboard.a(UartDebug.o)
 .debug_info    0x00004d79      0x152 .\CortexM3\ARM_GCC_441\Debug\Skateboard Motherboard.a(UartDebug_INT.o)
 .debug_info    0x00004ecb      0x112 .\CortexM3\ARM_GCC_441\Debug\Skateboard Motherboard.a(PinLightFront.o)
 .debug_info    0x00004fdd      0x498 .\CortexM3\ARM_GCC_441\Debug\Skateboard Motherboard.a(AdcSar.o)
 .debug_info    0x00005475       0x8c .\CortexM3\ARM_GCC_441\Debug\Skateboard Motherboard.a(AdcSar_INT.o)
 .debug_info    0x00005501      0x26d .\CortexM3\ARM_GCC_441\Debug\Skateboard Motherboard.a(AdcSar_theACLK.o)
 .debug_info    0x0000576e      0x45b .\CortexM3\ARM_GCC_441\Debug\Skateboard Motherboard.a(cyfitter_cfg.o)
 .debug_info    0x00005bc9       0xac .\CortexM3\ARM_GCC_441\Debug\Skateboard Motherboard.a(CyBootAsmGnu.o)
 .debug_info    0x00005c75      0x330 .\CortexM3\ARM_GCC_441\Debug\Skateboard Motherboard.a(CyFlash.o)
 .debug_info    0x00005fa5      0x51b .\CortexM3\ARM_GCC_441\Debug\Skateboard Motherboard.a(CySpc.o)
 .debug_info    0x000064c0       0xce .\CortexM3\ARM_GCC_441\Debug\Skateboard Motherboard.a(cyutils.o)

.debug_abbrev   0x00000000     0x1e52
 *(.debug_abbrev)
 .debug_abbrev  0x00000000      0x12a .\CortexM3\ARM_GCC_441\Debug\main.o
 .debug_abbrev  0x0000012a       0x4b .\CortexM3\ARM_GCC_441\Debug\Sleep.o
 .debug_abbrev  0x00000175       0xfd .\CortexM3\ARM_GCC_441\Debug\Piezo.o
 .debug_abbrev  0x00000272       0x6e .\CortexM3\ARM_GCC_441\Debug\Led.o
 .debug_abbrev  0x000002e0      0x124 .\CortexM3\ARM_GCC_441\Debug\Lights.o
 .debug_abbrev  0x00000404      0x105 .\CortexM3\ARM_GCC_441\Debug\Motor.o
 .debug_abbrev  0x00000509      0x13e .\CortexM3\ARM_GCC_441\Debug\Comms.o
 .debug_abbrev  0x00000647       0xe8 .\CortexM3\ARM_GCC_441\Debug\Adc.o
 .debug_abbrev  0x0000072f       0xf4 .\CortexM3\ARM_GCC_441\Debug\Cm3Start.o
 .debug_abbrev  0x00000823      0x18b .\CortexM3\ARM_GCC_441\Debug\Skateboard Motherboard.a(CyDmac.o)
 .debug_abbrev  0x000009ae      0x18b .\CortexM3\ARM_GCC_441\Debug\Skateboard Motherboard.a(CyLib.o)
 .debug_abbrev  0x00000b39      0x120 .\CortexM3\ARM_GCC_441\Debug\Skateboard Motherboard.a(cyPm.o)
 .debug_abbrev  0x00000c59       0xe0 .\CortexM3\ARM_GCC_441\Debug\Skateboard Motherboard.a(PwmMotor.o)
 .debug_abbrev  0x00000d39       0xe0 .\CortexM3\ARM_GCC_441\Debug\Skateboard Motherboard.a(PwmPiezo.o)
 .debug_abbrev  0x00000e19       0x85 .\CortexM3\ARM_GCC_441\Debug\Skateboard Motherboard.a(PinLedGreen.o)
 .debug_abbrev  0x00000e9e       0x85 .\CortexM3\ARM_GCC_441\Debug\Skateboard Motherboard.a(PinLedOrange.o)
 .debug_abbrev  0x00000f23       0x85 .\CortexM3\ARM_GCC_441\Debug\Skateboard Motherboard.a(PinLedRed.o)
 .debug_abbrev  0x00000fa8       0x85 .\CortexM3\ARM_GCC_441\Debug\Skateboard Motherboard.a(PinLightRear.o)
 .debug_abbrev  0x0000102d       0x85 .\CortexM3\ARM_GCC_441\Debug\Skateboard Motherboard.a(PinLightSkirting.o)
 .debug_abbrev  0x000010b2      0x133 .\CortexM3\ARM_GCC_441\Debug\Skateboard Motherboard.a(UartXbee.o)
 .debug_abbrev  0x000011e5       0xa3 .\CortexM3\ARM_GCC_441\Debug\Skateboard Motherboard.a(UartXbee_INT.o)
 .debug_abbrev  0x00001288       0xe0 .\CortexM3\ARM_GCC_441\Debug\Skateboard Motherboard.a(TimerMainTick.o)
 .debug_abbrev  0x00001368       0xee .\CortexM3\ARM_GCC_441\Debug\Skateboard Motherboard.a(IsrMainTick.o)
 .debug_abbrev  0x00001456       0x85 .\CortexM3\ARM_GCC_441\Debug\Skateboard Motherboard.a(PinMotionSensor.o)
 .debug_abbrev  0x000014db       0xee .\CortexM3\ARM_GCC_441\Debug\Skateboard Motherboard.a(IsrMotionSensor.o)
 .debug_abbrev  0x000015c9      0x133 .\CortexM3\ARM_GCC_441\Debug\Skateboard Motherboard.a(UartDebug.o)
 .debug_abbrev  0x000016fc       0xa3 .\CortexM3\ARM_GCC_441\Debug\Skateboard Motherboard.a(UartDebug_INT.o)
 .debug_abbrev  0x0000179f       0x85 .\CortexM3\ARM_GCC_441\Debug\Skateboard Motherboard.a(PinLightFront.o)
 .debug_abbrev  0x00001824      0x116 .\CortexM3\ARM_GCC_441\Debug\Skateboard Motherboard.a(AdcSar.o)
 .debug_abbrev  0x0000193a       0x41 .\CortexM3\ARM_GCC_441\Debug\Skateboard Motherboard.a(AdcSar_INT.o)
 .debug_abbrev  0x0000197b       0xcf .\CortexM3\ARM_GCC_441\Debug\Skateboard Motherboard.a(AdcSar_theACLK.o)
 .debug_abbrev  0x00001a4a      0x137 .\CortexM3\ARM_GCC_441\Debug\Skateboard Motherboard.a(cyfitter_cfg.o)
 .debug_abbrev  0x00001b81       0x14 .\CortexM3\ARM_GCC_441\Debug\Skateboard Motherboard.a(CyBootAsmGnu.o)
 .debug_abbrev  0x00001b95      0x12a .\CortexM3\ARM_GCC_441\Debug\Skateboard Motherboard.a(CyFlash.o)
 .debug_abbrev  0x00001cbf      0x124 .\CortexM3\ARM_GCC_441\Debug\Skateboard Motherboard.a(CySpc.o)
 .debug_abbrev  0x00001de3       0x6f .\CortexM3\ARM_GCC_441\Debug\Skateboard Motherboard.a(cyutils.o)

.debug_line     0x00000000     0x3613
 *(.debug_line)
 .debug_line    0x00000000      0x28a .\CortexM3\ARM_GCC_441\Debug\main.o
 .debug_line    0x0000028a       0x44 .\CortexM3\ARM_GCC_441\Debug\Sleep.o
 .debug_line    0x000002ce      0x215 .\CortexM3\ARM_GCC_441\Debug\Piezo.o
 .debug_line    0x000004e3       0x53 .\CortexM3\ARM_GCC_441\Debug\Led.o
 .debug_line    0x00000536      0x1a7 .\CortexM3\ARM_GCC_441\Debug\Lights.o
 .debug_line    0x000006dd      0x1cb .\CortexM3\ARM_GCC_441\Debug\Motor.o
 .debug_line    0x000008a8      0x1f3 .\CortexM3\ARM_GCC_441\Debug\Comms.o
 .debug_line    0x00000a9b      0x19f .\CortexM3\ARM_GCC_441\Debug\Adc.o
 .debug_line    0x00000c3a       0xb4 .\CortexM3\ARM_GCC_441\Debug\Cm3Start.o
 .debug_line    0x00000cee      0x2b0 .\CortexM3\ARM_GCC_441\Debug\Skateboard Motherboard.a(CyDmac.o)
 .debug_line    0x00000f9e      0x5b6 .\CortexM3\ARM_GCC_441\Debug\Skateboard Motherboard.a(CyLib.o)
 .debug_line    0x00001554      0x327 .\CortexM3\ARM_GCC_441\Debug\Skateboard Motherboard.a(cyPm.o)
 .debug_line    0x0000187b      0x127 .\CortexM3\ARM_GCC_441\Debug\Skateboard Motherboard.a(PwmMotor.o)
 .debug_line    0x000019a2      0x127 .\CortexM3\ARM_GCC_441\Debug\Skateboard Motherboard.a(PwmPiezo.o)
 .debug_line    0x00001ac9       0xb6 .\CortexM3\ARM_GCC_441\Debug\Skateboard Motherboard.a(PinLedGreen.o)
 .debug_line    0x00001b7f       0xb7 .\CortexM3\ARM_GCC_441\Debug\Skateboard Motherboard.a(PinLedOrange.o)
 .debug_line    0x00001c36       0xb4 .\CortexM3\ARM_GCC_441\Debug\Skateboard Motherboard.a(PinLedRed.o)
 .debug_line    0x00001cea       0xb7 .\CortexM3\ARM_GCC_441\Debug\Skateboard Motherboard.a(PinLightRear.o)
 .debug_line    0x00001da1       0xbb .\CortexM3\ARM_GCC_441\Debug\Skateboard Motherboard.a(PinLightSkirting.o)
 .debug_line    0x00001e5c      0x357 .\CortexM3\ARM_GCC_441\Debug\Skateboard Motherboard.a(UartXbee.o)
 .debug_line    0x000021b3       0xba .\CortexM3\ARM_GCC_441\Debug\Skateboard Motherboard.a(UartXbee_INT.o)
 .debug_line    0x0000226d      0x194 .\CortexM3\ARM_GCC_441\Debug\Skateboard Motherboard.a(TimerMainTick.o)
 .debug_line    0x00002401      0x15f .\CortexM3\ARM_GCC_441\Debug\Skateboard Motherboard.a(IsrMainTick.o)
 .debug_line    0x00002560       0xcc .\CortexM3\ARM_GCC_441\Debug\Skateboard Motherboard.a(PinMotionSensor.o)
 .debug_line    0x0000262c      0x163 .\CortexM3\ARM_GCC_441\Debug\Skateboard Motherboard.a(IsrMotionSensor.o)
 .debug_line    0x0000278f      0x358 .\CortexM3\ARM_GCC_441\Debug\Skateboard Motherboard.a(UartDebug.o)
 .debug_line    0x00002ae7       0xbb .\CortexM3\ARM_GCC_441\Debug\Skateboard Motherboard.a(UartDebug_INT.o)
 .debug_line    0x00002ba2       0xb8 .\CortexM3\ARM_GCC_441\Debug\Skateboard Motherboard.a(PinLightFront.o)
 .debug_line    0x00002c5a      0x22d .\CortexM3\ARM_GCC_441\Debug\Skateboard Motherboard.a(AdcSar.o)
 .debug_line    0x00002e87       0x58 .\CortexM3\ARM_GCC_441\Debug\Skateboard Motherboard.a(AdcSar_INT.o)
 .debug_line    0x00002edf      0x183 .\CortexM3\ARM_GCC_441\Debug\Skateboard Motherboard.a(AdcSar_theACLK.o)
 .debug_line    0x00003062      0x16e .\CortexM3\ARM_GCC_441\Debug\Skateboard Motherboard.a(cyfitter_cfg.o)
 .debug_line    0x000031d0       0x67 .\CortexM3\ARM_GCC_441\Debug\Skateboard Motherboard.a(CyBootAsmGnu.o)
 .debug_line    0x00003237      0x173 .\CortexM3\ARM_GCC_441\Debug\Skateboard Motherboard.a(CyFlash.o)
 .debug_line    0x000033aa      0x1e9 .\CortexM3\ARM_GCC_441\Debug\Skateboard Motherboard.a(CySpc.o)
 .debug_line    0x00003593       0x80 .\CortexM3\ARM_GCC_441\Debug\Skateboard Motherboard.a(cyutils.o)

.debug_frame    0x00000000     0x3390
 *(.debug_frame)
 .debug_frame   0x00000000       0xe0 .\CortexM3\ARM_GCC_441\Debug\main.o
 .debug_frame   0x000000e0       0x9c .\CortexM3\ARM_GCC_441\Debug\Piezo.o
 .debug_frame   0x0000017c      0x15c .\CortexM3\ARM_GCC_441\Debug\Lights.o
 .debug_frame   0x000002d8       0xb4 .\CortexM3\ARM_GCC_441\Debug\Motor.o
 .debug_frame   0x0000038c       0xe4 .\CortexM3\ARM_GCC_441\Debug\Comms.o
 .debug_frame   0x00000470       0x84 .\CortexM3\ARM_GCC_441\Debug\Adc.o
 .debug_frame   0x000004f4       0x5c .\CortexM3\ARM_GCC_441\Debug\Cm3Start.o
 .debug_frame   0x00000550      0x2c0 .\CortexM3\ARM_GCC_441\Debug\Skateboard Motherboard.a(CyDmac.o)
 .debug_frame   0x00000810      0x6e4 .\CortexM3\ARM_GCC_441\Debug\Skateboard Motherboard.a(CyLib.o)
 .debug_frame   0x00000ef4      0x18c .\CortexM3\ARM_GCC_441\Debug\Skateboard Motherboard.a(cyPm.o)
 .debug_frame   0x00001080      0x110 .\CortexM3\ARM_GCC_441\Debug\Skateboard Motherboard.a(PwmMotor.o)
 .debug_frame   0x00001190      0x110 .\CortexM3\ARM_GCC_441\Debug\Skateboard Motherboard.a(PwmPiezo.o)
 .debug_frame   0x000012a0       0x80 .\CortexM3\ARM_GCC_441\Debug\Skateboard Motherboard.a(PinLedGreen.o)
 .debug_frame   0x00001320       0x80 .\CortexM3\ARM_GCC_441\Debug\Skateboard Motherboard.a(PinLedOrange.o)
 .debug_frame   0x000013a0       0x80 .\CortexM3\ARM_GCC_441\Debug\Skateboard Motherboard.a(PinLedRed.o)
 .debug_frame   0x00001420       0x80 .\CortexM3\ARM_GCC_441\Debug\Skateboard Motherboard.a(PinLightRear.o)
 .debug_frame   0x000014a0       0x80 .\CortexM3\ARM_GCC_441\Debug\Skateboard Motherboard.a(PinLightSkirting.o)
 .debug_frame   0x00001520      0x3b4 .\CortexM3\ARM_GCC_441\Debug\Skateboard Motherboard.a(UartXbee.o)
 .debug_frame   0x000018d4       0x48 .\CortexM3\ARM_GCC_441\Debug\Skateboard Motherboard.a(UartXbee_INT.o)
 .debug_frame   0x0000191c      0x1b8 .\CortexM3\ARM_GCC_441\Debug\Skateboard Motherboard.a(TimerMainTick.o)
 .debug_frame   0x00001ad4      0x180 .\CortexM3\ARM_GCC_441\Debug\Skateboard Motherboard.a(IsrMainTick.o)
 .debug_frame   0x00001c54       0x9c .\CortexM3\ARM_GCC_441\Debug\Skateboard Motherboard.a(PinMotionSensor.o)
 .debug_frame   0x00001cf0      0x180 .\CortexM3\ARM_GCC_441\Debug\Skateboard Motherboard.a(IsrMotionSensor.o)
 .debug_frame   0x00001e70      0x3b4 .\CortexM3\ARM_GCC_441\Debug\Skateboard Motherboard.a(UartDebug.o)
 .debug_frame   0x00002224       0x48 .\CortexM3\ARM_GCC_441\Debug\Skateboard Motherboard.a(UartDebug_INT.o)
 .debug_frame   0x0000226c       0x80 .\CortexM3\ARM_GCC_441\Debug\Skateboard Motherboard.a(PinLightFront.o)
 .debug_frame   0x000022ec      0x258 .\CortexM3\ARM_GCC_441\Debug\Skateboard Motherboard.a(AdcSar.o)
 .debug_frame   0x00002544       0x2c .\CortexM3\ARM_GCC_441\Debug\Skateboard Motherboard.a(AdcSar_INT.o)
 .debug_frame   0x00002570      0x168 .\CortexM3\ARM_GCC_441\Debug\Skateboard Motherboard.a(AdcSar_theACLK.o)
 .debug_frame   0x000026d8       0xd8 .\CortexM3\ARM_GCC_441\Debug\Skateboard Motherboard.a(cyfitter_cfg.o)
 .debug_frame   0x000027b0      0x15c .\CortexM3\ARM_GCC_441\Debug\Skateboard Motherboard.a(CyFlash.o)
 .debug_frame   0x0000290c      0x1bc .\CortexM3\ARM_GCC_441\Debug\Skateboard Motherboard.a(CySpc.o)
 .debug_frame   0x00002ac8       0x2c .\CortexM3\ARM_GCC_441\Debug\Skateboard Motherboard.a(cyutils.o)
 .debug_frame   0x00002af4       0x34 c:/program files (x86)/cypress/psoc creator/2.0/psoc creator/import/gnu_cs/arm/4.4.1/bin/../lib/gcc/arm-none-eabi/4.4.1/../../../../arm-none-eabi/lib/thumb2\libc.a(lib_a-memcpy.o)
 .debug_frame   0x00002b28       0x28 c:/program files (x86)/cypress/psoc creator/2.0/psoc creator/import/gnu_cs/arm/4.4.1/bin/../lib/gcc/arm-none-eabi/4.4.1/../../../../arm-none-eabi/lib/thumb2\libc.a(lib_a-memset.o)
 .debug_frame   0x00002b50       0x64 c:/program files (x86)/cypress/psoc creator/2.0/psoc creator/import/gnu_cs/arm/4.4.1/bin/../lib/gcc/arm-none-eabi/4.4.1/../../../../arm-none-eabi/lib/thumb2\libc.a(lib_a-snprintf.o)
 .debug_frame   0x00002bb4       0x68 c:/program files (x86)/cypress/psoc creator/2.0/psoc creator/import/gnu_cs/arm/4.4.1/bin/../lib/gcc/arm-none-eabi/4.4.1/../../../../arm-none-eabi/lib/thumb2\libc.a(lib_a-svfprintf.o)
 .debug_frame   0x00002c1c       0x64 c:/program files (x86)/cypress/psoc creator/2.0/psoc creator/import/gnu_cs/arm/4.4.1/bin/../lib/gcc/arm-none-eabi/4.4.1/../../../../arm-none-eabi/lib/thumb2\libc.a(lib_a-dtoa.o)
 .debug_frame   0x00002c80       0x50 c:/program files (x86)/cypress/psoc creator/2.0/psoc creator/import/gnu_cs/arm/4.4.1/bin/../lib/gcc/arm-none-eabi/4.4.1/../../../../arm-none-eabi/lib/thumb2\libc.a(lib_a-freer.o)
 .debug_frame   0x00002cd0       0x6c c:/program files (x86)/cypress/psoc creator/2.0/psoc creator/import/gnu_cs/arm/4.4.1/bin/../lib/gcc/arm-none-eabi/4.4.1/../../../../arm-none-eabi/lib/thumb2\libc.a(lib_a-locale.o)
 .debug_frame   0x00002d3c       0x30 c:/program files (x86)/cypress/psoc creator/2.0/psoc creator/import/gnu_cs/arm/4.4.1/bin/../lib/gcc/arm-none-eabi/4.4.1/../../../../arm-none-eabi/lib/thumb2\libc.a(lib_a-malloc.o)
 .debug_frame   0x00002d6c       0x3c c:/program files (x86)/cypress/psoc creator/2.0/psoc creator/import/gnu_cs/arm/4.4.1/bin/../lib/gcc/arm-none-eabi/4.4.1/../../../../arm-none-eabi/lib/thumb2\libc.a(lib_a-mallocr.o)
 .debug_frame   0x00002da8       0x28 c:/program files (x86)/cypress/psoc creator/2.0/psoc creator/import/gnu_cs/arm/4.4.1/bin/../lib/gcc/arm-none-eabi/4.4.1/../../../../arm-none-eabi/lib/thumb2\libc.a(lib_a-memchr.o)
 .debug_frame   0x00002dd0       0x2c c:/program files (x86)/cypress/psoc creator/2.0/psoc creator/import/gnu_cs/arm/4.4.1/bin/../lib/gcc/arm-none-eabi/4.4.1/../../../../arm-none-eabi/lib/thumb2\libc.a(lib_a-memmove.o)
 .debug_frame   0x00002dfc       0x30 c:/program files (x86)/cypress/psoc creator/2.0/psoc creator/import/gnu_cs/arm/4.4.1/bin/../lib/gcc/arm-none-eabi/4.4.1/../../../../arm-none-eabi/lib/thumb2\libc.a(lib_a-mlock.o)
 .debug_frame   0x00002e2c      0x240 c:/program files (x86)/cypress/psoc creator/2.0/psoc creator/import/gnu_cs/arm/4.4.1/bin/../lib/gcc/arm-none-eabi/4.4.1/../../../../arm-none-eabi/lib/thumb2\libc.a(lib_a-mprec.o)
 .debug_frame   0x0000306c       0x3c c:/program files (x86)/cypress/psoc creator/2.0/psoc creator/import/gnu_cs/arm/4.4.1/bin/../lib/gcc/arm-none-eabi/4.4.1/../../../../arm-none-eabi/lib/thumb2\libc.a(lib_a-reallocr.o)
 .debug_frame   0x000030a8       0x20 c:/program files (x86)/cypress/psoc creator/2.0/psoc creator/import/gnu_cs/arm/4.4.1/bin/../lib/gcc/arm-none-eabi/4.4.1/../../../../arm-none-eabi/lib/thumb2\libc.a(lib_a-s_isinfd.o)
 .debug_frame   0x000030c8       0x20 c:/program files (x86)/cypress/psoc creator/2.0/psoc creator/import/gnu_cs/arm/4.4.1/bin/../lib/gcc/arm-none-eabi/4.4.1/../../../../arm-none-eabi/lib/thumb2\libc.a(lib_a-s_isnand.o)
 .debug_frame   0x000030e8       0x2c c:/program files (x86)/cypress/psoc creator/2.0/psoc creator/import/gnu_cs/arm/4.4.1/bin/../lib/gcc/arm-none-eabi/4.4.1/../../../../arm-none-eabi/lib/thumb2\libc.a(lib_a-sbrkr.o)
 .debug_frame   0x00003114       0x30 c:/program files (x86)/cypress/psoc creator/2.0/psoc creator/import/gnu_cs/arm/4.4.1/bin/../lib/gcc/arm-none-eabi/4.4.1/../../../../arm-none-eabi/lib/thumb2\libc.a(lib_a-strcmp.o)
 .debug_frame   0x00003144       0x20 c:/program files (x86)/cypress/psoc creator/2.0/psoc creator/import/gnu_cs/arm/4.4.1/bin/../lib/gcc/arm-none-eabi/4.4.1/../../../../arm-none-eabi/lib/thumb2\libc.a(lib_a-strlen.o)
 .debug_frame   0x00003164       0x2c c:/program files (x86)/cypress/psoc creator/2.0/psoc creator/import/gnu_cs/arm/4.4.1/bin/../lib/gcc/arm-none-eabi/4.4.1/../../../../arm-none-eabi/lib/thumb2\libc.a(lib_a-callocr.o)
 .debug_frame   0x00003190       0x64 c:/program files (x86)/cypress/psoc creator/2.0/psoc creator/import/gnu_cs/arm/4.4.1/bin/../lib/gcc/arm-none-eabi/4.4.1/../../../../arm-none-eabi/lib/thumb2\libc.a(lib_a-reent.o)
 .debug_frame   0x000031f4       0x20 c:/program files (x86)/cypress/psoc creator/2.0/psoc creator/import/gnu_cs/arm/4.4.1/bin/../lib/gcc/arm-none-eabi/4.4.1/thumb2\libgcc.a(_udivsi3.o)
 .debug_frame   0x00003214       0x50 c:/program files (x86)/cypress/psoc creator/2.0/psoc creator/import/gnu_cs/arm/4.4.1/bin/../lib/gcc/arm-none-eabi/4.4.1/thumb2\libgcc.a(bpabi.o)
 .debug_frame   0x00003264       0x3c c:/program files (x86)/cypress/psoc creator/2.0/psoc creator/import/gnu_cs/arm/4.4.1/bin/../lib/gcc/arm-none-eabi/4.4.1/thumb2\libgcc.a(_divdi3.o)
 .debug_frame   0x000032a0       0x3c c:/program files (x86)/cypress/psoc creator/2.0/psoc creator/import/gnu_cs/arm/4.4.1/bin/../lib/gcc/arm-none-eabi/4.4.1/thumb2\libgcc.a(_udivdi3.o)
 .debug_frame   0x000032dc       0x40 c:/program files (x86)/cypress/psoc creator/2.0/psoc creator/import/gnu_cs/arm/4.4.1/bin/../lib/gcc/arm-none-eabi/4.4.1/../../../../arm-none-eabi/lib/thumb2\libcs3.a(start_c.o)
 .debug_frame   0x0000331c       0x28 c:/program files (x86)/cypress/psoc creator/2.0/psoc creator/import/gnu_cs/arm/4.4.1/bin/../lib/gcc/arm-none-eabi/4.4.1/../../../../arm-none-eabi/lib/thumb2\libcs3unhosted.a(unhosted-sbrk.o)
 .debug_frame   0x00003344       0x20 c:/program files (x86)/cypress/psoc creator/2.0/psoc creator/import/gnu_cs/arm/4.4.1/bin/../lib/gcc/arm-none-eabi/4.4.1/../../../../arm-none-eabi/lib/thumb2\libc.a(lib_a-errno.o)
 .debug_frame   0x00003364       0x2c c:/program files (x86)/cypress/psoc creator/2.0/psoc creator/import/gnu_cs/arm/4.4.1/bin/../lib/gcc/arm-none-eabi/4.4.1/../../../../arm-none-eabi/lib/thumb2\libc.a(lib_a-init.o)

.debug_str      0x00000000     0x348d
 *(.debug_str)
 .debug_str     0x00000000      0x2c6 .\CortexM3\ARM_GCC_441\Debug\main.o
                                0x304 (size before relaxing)
 .debug_str     0x000002c6       0x65 .\CortexM3\ARM_GCC_441\Debug\Sleep.o
                                0x107 (size before relaxing)
 .debug_str     0x0000032b      0x2a8 .\CortexM3\ARM_GCC_441\Debug\Piezo.o
                                0x3fa (size before relaxing)
 .debug_str     0x000005d3        0x8 .\CortexM3\ARM_GCC_441\Debug\Led.o
                                0x113 (size before relaxing)
 .debug_str     0x000005db      0x1dc .\CortexM3\ARM_GCC_441\Debug\Lights.o
                                0x34d (size before relaxing)
 .debug_str     0x000007b7      0x1ca .\CortexM3\ARM_GCC_441\Debug\Motor.o
                                0x308 (size before relaxing)
 .debug_str     0x00000981      0x1f7 .\CortexM3\ARM_GCC_441\Debug\Comms.o